[2025-12-07T16:06:02.473+0000] {local_task_job_runner.py:123} INFO - ::group::Pre task execution logs
[2025-12-07T16:06:02.499+0000] {taskinstance.py:2631} INFO - Dependencies all met for dep_context=non-requeueable deps ti=<TaskInstance: init_minio_buckets.create_bucket_silver manual__2025-12-07T16:06:00.542691+00:00 [queued]>
[2025-12-07T16:06:02.509+0000] {taskinstance.py:2631} INFO - Dependencies all met for dep_context=requeueable deps ti=<TaskInstance: init_minio_buckets.create_bucket_silver manual__2025-12-07T16:06:00.542691+00:00 [queued]>
[2025-12-07T16:06:02.510+0000] {taskinstance.py:2884} INFO - Starting attempt 1 of 3
[2025-12-07T16:06:02.523+0000] {taskinstance.py:2907} INFO - Executing <Task(BashOperator): create_bucket_silver> on 2025-12-07 16:06:00.542691+00:00
[2025-12-07T16:06:02.533+0000] {logging_mixin.py:190} WARNING - /home/airflow/.local/lib/python3.12/site-packages/airflow/task/task_runner/standard_task_runner.py:70 DeprecationWarning: This process (pid=251) is multi-threaded, use of fork() may lead to deadlocks in the child.
[2025-12-07T16:06:02.536+0000] {standard_task_runner.py:72} INFO - Started process 255 to run task
[2025-12-07T16:06:02.534+0000] {standard_task_runner.py:104} INFO - Running: ['airflow', 'tasks', 'run', 'init_minio_buckets', 'create_bucket_silver', 'manual__2025-12-07T16:06:00.542691+00:00', '--job-id', '4', '--raw', '--subdir', 'DAGS_FOLDER/pipeline.py', '--cfg-path', '/tmp/tmpwnqpkrbi']
[2025-12-07T16:06:02.537+0000] {standard_task_runner.py:105} INFO - Job 4: Subtask create_bucket_silver
[2025-12-07T16:06:02.610+0000] {task_command.py:467} INFO - Running <TaskInstance: init_minio_buckets.create_bucket_silver manual__2025-12-07T16:06:00.542691+00:00 [running]> on host cdc234b10087
[2025-12-07T16:06:02.696+0000] {taskinstance.py:3157} INFO - Exporting env vars: AIRFLOW_CTX_DAG_OWNER='airflow' AIRFLOW_CTX_DAG_ID='init_minio_buckets' AIRFLOW_CTX_TASK_ID='create_bucket_silver' AIRFLOW_CTX_EXECUTION_DATE='2025-12-07T16:06:00.542691+00:00' AIRFLOW_CTX_TRY_NUMBER='1' AIRFLOW_CTX_DAG_RUN_ID='manual__2025-12-07T16:06:00.542691+00:00'
[2025-12-07T16:06:02.697+0000] {taskinstance.py:740} INFO - ::endgroup::
[2025-12-07T16:06:02.711+0000] {subprocess.py:78} INFO - Tmp dir root location: /tmp
[2025-12-07T16:06:02.713+0000] {subprocess.py:88} INFO - Running command: ['/usr/bin/bash', '-c', 'docker exec minio-mc mc mb local/silver || true']
[2025-12-07T16:06:02.728+0000] {subprocess.py:99} INFO - Output:
[2025-12-07T16:06:02.915+0000] {subprocess.py:106} INFO - Bucket created successfully `local/silver`.
[2025-12-07T16:06:02.929+0000] {subprocess.py:110} INFO - Command exited with return code 0
[2025-12-07T16:06:02.960+0000] {taskinstance.py:349} INFO - ::group::Post task execution logs
[2025-12-07T16:06:02.961+0000] {taskinstance.py:361} INFO - Marking task as SUCCESS. dag_id=init_minio_buckets, task_id=create_bucket_silver, run_id=manual__2025-12-07T16:06:00.542691+00:00, execution_date=20251207T160600, start_date=20251207T160602, end_date=20251207T160602
[2025-12-07T16:06:03.032+0000] {local_task_job_runner.py:266} INFO - Task exited with return code 0
[2025-12-07T16:06:03.044+0000] {local_task_job_runner.py:245} INFO - ::endgroup::
