[2025-12-07T16:10:33.611+0000] {local_task_job_runner.py:123} INFO - ::group::Pre task execution logs
[2025-12-07T16:10:33.639+0000] {taskinstance.py:2631} INFO - Dependencies all met for dep_context=non-requeueable deps ti=<TaskInstance: init_minio_buckets.create_minio_connector manual__2025-12-07T16:10:27.731199+00:00 [queued]>
[2025-12-07T16:10:33.649+0000] {taskinstance.py:2631} INFO - Dependencies all met for dep_context=requeueable deps ti=<TaskInstance: init_minio_buckets.create_minio_connector manual__2025-12-07T16:10:27.731199+00:00 [queued]>
[2025-12-07T16:10:33.649+0000] {taskinstance.py:2884} INFO - Starting attempt 1 of 3
[2025-12-07T16:10:33.662+0000] {taskinstance.py:2907} INFO - Executing <Task(BashOperator): create_minio_connector> on 2025-12-07 16:10:27.731199+00:00
[2025-12-07T16:10:33.673+0000] {logging_mixin.py:190} WARNING - /home/airflow/.local/lib/python3.12/site-packages/airflow/task/task_runner/standard_task_runner.py:70 DeprecationWarning: This process (pid=483) is multi-threaded, use of fork() may lead to deadlocks in the child.
[2025-12-07T16:10:33.674+0000] {standard_task_runner.py:72} INFO - Started process 484 to run task
[2025-12-07T16:10:33.673+0000] {standard_task_runner.py:104} INFO - Running: ['airflow', 'tasks', 'run', 'init_minio_buckets', 'create_minio_connector', 'manual__2025-12-07T16:10:27.731199+00:00', '--job-id', '16', '--raw', '--subdir', 'DAGS_FOLDER/pipeline.py', '--cfg-path', '/tmp/tmp7h0etofx']
[2025-12-07T16:10:33.676+0000] {standard_task_runner.py:105} INFO - Job 16: Subtask create_minio_connector
[2025-12-07T16:10:33.770+0000] {task_command.py:467} INFO - Running <TaskInstance: init_minio_buckets.create_minio_connector manual__2025-12-07T16:10:27.731199+00:00 [running]> on host cdc234b10087
[2025-12-07T16:10:33.861+0000] {taskinstance.py:3157} INFO - Exporting env vars: AIRFLOW_CTX_DAG_OWNER='airflow' AIRFLOW_CTX_DAG_ID='init_minio_buckets' AIRFLOW_CTX_TASK_ID='create_minio_connector' AIRFLOW_CTX_EXECUTION_DATE='2025-12-07T16:10:27.731199+00:00' AIRFLOW_CTX_TRY_NUMBER='1' AIRFLOW_CTX_DAG_RUN_ID='manual__2025-12-07T16:10:27.731199+00:00'
[2025-12-07T16:10:33.862+0000] {taskinstance.py:740} INFO - ::endgroup::
[2025-12-07T16:10:33.875+0000] {subprocess.py:78} INFO - Tmp dir root location: /tmp
[2025-12-07T16:10:33.877+0000] {subprocess.py:88} INFO - Running command: ['/usr/bin/bash', '-c', '\n            curl -X POST http://connect:8083/connectors             -H "Content-Type: application/json"             -d @/opt/debezium_config/connector-minio.json\n        ']
[2025-12-07T16:10:33.891+0000] {subprocess.py:99} INFO - Output:
[2025-12-07T16:10:33.903+0000] {subprocess.py:106} INFO - Warning: Couldn't read data from file
[2025-12-07T16:10:33.904+0000] {subprocess.py:106} INFO - Warning: "/opt/debezium_config/connector-minio.json", this makes an empty
[2025-12-07T16:10:33.904+0000] {subprocess.py:106} INFO - Warning: POST.
[2025-12-07T16:10:33.905+0000] {subprocess.py:106} INFO -   % Total    % Received % Xferd  Average Speed   Time    Time     Time  Current
[2025-12-07T16:10:33.905+0000] {subprocess.py:106} INFO -                                  Dload  Upload   Total   Spent    Left  Speed
[2025-12-07T16:10:33.914+0000] {subprocess.py:106} INFO -   0     0    0     0    0     0      0      0 --:--:-- --:--:-- --:--:--     0100    33  100    33    0     0   2910      0 --:--:-- --:--:-- --:--:--  3000
[2025-12-07T16:10:33.917+0000] {subprocess.py:106} INFO - {"error_code":500,"message":null}
[2025-12-07T16:10:33.918+0000] {subprocess.py:110} INFO - Command exited with return code 0
[2025-12-07T16:10:33.948+0000] {taskinstance.py:349} INFO - ::group::Post task execution logs
[2025-12-07T16:10:33.948+0000] {taskinstance.py:361} INFO - Marking task as SUCCESS. dag_id=init_minio_buckets, task_id=create_minio_connector, run_id=manual__2025-12-07T16:10:27.731199+00:00, execution_date=20251207T161027, start_date=20251207T161033, end_date=20251207T161033
[2025-12-07T16:10:34.010+0000] {local_task_job_runner.py:266} INFO - Task exited with return code 0
[2025-12-07T16:10:34.030+0000] {taskinstance.py:3924} INFO - 0 downstream tasks scheduled from follow-on schedule check
[2025-12-07T16:10:34.032+0000] {local_task_job_runner.py:245} INFO - ::endgroup::
