[2025-12-07T15:58:35.303+0000] {local_task_job_runner.py:123} INFO - ::group::Pre task execution logs
[2025-12-07T15:58:35.326+0000] {taskinstance.py:2631} INFO - Dependencies all met for dep_context=non-requeueable deps ti=<TaskInstance: init_minio_buckets.init_minio_alias manual__2025-12-07T15:58:11.923572+00:00 [queued]>
[2025-12-07T15:58:35.335+0000] {taskinstance.py:2631} INFO - Dependencies all met for dep_context=requeueable deps ti=<TaskInstance: init_minio_buckets.init_minio_alias manual__2025-12-07T15:58:11.923572+00:00 [queued]>
[2025-12-07T15:58:35.336+0000] {taskinstance.py:2884} INFO - Starting attempt 3 of 3
[2025-12-07T15:58:35.348+0000] {taskinstance.py:2907} INFO - Executing <Task(BashOperator): init_minio_alias> on 2025-12-07 15:58:11.923572+00:00
[2025-12-07T15:58:35.359+0000] {logging_mixin.py:190} WARNING - /home/airflow/.local/lib/python3.12/site-packages/airflow/task/task_runner/standard_task_runner.py:70 DeprecationWarning: This process (pid=269) is multi-threaded, use of fork() may lead to deadlocks in the child.
[2025-12-07T15:58:35.362+0000] {standard_task_runner.py:72} INFO - Started process 270 to run task
[2025-12-07T15:58:35.359+0000] {standard_task_runner.py:104} INFO - Running: ['airflow', 'tasks', 'run', 'init_minio_buckets', 'init_minio_alias', 'manual__2025-12-07T15:58:11.923572+00:00', '--job-id', '4', '--raw', '--subdir', 'DAGS_FOLDER/pipeline.py', '--cfg-path', '/tmp/tmp1vyv36ur']
[2025-12-07T15:58:35.363+0000] {standard_task_runner.py:105} INFO - Job 4: Subtask init_minio_alias
[2025-12-07T15:58:35.438+0000] {task_command.py:467} INFO - Running <TaskInstance: init_minio_buckets.init_minio_alias manual__2025-12-07T15:58:11.923572+00:00 [running]> on host b0110f67ba33
[2025-12-07T15:58:35.518+0000] {taskinstance.py:3157} INFO - Exporting env vars: AIRFLOW_CTX_DAG_OWNER='airflow' AIRFLOW_CTX_DAG_ID='init_minio_buckets' AIRFLOW_CTX_TASK_ID='init_minio_alias' AIRFLOW_CTX_EXECUTION_DATE='2025-12-07T15:58:11.923572+00:00' AIRFLOW_CTX_TRY_NUMBER='3' AIRFLOW_CTX_DAG_RUN_ID='manual__2025-12-07T15:58:11.923572+00:00'
[2025-12-07T15:58:35.519+0000] {taskinstance.py:740} INFO - ::endgroup::
[2025-12-07T15:58:35.532+0000] {subprocess.py:78} INFO - Tmp dir root location: /tmp
[2025-12-07T15:58:35.534+0000] {subprocess.py:88} INFO - Running command: ['/usr/bin/bash', '-c', 'docker exec minio-mc mc alias set local http://minio:9000 minioadmin minioadmin']
[2025-12-07T15:58:35.548+0000] {subprocess.py:99} INFO - Output:
[2025-12-07T15:58:35.573+0000] {subprocess.py:106} INFO - Cannot connect to the Docker daemon at unix:///var/run/docker.sock. Is the docker daemon running?
[2025-12-07T15:58:35.576+0000] {subprocess.py:110} INFO - Command exited with return code 1
[2025-12-07T15:58:35.589+0000] {taskinstance.py:3336} ERROR - Task failed with exception
Traceback (most recent call last):
  File "/home/airflow/.local/lib/python3.12/site-packages/airflow/models/taskinstance.py", line 776, in _execute_task
    result = _execute_callable(context=context, **execute_callable_kwargs)
             ^^^^^^^^^^^^^^^^^^^^^^^^^^^^^^^^^^^^^^^^^^^^^^^^^^^^^^^^^^^^^
  File "/home/airflow/.local/lib/python3.12/site-packages/airflow/models/taskinstance.py", line 742, in _execute_callable
    return ExecutionCallableRunner(
           ^^^^^^^^^^^^^^^^^^^^^^^^
  File "/home/airflow/.local/lib/python3.12/site-packages/airflow/utils/operator_helpers.py", line 252, in run
    return self.func(*args, **kwargs)
           ^^^^^^^^^^^^^^^^^^^^^^^^^^
  File "/home/airflow/.local/lib/python3.12/site-packages/airflow/models/baseoperator.py", line 424, in wrapper
    return func(self, *args, **kwargs)
           ^^^^^^^^^^^^^^^^^^^^^^^^^^^
  File "/home/airflow/.local/lib/python3.12/site-packages/airflow/operators/bash.py", line 276, in execute
    raise AirflowException(
airflow.exceptions.AirflowException: Bash command failed. The command returned a non-zero exit code 1.
[2025-12-07T15:58:35.595+0000] {taskinstance.py:1242} INFO - Marking task as FAILED. dag_id=init_minio_buckets, task_id=init_minio_alias, run_id=manual__2025-12-07T15:58:11.923572+00:00, execution_date=20251207T155811, start_date=20251207T155835, end_date=20251207T155835
[2025-12-07T15:58:35.624+0000] {taskinstance.py:349} INFO - ::group::Post task execution logs
[2025-12-07T15:58:35.625+0000] {standard_task_runner.py:124} ERROR - Failed to execute job 4 for task init_minio_alias (Bash command failed. The command returned a non-zero exit code 1.; 270)
Traceback (most recent call last):
  File "/home/airflow/.local/lib/python3.12/site-packages/airflow/task/task_runner/standard_task_runner.py", line 117, in _start_by_fork
    ret = args.func(args, dag=self.dag)
          ^^^^^^^^^^^^^^^^^^^^^^^^^^^^^
  File "/home/airflow/.local/lib/python3.12/site-packages/airflow/cli/cli_config.py", line 49, in command
    return func(*args, **kwargs)
           ^^^^^^^^^^^^^^^^^^^^^
  File "/home/airflow/.local/lib/python3.12/site-packages/airflow/utils/cli.py", line 116, in wrapper
    return f(*args, **kwargs)
           ^^^^^^^^^^^^^^^^^^
  File "/home/airflow/.local/lib/python3.12/site-packages/airflow/cli/commands/task_command.py", line 483, in task_run
    task_return_code = _run_task_by_selected_method(args, _dag, ti)
                       ^^^^^^^^^^^^^^^^^^^^^^^^^^^^^^^^^^^^^^^^^^^^
  File "/home/airflow/.local/lib/python3.12/site-packages/airflow/cli/commands/task_command.py", line 256, in _run_task_by_selected_method
    return _run_raw_task(args, ti)
           ^^^^^^^^^^^^^^^^^^^^^^^
  File "/home/airflow/.local/lib/python3.12/site-packages/airflow/cli/commands/task_command.py", line 341, in _run_raw_task
    return ti._run_raw_task(
           ^^^^^^^^^^^^^^^^^
  File "/home/airflow/.local/lib/python3.12/site-packages/airflow/utils/session.py", line 97, in wrapper
    return func(*args, session=session, **kwargs)
           ^^^^^^^^^^^^^^^^^^^^^^^^^^^^^^^^^^^^^^
  File "/home/airflow/.local/lib/python3.12/site-packages/airflow/models/taskinstance.py", line 3029, in _run_raw_task
    return _run_raw_task(
           ^^^^^^^^^^^^^^
  File "/home/airflow/.local/lib/python3.12/site-packages/airflow/models/taskinstance.py", line 282, in _run_raw_task
    TaskInstance._execute_task_with_callbacks(
  File "/home/airflow/.local/lib/python3.12/site-packages/airflow/models/taskinstance.py", line 3184, in _execute_task_with_callbacks
    result = self._execute_task(context, task_orig)
             ^^^^^^^^^^^^^^^^^^^^^^^^^^^^^^^^^^^^^^
  File "/home/airflow/.local/lib/python3.12/site-packages/airflow/models/taskinstance.py", line 3208, in _execute_task
    return _execute_task(self, context, task_orig)
           ^^^^^^^^^^^^^^^^^^^^^^^^^^^^^^^^^^^^^^^
  File "/home/airflow/.local/lib/python3.12/site-packages/airflow/models/taskinstance.py", line 776, in _execute_task
    result = _execute_callable(context=context, **execute_callable_kwargs)
             ^^^^^^^^^^^^^^^^^^^^^^^^^^^^^^^^^^^^^^^^^^^^^^^^^^^^^^^^^^^^^
  File "/home/airflow/.local/lib/python3.12/site-packages/airflow/models/taskinstance.py", line 742, in _execute_callable
    return ExecutionCallableRunner(
           ^^^^^^^^^^^^^^^^^^^^^^^^
  File "/home/airflow/.local/lib/python3.12/site-packages/airflow/utils/operator_helpers.py", line 252, in run
    return self.func(*args, **kwargs)
           ^^^^^^^^^^^^^^^^^^^^^^^^^^
  File "/home/airflow/.local/lib/python3.12/site-packages/airflow/models/baseoperator.py", line 424, in wrapper
    return func(self, *args, **kwargs)
           ^^^^^^^^^^^^^^^^^^^^^^^^^^^
  File "/home/airflow/.local/lib/python3.12/site-packages/airflow/operators/bash.py", line 276, in execute
    raise AirflowException(
airflow.exceptions.AirflowException: Bash command failed. The command returned a non-zero exit code 1.
[2025-12-07T15:58:35.658+0000] {local_task_job_runner.py:266} INFO - Task exited with return code 1
[2025-12-07T15:58:35.685+0000] {taskinstance.py:3924} INFO - 0 downstream tasks scheduled from follow-on schedule check
[2025-12-07T15:58:35.692+0000] {local_task_job_runner.py:245} INFO - ::endgroup::
