[2025-12-07T16:19:24.207+0000] {local_task_job_runner.py:123} INFO - ::group::Pre task execution logs
[2025-12-07T16:19:24.235+0000] {taskinstance.py:2631} INFO - Dependencies all met for dep_context=non-requeueable deps ti=<TaskInstance: init_minio_buckets.set_bucket_access manual__2025-12-07T16:19:21.367113+00:00 [queued]>
[2025-12-07T16:19:24.245+0000] {taskinstance.py:2631} INFO - Dependencies all met for dep_context=requeueable deps ti=<TaskInstance: init_minio_buckets.set_bucket_access manual__2025-12-07T16:19:21.367113+00:00 [queued]>
[2025-12-07T16:19:24.246+0000] {taskinstance.py:2884} INFO - Starting attempt 1 of 3
[2025-12-07T16:19:24.257+0000] {taskinstance.py:2907} INFO - Executing <Task(BashOperator): set_bucket_access> on 2025-12-07 16:19:21.367113+00:00
[2025-12-07T16:19:24.266+0000] {logging_mixin.py:190} WARNING - /home/airflow/.local/lib/python3.12/site-packages/airflow/task/task_runner/standard_task_runner.py:70 DeprecationWarning: This process (pid=305) is multi-threaded, use of fork() may lead to deadlocks in the child.
[2025-12-07T16:19:24.267+0000] {standard_task_runner.py:72} INFO - Started process 306 to run task
[2025-12-07T16:19:24.266+0000] {standard_task_runner.py:104} INFO - Running: ['airflow', 'tasks', 'run', 'init_minio_buckets', 'set_bucket_access', 'manual__2025-12-07T16:19:21.367113+00:00', '--job-id', '6', '--raw', '--subdir', 'DAGS_FOLDER/pipeline.py', '--cfg-path', '/tmp/tmp1ytipnd3']
[2025-12-07T16:19:24.268+0000] {standard_task_runner.py:105} INFO - Job 6: Subtask set_bucket_access
[2025-12-07T16:19:24.326+0000] {task_command.py:467} INFO - Running <TaskInstance: init_minio_buckets.set_bucket_access manual__2025-12-07T16:19:21.367113+00:00 [running]> on host 0631d4152404
[2025-12-07T16:19:24.410+0000] {taskinstance.py:3157} INFO - Exporting env vars: AIRFLOW_CTX_DAG_OWNER='airflow' AIRFLOW_CTX_DAG_ID='init_minio_buckets' AIRFLOW_CTX_TASK_ID='set_bucket_access' AIRFLOW_CTX_EXECUTION_DATE='2025-12-07T16:19:21.367113+00:00' AIRFLOW_CTX_TRY_NUMBER='1' AIRFLOW_CTX_DAG_RUN_ID='manual__2025-12-07T16:19:21.367113+00:00'
[2025-12-07T16:19:24.411+0000] {taskinstance.py:740} INFO - ::endgroup::
[2025-12-07T16:19:24.423+0000] {subprocess.py:78} INFO - Tmp dir root location: /tmp
[2025-12-07T16:19:24.424+0000] {subprocess.py:88} INFO - Running command: ['/usr/bin/bash', '-c', 'docker exec minio-mc mc anonymous set public local/bronze && docker exec minio-mc mc anonymous set public local/silver && docker exec minio-mc mc anonymous set public local/gold']
[2025-12-07T16:19:24.437+0000] {subprocess.py:99} INFO - Output:
[2025-12-07T16:19:24.606+0000] {subprocess.py:106} INFO - Access permission for `local/bronze` is set to `public`
[2025-12-07T16:19:24.765+0000] {subprocess.py:106} INFO - Access permission for `local/silver` is set to `public`
[2025-12-07T16:19:24.930+0000] {subprocess.py:106} INFO - Access permission for `local/gold` is set to `public`
[2025-12-07T16:19:24.941+0000] {subprocess.py:110} INFO - Command exited with return code 0
[2025-12-07T16:19:24.974+0000] {taskinstance.py:349} INFO - ::group::Post task execution logs
[2025-12-07T16:19:24.975+0000] {taskinstance.py:361} INFO - Marking task as SUCCESS. dag_id=init_minio_buckets, task_id=set_bucket_access, run_id=manual__2025-12-07T16:19:21.367113+00:00, execution_date=20251207T161921, start_date=20251207T161924, end_date=20251207T161924
[2025-12-07T16:19:25.044+0000] {local_task_job_runner.py:266} INFO - Task exited with return code 0
[2025-12-07T16:19:25.073+0000] {taskinstance.py:3924} INFO - 1 downstream tasks scheduled from follow-on schedule check
[2025-12-07T16:19:25.075+0000] {local_task_job_runner.py:245} INFO - ::endgroup::
