[2025-12-17T09:27:56.098+0000] {processor.py:186} INFO - Started process (PID=200) to work on /opt/airflow/dags/ETL.py
[2025-12-17T09:27:56.099+0000] {processor.py:914} INFO - Processing file /opt/airflow/dags/ETL.py for tasks to queue
[2025-12-17T09:27:56.103+0000] {logging_mixin.py:190} INFO - [2025-12-17T09:27:56.102+0000] {dagbag.py:588} INFO - Filling up the DagBag from /opt/airflow/dags/ETL.py
[2025-12-17T09:27:56.125+0000] {processor.py:925} INFO - DAG(s) 'ETL_process' retrieved from /opt/airflow/dags/ETL.py
[2025-12-17T09:27:56.163+0000] {logging_mixin.py:190} INFO - [2025-12-17T09:27:56.163+0000] {dag.py:3239} INFO - Sync 1 DAGs
[2025-12-17T09:27:56.183+0000] {logging_mixin.py:190} INFO - [2025-12-17T09:27:56.183+0000] {dag.py:4180} INFO - Setting next_dagrun for ETL_process to None, run_after=None
[2025-12-17T09:27:56.207+0000] {processor.py:208} INFO - Processing /opt/airflow/dags/ETL.py took 0.118 seconds
[2025-12-17T09:28:26.417+0000] {processor.py:186} INFO - Started process (PID=238) to work on /opt/airflow/dags/ETL.py
[2025-12-17T09:28:26.419+0000] {processor.py:914} INFO - Processing file /opt/airflow/dags/ETL.py for tasks to queue
[2025-12-17T09:28:26.424+0000] {logging_mixin.py:190} INFO - [2025-12-17T09:28:26.424+0000] {dagbag.py:588} INFO - Filling up the DagBag from /opt/airflow/dags/ETL.py
[2025-12-17T09:28:26.455+0000] {processor.py:925} INFO - DAG(s) 'ETL_process' retrieved from /opt/airflow/dags/ETL.py
[2025-12-17T09:28:26.503+0000] {logging_mixin.py:190} INFO - [2025-12-17T09:28:26.503+0000] {dag.py:3239} INFO - Sync 1 DAGs
[2025-12-17T09:28:26.525+0000] {logging_mixin.py:190} INFO - [2025-12-17T09:28:26.525+0000] {dag.py:4180} INFO - Setting next_dagrun for ETL_process to None, run_after=None
[2025-12-17T09:28:26.550+0000] {processor.py:208} INFO - Processing /opt/airflow/dags/ETL.py took 0.147 seconds
[2025-12-17T09:28:56.715+0000] {processor.py:186} INFO - Started process (PID=248) to work on /opt/airflow/dags/ETL.py
[2025-12-17T09:28:56.716+0000] {processor.py:914} INFO - Processing file /opt/airflow/dags/ETL.py for tasks to queue
[2025-12-17T09:28:56.719+0000] {logging_mixin.py:190} INFO - [2025-12-17T09:28:56.719+0000] {dagbag.py:588} INFO - Filling up the DagBag from /opt/airflow/dags/ETL.py
[2025-12-17T09:28:56.741+0000] {processor.py:925} INFO - DAG(s) 'ETL_process' retrieved from /opt/airflow/dags/ETL.py
[2025-12-17T09:28:56.777+0000] {logging_mixin.py:190} INFO - [2025-12-17T09:28:56.777+0000] {dag.py:3239} INFO - Sync 1 DAGs
[2025-12-17T09:28:56.800+0000] {logging_mixin.py:190} INFO - [2025-12-17T09:28:56.800+0000] {dag.py:4180} INFO - Setting next_dagrun for ETL_process to None, run_after=None
[2025-12-17T09:28:56.821+0000] {processor.py:208} INFO - Processing /opt/airflow/dags/ETL.py took 0.113 seconds
[2025-12-17T09:29:27.050+0000] {processor.py:186} INFO - Started process (PID=258) to work on /opt/airflow/dags/ETL.py
[2025-12-17T09:29:27.051+0000] {processor.py:914} INFO - Processing file /opt/airflow/dags/ETL.py for tasks to queue
[2025-12-17T09:29:27.054+0000] {logging_mixin.py:190} INFO - [2025-12-17T09:29:27.054+0000] {dagbag.py:588} INFO - Filling up the DagBag from /opt/airflow/dags/ETL.py
[2025-12-17T09:29:27.075+0000] {processor.py:925} INFO - DAG(s) 'ETL_process' retrieved from /opt/airflow/dags/ETL.py
[2025-12-17T09:29:27.109+0000] {logging_mixin.py:190} INFO - [2025-12-17T09:29:27.108+0000] {dag.py:3239} INFO - Sync 1 DAGs
[2025-12-17T09:29:27.124+0000] {logging_mixin.py:190} INFO - [2025-12-17T09:29:27.124+0000] {dag.py:4180} INFO - Setting next_dagrun for ETL_process to None, run_after=None
[2025-12-17T09:29:27.145+0000] {processor.py:208} INFO - Processing /opt/airflow/dags/ETL.py took 0.101 seconds
[2025-12-17T09:29:57.349+0000] {processor.py:186} INFO - Started process (PID=268) to work on /opt/airflow/dags/ETL.py
[2025-12-17T09:29:57.351+0000] {processor.py:914} INFO - Processing file /opt/airflow/dags/ETL.py for tasks to queue
[2025-12-17T09:29:57.356+0000] {logging_mixin.py:190} INFO - [2025-12-17T09:29:57.355+0000] {dagbag.py:588} INFO - Filling up the DagBag from /opt/airflow/dags/ETL.py
[2025-12-17T09:29:57.384+0000] {processor.py:925} INFO - DAG(s) 'ETL_process' retrieved from /opt/airflow/dags/ETL.py
[2025-12-17T09:29:57.435+0000] {logging_mixin.py:190} INFO - [2025-12-17T09:29:57.435+0000] {dag.py:3239} INFO - Sync 1 DAGs
[2025-12-17T09:29:57.455+0000] {logging_mixin.py:190} INFO - [2025-12-17T09:29:57.455+0000] {dag.py:4180} INFO - Setting next_dagrun for ETL_process to None, run_after=None
[2025-12-17T09:29:57.481+0000] {processor.py:208} INFO - Processing /opt/airflow/dags/ETL.py took 0.145 seconds
[2025-12-17T09:30:27.684+0000] {processor.py:186} INFO - Started process (PID=278) to work on /opt/airflow/dags/ETL.py
[2025-12-17T09:30:27.686+0000] {processor.py:914} INFO - Processing file /opt/airflow/dags/ETL.py for tasks to queue
[2025-12-17T09:30:27.689+0000] {logging_mixin.py:190} INFO - [2025-12-17T09:30:27.688+0000] {dagbag.py:588} INFO - Filling up the DagBag from /opt/airflow/dags/ETL.py
[2025-12-17T09:30:27.713+0000] {processor.py:925} INFO - DAG(s) 'ETL_process' retrieved from /opt/airflow/dags/ETL.py
[2025-12-17T09:30:27.755+0000] {logging_mixin.py:190} INFO - [2025-12-17T09:30:27.754+0000] {dag.py:3239} INFO - Sync 1 DAGs
[2025-12-17T09:30:27.778+0000] {logging_mixin.py:190} INFO - [2025-12-17T09:30:27.777+0000] {dag.py:4180} INFO - Setting next_dagrun for ETL_process to None, run_after=None
[2025-12-17T09:30:27.810+0000] {processor.py:208} INFO - Processing /opt/airflow/dags/ETL.py took 0.132 seconds
[2025-12-17T09:30:57.984+0000] {processor.py:186} INFO - Started process (PID=288) to work on /opt/airflow/dags/ETL.py
[2025-12-17T09:30:57.986+0000] {processor.py:914} INFO - Processing file /opt/airflow/dags/ETL.py for tasks to queue
[2025-12-17T09:30:57.993+0000] {logging_mixin.py:190} INFO - [2025-12-17T09:30:57.992+0000] {dagbag.py:588} INFO - Filling up the DagBag from /opt/airflow/dags/ETL.py
[2025-12-17T09:30:58.021+0000] {processor.py:925} INFO - DAG(s) 'ETL_process' retrieved from /opt/airflow/dags/ETL.py
[2025-12-17T09:30:58.063+0000] {logging_mixin.py:190} INFO - [2025-12-17T09:30:58.062+0000] {dag.py:3239} INFO - Sync 1 DAGs
[2025-12-17T09:30:58.079+0000] {logging_mixin.py:190} INFO - [2025-12-17T09:30:58.078+0000] {dag.py:4180} INFO - Setting next_dagrun for ETL_process to None, run_after=None
[2025-12-17T09:30:58.109+0000] {processor.py:208} INFO - Processing /opt/airflow/dags/ETL.py took 0.137 seconds
[2025-12-17T09:31:28.320+0000] {processor.py:186} INFO - Started process (PID=298) to work on /opt/airflow/dags/ETL.py
[2025-12-17T09:31:28.322+0000] {processor.py:914} INFO - Processing file /opt/airflow/dags/ETL.py for tasks to queue
[2025-12-17T09:31:28.326+0000] {logging_mixin.py:190} INFO - [2025-12-17T09:31:28.325+0000] {dagbag.py:588} INFO - Filling up the DagBag from /opt/airflow/dags/ETL.py
[2025-12-17T09:31:28.350+0000] {processor.py:925} INFO - DAG(s) 'ETL_process' retrieved from /opt/airflow/dags/ETL.py
[2025-12-17T09:31:28.391+0000] {logging_mixin.py:190} INFO - [2025-12-17T09:31:28.391+0000] {dag.py:3239} INFO - Sync 1 DAGs
[2025-12-17T09:31:28.411+0000] {logging_mixin.py:190} INFO - [2025-12-17T09:31:28.411+0000] {dag.py:4180} INFO - Setting next_dagrun for ETL_process to None, run_after=None
[2025-12-17T09:31:28.437+0000] {processor.py:208} INFO - Processing /opt/airflow/dags/ETL.py took 0.128 seconds
[2025-12-17T09:31:58.717+0000] {processor.py:186} INFO - Started process (PID=372) to work on /opt/airflow/dags/ETL.py
[2025-12-17T09:31:58.719+0000] {processor.py:914} INFO - Processing file /opt/airflow/dags/ETL.py for tasks to queue
[2025-12-17T09:31:58.726+0000] {logging_mixin.py:190} INFO - [2025-12-17T09:31:58.725+0000] {dagbag.py:588} INFO - Filling up the DagBag from /opt/airflow/dags/ETL.py
[2025-12-17T09:31:58.765+0000] {processor.py:925} INFO - DAG(s) 'ETL_process' retrieved from /opt/airflow/dags/ETL.py
[2025-12-17T09:31:58.824+0000] {logging_mixin.py:190} INFO - [2025-12-17T09:31:58.824+0000] {dag.py:3239} INFO - Sync 1 DAGs
[2025-12-17T09:31:58.850+0000] {logging_mixin.py:190} INFO - [2025-12-17T09:31:58.850+0000] {dag.py:4180} INFO - Setting next_dagrun for ETL_process to None, run_after=None
[2025-12-17T09:31:58.879+0000] {processor.py:208} INFO - Processing /opt/airflow/dags/ETL.py took 0.179 seconds
