[2025-12-16T03:29:59.996+0000] {local_task_job_runner.py:123} INFO - ::group::Pre task execution logs
[2025-12-16T03:30:00.035+0000] {taskinstance.py:2631} INFO - Dependencies all met for dep_context=non-requeueable deps ti=<TaskInstance: ETL_process.Silver_to_Gold_Date_Dimension manual__2025-12-08T15:21:50.375058+00:00 [queued]>
[2025-12-16T03:30:00.047+0000] {taskinstance.py:2631} INFO - Dependencies all met for dep_context=requeueable deps ti=<TaskInstance: ETL_process.Silver_to_Gold_Date_Dimension manual__2025-12-08T15:21:50.375058+00:00 [queued]>
[2025-12-16T03:30:00.048+0000] {taskinstance.py:2884} INFO - Starting attempt 1 of 3
[2025-12-16T03:30:00.063+0000] {taskinstance.py:2907} INFO - Executing <Task(BashOperator): Silver_to_Gold_Date_Dimension> on 2025-12-08 15:21:50.375058+00:00
[2025-12-16T03:30:00.075+0000] {logging_mixin.py:190} WARNING - /home/airflow/.local/lib/python3.12/site-packages/airflow/task/task_runner/standard_task_runner.py:70 DeprecationWarning: This process (pid=799) is multi-threaded, use of fork() may lead to deadlocks in the child.
[2025-12-16T03:30:00.077+0000] {standard_task_runner.py:72} INFO - Started process 800 to run task
[2025-12-16T03:30:00.076+0000] {standard_task_runner.py:104} INFO - Running: ['airflow', 'tasks', 'run', 'ETL_process', 'Silver_to_Gold_Date_Dimension', 'manual__2025-12-08T15:21:50.375058+00:00', '--job-id', '23', '--raw', '--subdir', 'DAGS_FOLDER/ETL.py', '--cfg-path', '/tmp/tmptff47o8c']
[2025-12-16T03:30:00.078+0000] {standard_task_runner.py:105} INFO - Job 23: Subtask Silver_to_Gold_Date_Dimension
[2025-12-16T03:30:00.167+0000] {task_command.py:467} INFO - Running <TaskInstance: ETL_process.Silver_to_Gold_Date_Dimension manual__2025-12-08T15:21:50.375058+00:00 [running]> on host 2a50f1bacb3c
[2025-12-16T03:30:00.314+0000] {taskinstance.py:3157} INFO - Exporting env vars: AIRFLOW_CTX_DAG_OWNER='airflow' AIRFLOW_CTX_DAG_ID='ETL_process' AIRFLOW_CTX_TASK_ID='Silver_to_Gold_Date_Dimension' AIRFLOW_CTX_EXECUTION_DATE='2025-12-08T15:21:50.375058+00:00' AIRFLOW_CTX_TRY_NUMBER='1' AIRFLOW_CTX_DAG_RUN_ID='manual__2025-12-08T15:21:50.375058+00:00'
[2025-12-16T03:30:00.318+0000] {taskinstance.py:740} INFO - ::endgroup::
[2025-12-16T03:30:00.341+0000] {subprocess.py:78} INFO - Tmp dir root location: /tmp
[2025-12-16T03:30:00.345+0000] {subprocess.py:88} INFO - Running command: ['/usr/bin/bash', '-c', 'docker exec spark-master bash -c \'\n            export PYTHONPATH=/opt/spark/work-dir/batch-etl && \n            /opt/spark/bin/spark-submit                 --master spark://spark-master:7077                 --packages io.delta:delta-core_2.12:2.4.0,org.apache.hadoop:hadoop-aws:3.3.4                 --conf "spark.sql.extensions=io.delta.sql.DeltaSparkSessionExtension"                 --conf "spark.sql.catalog.spark_catalog=org.apache.spark.sql.delta.catalog.DeltaCatalog"                 /opt/spark/work-dir/batch-etl/silver_to_gold/etl_date_dim.py\n            \'\n        ']
[2025-12-16T03:30:00.368+0000] {subprocess.py:99} INFO - Output:
[2025-12-16T03:30:03.083+0000] {subprocess.py:106} INFO - :: loading settings :: url = jar:file:/opt/spark/jars/ivy-2.5.1.jar!/org/apache/ivy/core/settings/ivysettings.xml
[2025-12-16T03:30:03.230+0000] {subprocess.py:106} INFO - Ivy Default Cache set to: /root/.ivy2/cache
[2025-12-16T03:30:03.231+0000] {subprocess.py:106} INFO - The jars for the packages stored in: /root/.ivy2/jars
[2025-12-16T03:30:03.237+0000] {subprocess.py:106} INFO - io.delta#delta-core_2.12 added as a dependency
[2025-12-16T03:30:03.238+0000] {subprocess.py:106} INFO - org.apache.hadoop#hadoop-aws added as a dependency
[2025-12-16T03:30:03.239+0000] {subprocess.py:106} INFO - :: resolving dependencies :: org.apache.spark#spark-submit-parent-91498904-b7ba-415b-8dee-93ac43b6cb0d;1.0
[2025-12-16T03:30:03.240+0000] {subprocess.py:106} INFO - 	confs: [default]
[2025-12-16T03:30:03.415+0000] {subprocess.py:106} INFO - 	found io.delta#delta-core_2.12;2.4.0 in central
[2025-12-16T03:30:03.457+0000] {subprocess.py:106} INFO - 	found io.delta#delta-storage;2.4.0 in central
[2025-12-16T03:30:03.492+0000] {subprocess.py:106} INFO - 	found org.antlr#antlr4-runtime;4.9.3 in central
[2025-12-16T03:30:03.582+0000] {subprocess.py:106} INFO - 	found org.apache.hadoop#hadoop-aws;3.3.4 in central
[2025-12-16T03:30:03.619+0000] {subprocess.py:106} INFO - 	found com.amazonaws#aws-java-sdk-bundle;1.12.262 in central
[2025-12-16T03:30:03.658+0000] {subprocess.py:106} INFO - 	found org.wildfly.openssl#wildfly-openssl;1.0.7.Final in central
[2025-12-16T03:30:03.701+0000] {subprocess.py:106} INFO - :: resolution report :: resolve 440ms :: artifacts dl 22ms
[2025-12-16T03:30:03.704+0000] {subprocess.py:106} INFO - 	:: modules in use:
[2025-12-16T03:30:03.705+0000] {subprocess.py:106} INFO - 	com.amazonaws#aws-java-sdk-bundle;1.12.262 from central in [default]
[2025-12-16T03:30:03.707+0000] {subprocess.py:106} INFO - 	io.delta#delta-core_2.12;2.4.0 from central in [default]
[2025-12-16T03:30:03.708+0000] {subprocess.py:106} INFO - 	io.delta#delta-storage;2.4.0 from central in [default]
[2025-12-16T03:30:03.714+0000] {subprocess.py:106} INFO - 	org.antlr#antlr4-runtime;4.9.3 from central in [default]
[2025-12-16T03:30:03.716+0000] {subprocess.py:106} INFO - 	org.apache.hadoop#hadoop-aws;3.3.4 from central in [default]
[2025-12-16T03:30:03.717+0000] {subprocess.py:106} INFO - 	org.wildfly.openssl#wildfly-openssl;1.0.7.Final from central in [default]
[2025-12-16T03:30:03.718+0000] {subprocess.py:106} INFO - 	---------------------------------------------------------------------
[2025-12-16T03:30:03.718+0000] {subprocess.py:106} INFO - 	|                  |            modules            ||   artifacts   |
[2025-12-16T03:30:03.719+0000] {subprocess.py:106} INFO - 	|       conf       | number| search|dwnlded|evicted|| number|dwnlded|
[2025-12-16T03:30:03.720+0000] {subprocess.py:106} INFO - 	---------------------------------------------------------------------
[2025-12-16T03:30:03.721+0000] {subprocess.py:106} INFO - 	|      default     |   6   |   0   |   0   |   0   ||   6   |   0   |
[2025-12-16T03:30:03.722+0000] {subprocess.py:106} INFO - 	---------------------------------------------------------------------
[2025-12-16T03:30:03.722+0000] {subprocess.py:106} INFO - :: retrieving :: org.apache.spark#spark-submit-parent-91498904-b7ba-415b-8dee-93ac43b6cb0d
[2025-12-16T03:30:03.723+0000] {subprocess.py:106} INFO - 	confs: [default]
[2025-12-16T03:30:03.731+0000] {subprocess.py:106} INFO - 	0 artifacts copied, 6 already retrieved (0kB/17ms)
[2025-12-16T03:30:04.002+0000] {subprocess.py:106} INFO - 25/12/16 03:30:03 WARN NativeCodeLoader: Unable to load native-hadoop library for your platform... using builtin-java classes where applicable
[2025-12-16T03:30:05.171+0000] {subprocess.py:106} INFO - 25/12/16 03:30:05 INFO SparkContext: Running Spark version 3.4.0
[2025-12-16T03:30:05.227+0000] {subprocess.py:106} INFO - 25/12/16 03:30:05 INFO ResourceUtils: ==============================================================
[2025-12-16T03:30:05.229+0000] {subprocess.py:106} INFO - 25/12/16 03:30:05 INFO ResourceUtils: No custom resources configured for spark.driver.
[2025-12-16T03:30:05.229+0000] {subprocess.py:106} INFO - 25/12/16 03:30:05 INFO ResourceUtils: ==============================================================
[2025-12-16T03:30:05.230+0000] {subprocess.py:106} INFO - 25/12/16 03:30:05 INFO SparkContext: Submitted application: Gold_Date_Dim_Gen
[2025-12-16T03:30:05.263+0000] {subprocess.py:106} INFO - 25/12/16 03:30:05 INFO ResourceProfile: Default ResourceProfile created, executor resources: Map(memory -> name: memory, amount: 1024, script: , vendor: , offHeap -> name: offHeap, amount: 0, script: , vendor: ), task resources: Map(cpus -> name: cpus, amount: 1.0)
[2025-12-16T03:30:05.278+0000] {subprocess.py:106} INFO - 25/12/16 03:30:05 INFO ResourceProfile: Limiting resource is cpu
[2025-12-16T03:30:05.279+0000] {subprocess.py:106} INFO - 25/12/16 03:30:05 INFO ResourceProfileManager: Added ResourceProfile id: 0
[2025-12-16T03:30:05.359+0000] {subprocess.py:106} INFO - 25/12/16 03:30:05 INFO SecurityManager: Changing view acls to: root
[2025-12-16T03:30:05.360+0000] {subprocess.py:106} INFO - 25/12/16 03:30:05 INFO SecurityManager: Changing modify acls to: root
[2025-12-16T03:30:05.361+0000] {subprocess.py:106} INFO - 25/12/16 03:30:05 INFO SecurityManager: Changing view acls groups to:
[2025-12-16T03:30:05.361+0000] {subprocess.py:106} INFO - 25/12/16 03:30:05 INFO SecurityManager: Changing modify acls groups to:
[2025-12-16T03:30:05.362+0000] {subprocess.py:106} INFO - 25/12/16 03:30:05 INFO SecurityManager: SecurityManager: authentication disabled; ui acls disabled; users with view permissions: root; groups with view permissions: EMPTY; users with modify permissions: root; groups with modify permissions: EMPTY
[2025-12-16T03:30:05.732+0000] {subprocess.py:106} INFO - 25/12/16 03:30:05 INFO Utils: Successfully started service 'sparkDriver' on port 35427.
[2025-12-16T03:30:05.775+0000] {subprocess.py:106} INFO - 25/12/16 03:30:05 INFO SparkEnv: Registering MapOutputTracker
[2025-12-16T03:30:05.837+0000] {subprocess.py:106} INFO - 25/12/16 03:30:05 INFO SparkEnv: Registering BlockManagerMaster
[2025-12-16T03:30:05.861+0000] {subprocess.py:106} INFO - 25/12/16 03:30:05 INFO BlockManagerMasterEndpoint: Using org.apache.spark.storage.DefaultTopologyMapper for getting topology information
[2025-12-16T03:30:05.862+0000] {subprocess.py:106} INFO - 25/12/16 03:30:05 INFO BlockManagerMasterEndpoint: BlockManagerMasterEndpoint up
[2025-12-16T03:30:05.869+0000] {subprocess.py:106} INFO - 25/12/16 03:30:05 INFO SparkEnv: Registering BlockManagerMasterHeartbeat
[2025-12-16T03:30:05.896+0000] {subprocess.py:106} INFO - 25/12/16 03:30:05 INFO DiskBlockManager: Created local directory at /tmp/blockmgr-2edb5a2f-7c7f-4cb5-b1d3-31b1d2000218
[2025-12-16T03:30:05.916+0000] {subprocess.py:106} INFO - 25/12/16 03:30:05 INFO MemoryStore: MemoryStore started with capacity 434.4 MiB
[2025-12-16T03:30:05.938+0000] {subprocess.py:106} INFO - 25/12/16 03:30:05 INFO SparkEnv: Registering OutputCommitCoordinator
[2025-12-16T03:30:06.165+0000] {subprocess.py:106} INFO - 25/12/16 03:30:06 INFO JettyUtils: Start Jetty 0.0.0.0:4040 for SparkUI
[2025-12-16T03:30:06.268+0000] {subprocess.py:106} INFO - 25/12/16 03:30:06 INFO Utils: Successfully started service 'SparkUI' on port 4040.
[2025-12-16T03:30:06.309+0000] {subprocess.py:106} INFO - 25/12/16 03:30:06 INFO SparkContext: Added JAR file:///root/.ivy2/jars/io.delta_delta-core_2.12-2.4.0.jar at spark://3ad9a82189be:35427/jars/io.delta_delta-core_2.12-2.4.0.jar with timestamp 1765855805153
[2025-12-16T03:30:06.310+0000] {subprocess.py:106} INFO - 25/12/16 03:30:06 INFO SparkContext: Added JAR file:///root/.ivy2/jars/org.apache.hadoop_hadoop-aws-3.3.4.jar at spark://3ad9a82189be:35427/jars/org.apache.hadoop_hadoop-aws-3.3.4.jar with timestamp 1765855805153
[2025-12-16T03:30:06.311+0000] {subprocess.py:106} INFO - 25/12/16 03:30:06 INFO SparkContext: Added JAR file:///root/.ivy2/jars/io.delta_delta-storage-2.4.0.jar at spark://3ad9a82189be:35427/jars/io.delta_delta-storage-2.4.0.jar with timestamp 1765855805153
[2025-12-16T03:30:06.311+0000] {subprocess.py:106} INFO - 25/12/16 03:30:06 INFO SparkContext: Added JAR file:///root/.ivy2/jars/org.antlr_antlr4-runtime-4.9.3.jar at spark://3ad9a82189be:35427/jars/org.antlr_antlr4-runtime-4.9.3.jar with timestamp 1765855805153
[2025-12-16T03:30:06.312+0000] {subprocess.py:106} INFO - 25/12/16 03:30:06 INFO SparkContext: Added JAR file:///root/.ivy2/jars/com.amazonaws_aws-java-sdk-bundle-1.12.262.jar at spark://3ad9a82189be:35427/jars/com.amazonaws_aws-java-sdk-bundle-1.12.262.jar with timestamp 1765855805153
[2025-12-16T03:30:06.312+0000] {subprocess.py:106} INFO - 25/12/16 03:30:06 INFO SparkContext: Added JAR file:///root/.ivy2/jars/org.wildfly.openssl_wildfly-openssl-1.0.7.Final.jar at spark://3ad9a82189be:35427/jars/org.wildfly.openssl_wildfly-openssl-1.0.7.Final.jar with timestamp 1765855805153
[2025-12-16T03:30:06.315+0000] {subprocess.py:106} INFO - 25/12/16 03:30:06 INFO SparkContext: Added file file:///root/.ivy2/jars/io.delta_delta-core_2.12-2.4.0.jar at spark://3ad9a82189be:35427/files/io.delta_delta-core_2.12-2.4.0.jar with timestamp 1765855805153
[2025-12-16T03:30:06.317+0000] {subprocess.py:106} INFO - 25/12/16 03:30:06 INFO Utils: Copying /root/.ivy2/jars/io.delta_delta-core_2.12-2.4.0.jar to /tmp/spark-faef46d0-79b0-49a0-9e68-a951e860ffc8/userFiles-c7b28fd6-4e91-4ed0-a1f8-0021c46d090b/io.delta_delta-core_2.12-2.4.0.jar
[2025-12-16T03:30:06.343+0000] {subprocess.py:106} INFO - 25/12/16 03:30:06 INFO SparkContext: Added file file:///root/.ivy2/jars/org.apache.hadoop_hadoop-aws-3.3.4.jar at spark://3ad9a82189be:35427/files/org.apache.hadoop_hadoop-aws-3.3.4.jar with timestamp 1765855805153
[2025-12-16T03:30:06.344+0000] {subprocess.py:106} INFO - 25/12/16 03:30:06 INFO Utils: Copying /root/.ivy2/jars/org.apache.hadoop_hadoop-aws-3.3.4.jar to /tmp/spark-faef46d0-79b0-49a0-9e68-a951e860ffc8/userFiles-c7b28fd6-4e91-4ed0-a1f8-0021c46d090b/org.apache.hadoop_hadoop-aws-3.3.4.jar
[2025-12-16T03:30:06.355+0000] {subprocess.py:106} INFO - 25/12/16 03:30:06 INFO SparkContext: Added file file:///root/.ivy2/jars/io.delta_delta-storage-2.4.0.jar at spark://3ad9a82189be:35427/files/io.delta_delta-storage-2.4.0.jar with timestamp 1765855805153
[2025-12-16T03:30:06.355+0000] {subprocess.py:106} INFO - 25/12/16 03:30:06 INFO Utils: Copying /root/.ivy2/jars/io.delta_delta-storage-2.4.0.jar to /tmp/spark-faef46d0-79b0-49a0-9e68-a951e860ffc8/userFiles-c7b28fd6-4e91-4ed0-a1f8-0021c46d090b/io.delta_delta-storage-2.4.0.jar
[2025-12-16T03:30:06.363+0000] {subprocess.py:106} INFO - 25/12/16 03:30:06 INFO SparkContext: Added file file:///root/.ivy2/jars/org.antlr_antlr4-runtime-4.9.3.jar at spark://3ad9a82189be:35427/files/org.antlr_antlr4-runtime-4.9.3.jar with timestamp 1765855805153
[2025-12-16T03:30:06.364+0000] {subprocess.py:106} INFO - 25/12/16 03:30:06 INFO Utils: Copying /root/.ivy2/jars/org.antlr_antlr4-runtime-4.9.3.jar to /tmp/spark-faef46d0-79b0-49a0-9e68-a951e860ffc8/userFiles-c7b28fd6-4e91-4ed0-a1f8-0021c46d090b/org.antlr_antlr4-runtime-4.9.3.jar
[2025-12-16T03:30:06.373+0000] {subprocess.py:106} INFO - 25/12/16 03:30:06 INFO SparkContext: Added file file:///root/.ivy2/jars/com.amazonaws_aws-java-sdk-bundle-1.12.262.jar at spark://3ad9a82189be:35427/files/com.amazonaws_aws-java-sdk-bundle-1.12.262.jar with timestamp 1765855805153
[2025-12-16T03:30:06.374+0000] {subprocess.py:106} INFO - 25/12/16 03:30:06 INFO Utils: Copying /root/.ivy2/jars/com.amazonaws_aws-java-sdk-bundle-1.12.262.jar to /tmp/spark-faef46d0-79b0-49a0-9e68-a951e860ffc8/userFiles-c7b28fd6-4e91-4ed0-a1f8-0021c46d090b/com.amazonaws_aws-java-sdk-bundle-1.12.262.jar
[2025-12-16T03:30:06.997+0000] {subprocess.py:106} INFO - 25/12/16 03:30:06 INFO SparkContext: Added file file:///root/.ivy2/jars/org.wildfly.openssl_wildfly-openssl-1.0.7.Final.jar at spark://3ad9a82189be:35427/files/org.wildfly.openssl_wildfly-openssl-1.0.7.Final.jar with timestamp 1765855805153
[2025-12-16T03:30:06.998+0000] {subprocess.py:106} INFO - 25/12/16 03:30:06 INFO Utils: Copying /root/.ivy2/jars/org.wildfly.openssl_wildfly-openssl-1.0.7.Final.jar to /tmp/spark-faef46d0-79b0-49a0-9e68-a951e860ffc8/userFiles-c7b28fd6-4e91-4ed0-a1f8-0021c46d090b/org.wildfly.openssl_wildfly-openssl-1.0.7.Final.jar
[2025-12-16T03:30:07.138+0000] {subprocess.py:106} INFO - 25/12/16 03:30:07 INFO StandaloneAppClient$ClientEndpoint: Connecting to master spark://spark-master:7077...
[2025-12-16T03:30:07.210+0000] {subprocess.py:106} INFO - 25/12/16 03:30:07 INFO TransportClientFactory: Successfully created connection to spark-master/172.18.0.5:7077 after 45 ms (0 ms spent in bootstraps)
[2025-12-16T03:30:07.360+0000] {subprocess.py:106} INFO - 25/12/16 03:30:07 INFO StandaloneSchedulerBackend: Connected to Spark cluster with app ID app-20251216033007-0004
[2025-12-16T03:30:07.373+0000] {subprocess.py:106} INFO - 25/12/16 03:30:07 INFO Utils: Successfully started service 'org.apache.spark.network.netty.NettyBlockTransferService' on port 43975.
[2025-12-16T03:30:07.374+0000] {subprocess.py:106} INFO - 25/12/16 03:30:07 INFO NettyBlockTransferService: Server created on 3ad9a82189be:43975
[2025-12-16T03:30:07.376+0000] {subprocess.py:106} INFO - 25/12/16 03:30:07 INFO BlockManager: Using org.apache.spark.storage.RandomBlockReplicationPolicy for block replication policy
[2025-12-16T03:30:07.387+0000] {subprocess.py:106} INFO - 25/12/16 03:30:07 INFO BlockManagerMaster: Registering BlockManager BlockManagerId(driver, 3ad9a82189be, 43975, None)
[2025-12-16T03:30:07.393+0000] {subprocess.py:106} INFO - 25/12/16 03:30:07 INFO BlockManagerMasterEndpoint: Registering block manager 3ad9a82189be:43975 with 434.4 MiB RAM, BlockManagerId(driver, 3ad9a82189be, 43975, None)
[2025-12-16T03:30:07.398+0000] {subprocess.py:106} INFO - 25/12/16 03:30:07 INFO BlockManagerMaster: Registered BlockManager BlockManagerId(driver, 3ad9a82189be, 43975, None)
[2025-12-16T03:30:07.400+0000] {subprocess.py:106} INFO - 25/12/16 03:30:07 INFO BlockManager: Initialized BlockManager: BlockManagerId(driver, 3ad9a82189be, 43975, None)
[2025-12-16T03:30:07.657+0000] {subprocess.py:106} INFO - 25/12/16 03:30:07 INFO StandaloneSchedulerBackend: SchedulerBackend is ready for scheduling beginning after reached minRegisteredResourcesRatio: 0.0
[2025-12-16T03:30:08.137+0000] {subprocess.py:106} INFO - Generating Date Dim from 2023-01-01 to 2025-12-31...
[2025-12-16T03:30:08.148+0000] {subprocess.py:106} INFO - 25/12/16 03:30:08 INFO SharedState: Setting hive.metastore.warehouse.dir ('null') to the value of spark.sql.warehouse.dir.
[2025-12-16T03:30:08.153+0000] {subprocess.py:106} INFO - 25/12/16 03:30:08 INFO SharedState: Warehouse path is 'file:/opt/spark/work-dir/spark-warehouse'.
[2025-12-16T03:30:13.103+0000] {subprocess.py:106} INFO - 25/12/16 03:30:13 WARN MetricsConfig: Cannot locate configuration: tried hadoop-metrics2-s3a-file-system.properties,hadoop-metrics2.properties
[2025-12-16T03:30:13.123+0000] {subprocess.py:106} INFO - 25/12/16 03:30:13 INFO MetricsSystemImpl: Scheduled Metric snapshot period at 10 second(s).
[2025-12-16T03:30:13.124+0000] {subprocess.py:106} INFO - 25/12/16 03:30:13 INFO MetricsSystemImpl: s3a-file-system metrics system started
[2025-12-16T03:30:14.925+0000] {subprocess.py:106} INFO - 25/12/16 03:30:14 INFO DelegatingLogStore: LogStore `LogStoreAdapter(io.delta.storage.S3SingleDriverLogStore)` is used for scheme `s3a`
[2025-12-16T03:30:15.374+0000] {subprocess.py:106} INFO - 25/12/16 03:30:15 INFO DeltaLog: Creating initial snapshot without metadata, because the directory is empty
[2025-12-16T03:30:15.570+0000] {subprocess.py:106} INFO - 25/12/16 03:30:15 INFO InitialSnapshot: [tableId=05451974-577e-46a7-93bb-fda8ba17734c] Created snapshot InitialSnapshot(path=s3a://gold/dim_date/_delta_log, version=-1, metadata=Metadata(128c652a-ca4d-4b64-b0d8-8681c8e134ac,null,null,Format(parquet,Map()),null,List(),Map(),Some(1765855815553)), logSegment=LogSegment(s3a://gold/dim_date/_delta_log,-1,List(),None,-1), checksumOpt=None)
[2025-12-16T03:30:15.732+0000] {subprocess.py:106} INFO - 25/12/16 03:30:15 INFO DeltaLog: No delta log found for the Delta table at s3a://gold/dim_date/_delta_log
[2025-12-16T03:30:15.733+0000] {subprocess.py:106} INFO - 25/12/16 03:30:15 INFO InitialSnapshot: [tableId=128c652a-ca4d-4b64-b0d8-8681c8e134ac] Created snapshot InitialSnapshot(path=s3a://gold/dim_date/_delta_log, version=-1, metadata=Metadata(3162999c-9943-4425-a94a-6758a81fa2f6,null,null,Format(parquet,Map()),null,List(),Map(),Some(1765855815731)), logSegment=LogSegment(s3a://gold/dim_date/_delta_log,-1,List(),None,-1), checksumOpt=None)
[2025-12-16T03:30:16.072+0000] {subprocess.py:106} INFO - 25/12/16 03:30:16 INFO OptimisticTransaction: [tableId=3162999c,txnId=0df58662] Updated metadata from - to Metadata(e86e3233-73bc-4002-a963-acd1fb041933,null,null,Format(parquet,Map()),{"type":"struct","fields":[{"name":"date_key","type":"date","nullable":true,"metadata":{}},{"name":"year","type":"integer","nullable":true,"metadata":{}},{"name":"quarter","type":"integer","nullable":true,"metadata":{}},{"name":"month","type":"integer","nullable":true,"metadata":{}},{"name":"day","type":"integer","nullable":true,"metadata":{}},{"name":"day_of_week","type":"integer","nullable":true,"metadata":{}},{"name":"day_name_short","type":"string","nullable":true,"metadata":{}},{"name":"day_name_full","type":"string","nullable":true,"metadata":{}},{"name":"month_name_short","type":"string","nullable":true,"metadata":{}},{"name":"week_of_year","type":"integer","nullable":true,"metadata":{}},{"name":"is_weekend","type":"boolean","nullable":true,"metadata":{}}]},List(),Map(),Some(1765855816025))
[2025-12-16T03:30:17.489+0000] {subprocess.py:106} INFO - 25/12/16 03:30:17 INFO ParquetUtils: Using default output committer for Parquet: org.apache.parquet.hadoop.ParquetOutputCommitter
[2025-12-16T03:30:18.127+0000] {subprocess.py:106} INFO - 25/12/16 03:30:18 INFO CodeGenerator: Code generated in 433.077655 ms
[2025-12-16T03:30:18.551+0000] {subprocess.py:106} INFO - 25/12/16 03:30:18 INFO SparkContext: Starting job: save at <unknown>:0
[2025-12-16T03:30:18.586+0000] {subprocess.py:106} INFO - 25/12/16 03:30:18 INFO DAGScheduler: Got job 0 (save at <unknown>:0) with 1 output partitions
[2025-12-16T03:30:18.587+0000] {subprocess.py:106} INFO - 25/12/16 03:30:18 INFO DAGScheduler: Final stage: ResultStage 0 (save at <unknown>:0)
[2025-12-16T03:30:18.588+0000] {subprocess.py:106} INFO - 25/12/16 03:30:18 INFO DAGScheduler: Parents of final stage: List()
[2025-12-16T03:30:18.591+0000] {subprocess.py:106} INFO - 25/12/16 03:30:18 INFO DAGScheduler: Missing parents: List()
[2025-12-16T03:30:18.598+0000] {subprocess.py:106} INFO - 25/12/16 03:30:18 INFO DAGScheduler: Submitting ResultStage 0 (MapPartitionsRDD[1] at save at <unknown>:0), which has no missing parents
[2025-12-16T03:30:18.818+0000] {subprocess.py:106} INFO - 25/12/16 03:30:18 INFO MemoryStore: Block broadcast_0 stored as values in memory (estimated size 356.0 KiB, free 434.1 MiB)
[2025-12-16T03:30:18.892+0000] {subprocess.py:106} INFO - 25/12/16 03:30:18 INFO MemoryStore: Block broadcast_0_piece0 stored as bytes in memory (estimated size 130.4 KiB, free 433.9 MiB)
[2025-12-16T03:30:18.900+0000] {subprocess.py:106} INFO - 25/12/16 03:30:18 INFO BlockManagerInfo: Added broadcast_0_piece0 in memory on 3ad9a82189be:43975 (size: 130.4 KiB, free: 434.3 MiB)
[2025-12-16T03:30:18.935+0000] {subprocess.py:106} INFO - 25/12/16 03:30:18 INFO SparkContext: Created broadcast 0 from broadcast at DAGScheduler.scala:1535
[2025-12-16T03:30:18.962+0000] {subprocess.py:106} INFO - 25/12/16 03:30:18 INFO DAGScheduler: Submitting 1 missing tasks from ResultStage 0 (MapPartitionsRDD[1] at save at <unknown>:0) (first 15 tasks are for partitions Vector(0))
[2025-12-16T03:30:18.964+0000] {subprocess.py:106} INFO - 25/12/16 03:30:18 INFO TaskSchedulerImpl: Adding task set 0.0 with 1 tasks resource profile 0
[2025-12-16T03:30:34.009+0000] {subprocess.py:106} INFO - 25/12/16 03:30:33 WARN TaskSchedulerImpl: Initial job has not accepted any resources; check your cluster UI to ensure that workers are registered and have sufficient resources
[2025-12-16T03:30:42.145+0000] {subprocess.py:106} INFO - 25/12/16 03:30:42 INFO StandaloneAppClient$ClientEndpoint: Executor added: app-20251216033007-0004/0 on worker-20251216030335-172.18.0.7-41979 (172.18.0.7:41979) with 16 core(s)
[2025-12-16T03:30:42.149+0000] {subprocess.py:106} INFO - 25/12/16 03:30:42 INFO StandaloneSchedulerBackend: Granted executor ID app-20251216033007-0004/0 on hostPort 172.18.0.7:41979 with 16 core(s), 1024.0 MiB RAM
[2025-12-16T03:30:42.301+0000] {subprocess.py:106} INFO - 25/12/16 03:30:42 INFO StandaloneAppClient$ClientEndpoint: Executor updated: app-20251216033007-0004/0 is now RUNNING
[2025-12-16T03:30:45.170+0000] {subprocess.py:106} INFO - 25/12/16 03:30:45 INFO StandaloneSchedulerBackend$StandaloneDriverEndpoint: Registered executor NettyRpcEndpointRef(spark-client://Executor) (172.18.0.7:48596) with ID 0,  ResourceProfileId 0
[2025-12-16T03:30:45.294+0000] {subprocess.py:106} INFO - 25/12/16 03:30:45 INFO BlockManagerMasterEndpoint: Registering block manager 172.18.0.7:34849 with 434.4 MiB RAM, BlockManagerId(0, 172.18.0.7, 34849, None)
[2025-12-16T03:30:49.523+0000] {subprocess.py:106} INFO - 25/12/16 03:30:49 INFO TaskSetManager: Starting task 0.0 in stage 0.0 (TID 0) (172.18.0.7, executor 0, partition 0, PROCESS_LOCAL, 7575 bytes)
[2025-12-16T03:30:49.810+0000] {subprocess.py:106} INFO - 25/12/16 03:30:49 INFO BlockManagerInfo: Added broadcast_0_piece0 in memory on 172.18.0.7:34849 (size: 130.4 KiB, free: 434.3 MiB)
[2025-12-16T03:30:56.581+0000] {subprocess.py:106} INFO - 25/12/16 03:30:56 INFO TaskSetManager: Finished task 0.0 in stage 0.0 (TID 0) in 7074 ms on 172.18.0.7 (executor 0) (1/1)
[2025-12-16T03:30:56.584+0000] {subprocess.py:106} INFO - 25/12/16 03:30:56 INFO TaskSchedulerImpl: Removed TaskSet 0.0, whose tasks have all completed, from pool
[2025-12-16T03:30:56.589+0000] {subprocess.py:106} INFO - 25/12/16 03:30:56 INFO DAGScheduler: ResultStage 0 (save at <unknown>:0) finished in 37.971 s
[2025-12-16T03:30:56.595+0000] {subprocess.py:106} INFO - 25/12/16 03:30:56 INFO DAGScheduler: Job 0 is finished. Cancelling potential speculative or zombie tasks for this job
[2025-12-16T03:30:56.595+0000] {subprocess.py:106} INFO - 25/12/16 03:30:56 INFO TaskSchedulerImpl: Killing all running tasks in stage 0: Stage finished
[2025-12-16T03:30:56.600+0000] {subprocess.py:106} INFO - 25/12/16 03:30:56 INFO DAGScheduler: Job 0 finished: save at <unknown>:0, took 38.051417 s
[2025-12-16T03:30:56.607+0000] {subprocess.py:106} INFO - 25/12/16 03:30:56 INFO FileFormatWriter: Start to commit write Job 46fb1bdc-ea4d-46ec-95ae-0e141ee5884b.
[2025-12-16T03:30:56.611+0000] {subprocess.py:106} INFO - 25/12/16 03:30:56 INFO FileFormatWriter: Write Job 46fb1bdc-ea4d-46ec-95ae-0e141ee5884b committed. Elapsed time: 1 ms.
[2025-12-16T03:30:56.611+0000] {subprocess.py:106} INFO - 25/12/16 03:30:56 INFO FileFormatWriter: Finished processing stats for write job 46fb1bdc-ea4d-46ec-95ae-0e141ee5884b.
[2025-12-16T03:30:56.688+0000] {subprocess.py:106} INFO - 25/12/16 03:30:56 INFO BlockManagerInfo: Removed broadcast_0_piece0 on 3ad9a82189be:43975 in memory (size: 130.4 KiB, free: 434.4 MiB)
[2025-12-16T03:30:56.693+0000] {subprocess.py:106} INFO - 25/12/16 03:30:56 INFO BlockManagerInfo: Removed broadcast_0_piece0 on 172.18.0.7:34849 in memory (size: 130.4 KiB, free: 434.4 MiB)
[2025-12-16T03:30:58.320+0000] {subprocess.py:106} INFO - 25/12/16 03:30:58 INFO CodeGenerator: Code generated in 362.271073 ms
[2025-12-16T03:30:58.427+0000] {subprocess.py:106} INFO - 25/12/16 03:30:58 INFO SparkContext: Starting job: $anonfun$recordDeltaOperationInternal$1 at DatabricksLogging.scala:128
[2025-12-16T03:30:58.427+0000] {subprocess.py:106} INFO - 25/12/16 03:30:58 INFO DAGScheduler: Job 1 finished: $anonfun$recordDeltaOperationInternal$1 at DatabricksLogging.scala:128, took 0.000606 s
[2025-12-16T03:30:58.511+0000] {subprocess.py:106} INFO - 25/12/16 03:30:58 INFO OptimisticTransaction: [tableId=3162999c,txnId=0df58662] Attempting to commit version 0 with 4 actions with Serializable isolation level
[2025-12-16T03:30:58.889+0000] {subprocess.py:106} INFO - 25/12/16 03:30:58 INFO DeltaLog: Creating a new snapshot v0 for commit version 0
[2025-12-16T03:30:58.890+0000] {subprocess.py:106} INFO - 25/12/16 03:30:58 INFO DeltaLog: Loading version 0.
[2025-12-16T03:30:58.924+0000] {subprocess.py:106} INFO - 25/12/16 03:30:58 INFO DeltaLogFileIndex: Created DeltaLogFileIndex(JSON, numFilesInSegment: 1, totalFileSize: 2357)
[2025-12-16T03:30:59.195+0000] {subprocess.py:106} INFO - 25/12/16 03:30:59 INFO FileSourceStrategy: Pushed Filters:
[2025-12-16T03:30:59.196+0000] {subprocess.py:106} INFO - 25/12/16 03:30:59 INFO FileSourceStrategy: Post-Scan Filters:
[2025-12-16T03:30:59.287+0000] {subprocess.py:106} INFO - 25/12/16 03:30:59 INFO CodeGenerator: Code generated in 42.354293 ms
[2025-12-16T03:30:59.303+0000] {subprocess.py:106} INFO - 25/12/16 03:30:59 INFO MemoryStore: Block broadcast_1 stored as values in memory (estimated size 212.9 KiB, free 434.2 MiB)
[2025-12-16T03:30:59.321+0000] {subprocess.py:106} INFO - 25/12/16 03:30:59 INFO MemoryStore: Block broadcast_1_piece0 stored as bytes in memory (estimated size 36.4 KiB, free 434.2 MiB)
[2025-12-16T03:30:59.323+0000] {subprocess.py:106} INFO - 25/12/16 03:30:59 INFO BlockManagerInfo: Added broadcast_1_piece0 in memory on 3ad9a82189be:43975 (size: 36.4 KiB, free: 434.4 MiB)
[2025-12-16T03:30:59.324+0000] {subprocess.py:106} INFO - 25/12/16 03:30:59 INFO SparkContext: Created broadcast 1 from toString at <unknown>:0
[2025-12-16T03:30:59.379+0000] {subprocess.py:106} INFO - 25/12/16 03:30:59 INFO FileSourceScanExec: Planning scan with bin packing, max size: 4194304 bytes, open cost is considered as scanning 4194304 bytes.
[2025-12-16T03:30:59.443+0000] {subprocess.py:106} INFO - 25/12/16 03:30:59 INFO SparkContext: Starting job: toString at <unknown>:0
[2025-12-16T03:30:59.445+0000] {subprocess.py:106} INFO - 25/12/16 03:30:59 INFO DAGScheduler: Got job 2 (toString at <unknown>:0) with 1 output partitions
[2025-12-16T03:30:59.446+0000] {subprocess.py:106} INFO - 25/12/16 03:30:59 INFO DAGScheduler: Final stage: ResultStage 1 (toString at <unknown>:0)
[2025-12-16T03:30:59.446+0000] {subprocess.py:106} INFO - 25/12/16 03:30:59 INFO DAGScheduler: Parents of final stage: List()
[2025-12-16T03:30:59.447+0000] {subprocess.py:106} INFO - 25/12/16 03:30:59 INFO DAGScheduler: Missing parents: List()
[2025-12-16T03:30:59.448+0000] {subprocess.py:106} INFO - 25/12/16 03:30:59 INFO DAGScheduler: Submitting ResultStage 1 (MapPartitionsRDD[9] at toString at <unknown>:0), which has no missing parents
[2025-12-16T03:30:59.455+0000] {subprocess.py:106} INFO - 25/12/16 03:30:59 INFO MemoryStore: Block broadcast_2 stored as values in memory (estimated size 50.4 KiB, free 434.1 MiB)
[2025-12-16T03:30:59.466+0000] {subprocess.py:106} INFO - 25/12/16 03:30:59 INFO MemoryStore: Block broadcast_2_piece0 stored as bytes in memory (estimated size 15.5 KiB, free 434.1 MiB)
[2025-12-16T03:30:59.468+0000] {subprocess.py:106} INFO - 25/12/16 03:30:59 INFO BlockManagerInfo: Added broadcast_2_piece0 in memory on 3ad9a82189be:43975 (size: 15.5 KiB, free: 434.3 MiB)
[2025-12-16T03:30:59.469+0000] {subprocess.py:106} INFO - 25/12/16 03:30:59 INFO SparkContext: Created broadcast 2 from broadcast at DAGScheduler.scala:1535
[2025-12-16T03:30:59.471+0000] {subprocess.py:106} INFO - 25/12/16 03:30:59 INFO DAGScheduler: Submitting 1 missing tasks from ResultStage 1 (MapPartitionsRDD[9] at toString at <unknown>:0) (first 15 tasks are for partitions Vector(0))
[2025-12-16T03:30:59.473+0000] {subprocess.py:106} INFO - 25/12/16 03:30:59 INFO TaskSchedulerImpl: Adding task set 1.0 with 1 tasks resource profile 0
[2025-12-16T03:30:59.478+0000] {subprocess.py:106} INFO - 25/12/16 03:30:59 INFO TaskSetManager: Starting task 0.0 in stage 1.0 (TID 1) (172.18.0.7, executor 0, partition 0, PROCESS_LOCAL, 7940 bytes)
[2025-12-16T03:30:59.535+0000] {subprocess.py:106} INFO - 25/12/16 03:30:59 INFO BlockManagerInfo: Added broadcast_2_piece0 in memory on 172.18.0.7:34849 (size: 15.5 KiB, free: 434.4 MiB)
[2025-12-16T03:30:59.854+0000] {subprocess.py:106} INFO - 25/12/16 03:30:59 INFO BlockManagerInfo: Added broadcast_1_piece0 in memory on 172.18.0.7:34849 (size: 36.4 KiB, free: 434.3 MiB)
[2025-12-16T03:31:00.037+0000] {subprocess.py:106} INFO - 25/12/16 03:31:00 INFO TaskSetManager: Finished task 0.0 in stage 1.0 (TID 1) in 562 ms on 172.18.0.7 (executor 0) (1/1)
[2025-12-16T03:31:00.040+0000] {subprocess.py:106} INFO - 25/12/16 03:31:00 INFO TaskSchedulerImpl: Removed TaskSet 1.0, whose tasks have all completed, from pool
[2025-12-16T03:31:00.041+0000] {subprocess.py:106} INFO - 25/12/16 03:31:00 INFO DAGScheduler: ResultStage 1 (toString at <unknown>:0) finished in 0.587 s
[2025-12-16T03:31:00.042+0000] {subprocess.py:106} INFO - 25/12/16 03:31:00 INFO DAGScheduler: Job 2 is finished. Cancelling potential speculative or zombie tasks for this job
[2025-12-16T03:31:00.047+0000] {subprocess.py:106} INFO - 25/12/16 03:31:00 INFO TaskSchedulerImpl: Killing all running tasks in stage 1: Stage finished
[2025-12-16T03:31:00.051+0000] {subprocess.py:106} INFO - 25/12/16 03:31:00 INFO DAGScheduler: Job 2 finished: toString at <unknown>:0, took 0.597430 s
[2025-12-16T03:31:00.117+0000] {subprocess.py:106} INFO - 25/12/16 03:31:00 INFO CodeGenerator: Code generated in 42.869307 ms
[2025-12-16T03:31:00.126+0000] {subprocess.py:106} INFO - 25/12/16 03:31:00 INFO Snapshot: [tableId=3162999c-9943-4425-a94a-6758a81fa2f6] Created snapshot Snapshot(path=s3a://gold/dim_date/_delta_log, version=0, metadata=Metadata(e86e3233-73bc-4002-a963-acd1fb041933,null,null,Format(parquet,Map()),{"type":"struct","fields":[{"name":"date_key","type":"date","nullable":true,"metadata":{}},{"name":"year","type":"integer","nullable":true,"metadata":{}},{"name":"quarter","type":"integer","nullable":true,"metadata":{}},{"name":"month","type":"integer","nullable":true,"metadata":{}},{"name":"day","type":"integer","nullable":true,"metadata":{}},{"name":"day_of_week","type":"integer","nullable":true,"metadata":{}},{"name":"day_name_short","type":"string","nullable":true,"metadata":{}},{"name":"day_name_full","type":"string","nullable":true,"metadata":{}},{"name":"month_name_short","type":"string","nullable":true,"metadata":{}},{"name":"week_of_year","type":"integer","nullable":true,"metadata":{}},{"name":"is_weekend","type":"boolean","nullable":true,"metadata":{}}]},List(),Map(),Some(1765855816025)), logSegment=LogSegment(s3a://gold/dim_date/_delta_log,0,WrappedArray(S3AFileStatus{path=s3a://gold/dim_date/_delta_log/00000000000000000000.json; isDirectory=false; length=2357; replication=1; blocksize=33554432; modification_time=1765855858791; access_time=0; owner=root; group=root; permission=rw-rw-rw-; isSymlink=false; hasAcl=false; isEncrypted=true; isErasureCoded=false} isEmptyDirectory=FALSE eTag=fd065538c0a46fc30361839bc5cf5ea9 versionId=null),None,1765855858791), checksumOpt=None)
[2025-12-16T03:31:00.128+0000] {subprocess.py:106} INFO - 25/12/16 03:31:00 INFO DeltaLog: Updated snapshot to Snapshot(path=s3a://gold/dim_date/_delta_log, version=0, metadata=Metadata(e86e3233-73bc-4002-a963-acd1fb041933,null,null,Format(parquet,Map()),{"type":"struct","fields":[{"name":"date_key","type":"date","nullable":true,"metadata":{}},{"name":"year","type":"integer","nullable":true,"metadata":{}},{"name":"quarter","type":"integer","nullable":true,"metadata":{}},{"name":"month","type":"integer","nullable":true,"metadata":{}},{"name":"day","type":"integer","nullable":true,"metadata":{}},{"name":"day_of_week","type":"integer","nullable":true,"metadata":{}},{"name":"day_name_short","type":"string","nullable":true,"metadata":{}},{"name":"day_name_full","type":"string","nullable":true,"metadata":{}},{"name":"month_name_short","type":"string","nullable":true,"metadata":{}},{"name":"week_of_year","type":"integer","nullable":true,"metadata":{}},{"name":"is_weekend","type":"boolean","nullable":true,"metadata":{}}]},List(),Map(),Some(1765855816025)), logSegment=LogSegment(s3a://gold/dim_date/_delta_log,0,WrappedArray(S3AFileStatus{path=s3a://gold/dim_date/_delta_log/00000000000000000000.json; isDirectory=false; length=2357; replication=1; blocksize=33554432; modification_time=1765855858791; access_time=0; owner=root; group=root; permission=rw-rw-rw-; isSymlink=false; hasAcl=false; isEncrypted=true; isErasureCoded=false} isEmptyDirectory=FALSE eTag=fd065538c0a46fc30361839bc5cf5ea9 versionId=null),None,1765855858791), checksumOpt=None)
[2025-12-16T03:31:00.131+0000] {subprocess.py:106} INFO - 25/12/16 03:31:00 INFO Snapshot: [tableId=e86e3233-73bc-4002-a963-acd1fb041933] DELTA: Compute snapshot for version: 0
[2025-12-16T03:31:00.140+0000] {subprocess.py:106} INFO - 25/12/16 03:31:00 INFO MemoryStore: Block broadcast_3 stored as values in memory (estimated size 212.3 KiB, free 433.9 MiB)
[2025-12-16T03:31:00.158+0000] {subprocess.py:106} INFO - 25/12/16 03:31:00 INFO BlockManagerInfo: Removed broadcast_2_piece0 on 3ad9a82189be:43975 in memory (size: 15.5 KiB, free: 434.4 MiB)
[2025-12-16T03:31:00.162+0000] {subprocess.py:106} INFO - 25/12/16 03:31:00 INFO MemoryStore: Block broadcast_3_piece0 stored as bytes in memory (estimated size 36.2 KiB, free 433.9 MiB)
[2025-12-16T03:31:00.163+0000] {subprocess.py:106} INFO - 25/12/16 03:31:00 INFO BlockManagerInfo: Removed broadcast_2_piece0 on 172.18.0.7:34849 in memory (size: 15.5 KiB, free: 434.4 MiB)
[2025-12-16T03:31:00.165+0000] {subprocess.py:106} INFO - 25/12/16 03:31:00 INFO BlockManagerInfo: Added broadcast_3_piece0 in memory on 3ad9a82189be:43975 (size: 36.2 KiB, free: 434.3 MiB)
[2025-12-16T03:31:00.167+0000] {subprocess.py:106} INFO - 25/12/16 03:31:00 INFO SparkContext: Created broadcast 3 from $anonfun$recordDeltaOperationInternal$1 at DatabricksLogging.scala:128
[2025-12-16T03:31:00.492+0000] {subprocess.py:106} INFO - 25/12/16 03:31:00 INFO BlockManagerInfo: Removed broadcast_1_piece0 on 3ad9a82189be:43975 in memory (size: 36.4 KiB, free: 434.4 MiB)
[2025-12-16T03:31:00.494+0000] {subprocess.py:106} INFO - 25/12/16 03:31:00 INFO BlockManagerInfo: Removed broadcast_1_piece0 on 172.18.0.7:34849 in memory (size: 36.4 KiB, free: 434.4 MiB)
[2025-12-16T03:31:00.680+0000] {subprocess.py:106} INFO - 25/12/16 03:31:00 INFO FileSourceStrategy: Pushed Filters:
[2025-12-16T03:31:00.681+0000] {subprocess.py:106} INFO - 25/12/16 03:31:00 INFO FileSourceStrategy: Post-Scan Filters:
[2025-12-16T03:31:00.754+0000] {subprocess.py:106} INFO - 25/12/16 03:31:00 WARN package: Truncated the string representation of a plan since it was too large. This behavior can be adjusted by setting 'spark.sql.debug.maxToStringFields'.
[2025-12-16T03:31:01.004+0000] {subprocess.py:106} INFO - 25/12/16 03:31:01 INFO CodeGenerator: Code generated in 106.077006 ms
[2025-12-16T03:31:01.009+0000] {subprocess.py:106} INFO - 25/12/16 03:31:01 INFO MemoryStore: Block broadcast_4 stored as values in memory (estimated size 212.9 KiB, free 433.9 MiB)
[2025-12-16T03:31:01.027+0000] {subprocess.py:106} INFO - 25/12/16 03:31:01 INFO MemoryStore: Block broadcast_4_piece0 stored as bytes in memory (estimated size 36.4 KiB, free 433.9 MiB)
[2025-12-16T03:31:01.030+0000] {subprocess.py:106} INFO - 25/12/16 03:31:01 INFO BlockManagerInfo: Added broadcast_4_piece0 in memory on 3ad9a82189be:43975 (size: 36.4 KiB, free: 434.3 MiB)
[2025-12-16T03:31:01.033+0000] {subprocess.py:106} INFO - 25/12/16 03:31:01 INFO SparkContext: Created broadcast 4 from $anonfun$recordDeltaOperationInternal$1 at DatabricksLogging.scala:128
[2025-12-16T03:31:01.035+0000] {subprocess.py:106} INFO - 25/12/16 03:31:01 INFO FileSourceScanExec: Planning scan with bin packing, max size: 4194304 bytes, open cost is considered as scanning 4194304 bytes.
[2025-12-16T03:31:01.114+0000] {subprocess.py:106} INFO - 25/12/16 03:31:01 INFO DAGScheduler: Registering RDD 13 ($anonfun$recordDeltaOperationInternal$1 at DatabricksLogging.scala:128) as input to shuffle 0
[2025-12-16T03:31:01.121+0000] {subprocess.py:106} INFO - 25/12/16 03:31:01 INFO DAGScheduler: Got map stage job 3 ($anonfun$recordDeltaOperationInternal$1 at DatabricksLogging.scala:128) with 1 output partitions
[2025-12-16T03:31:01.122+0000] {subprocess.py:106} INFO - 25/12/16 03:31:01 INFO DAGScheduler: Final stage: ShuffleMapStage 2 ($anonfun$recordDeltaOperationInternal$1 at DatabricksLogging.scala:128)
[2025-12-16T03:31:01.123+0000] {subprocess.py:106} INFO - 25/12/16 03:31:01 INFO DAGScheduler: Parents of final stage: List()
[2025-12-16T03:31:01.124+0000] {subprocess.py:106} INFO - 25/12/16 03:31:01 INFO DAGScheduler: Missing parents: List()
[2025-12-16T03:31:01.126+0000] {subprocess.py:106} INFO - 25/12/16 03:31:01 INFO DAGScheduler: Submitting ShuffleMapStage 2 (MapPartitionsRDD[13] at $anonfun$recordDeltaOperationInternal$1 at DatabricksLogging.scala:128), which has no missing parents
[2025-12-16T03:31:01.155+0000] {subprocess.py:106} INFO - 25/12/16 03:31:01 INFO MemoryStore: Block broadcast_5 stored as values in memory (estimated size 138.3 KiB, free 433.8 MiB)
[2025-12-16T03:31:01.166+0000] {subprocess.py:106} INFO - 25/12/16 03:31:01 INFO MemoryStore: Block broadcast_5_piece0 stored as bytes in memory (estimated size 39.0 KiB, free 433.7 MiB)
[2025-12-16T03:31:01.169+0000] {subprocess.py:106} INFO - 25/12/16 03:31:01 INFO BlockManagerInfo: Added broadcast_5_piece0 in memory on 3ad9a82189be:43975 (size: 39.0 KiB, free: 434.3 MiB)
[2025-12-16T03:31:01.175+0000] {subprocess.py:106} INFO - 25/12/16 03:31:01 INFO SparkContext: Created broadcast 5 from broadcast at DAGScheduler.scala:1535
[2025-12-16T03:31:01.176+0000] {subprocess.py:106} INFO - 25/12/16 03:31:01 INFO DAGScheduler: Submitting 1 missing tasks from ShuffleMapStage 2 (MapPartitionsRDD[13] at $anonfun$recordDeltaOperationInternal$1 at DatabricksLogging.scala:128) (first 15 tasks are for partitions Vector(0))
[2025-12-16T03:31:01.177+0000] {subprocess.py:106} INFO - 25/12/16 03:31:01 INFO TaskSchedulerImpl: Adding task set 2.0 with 1 tasks resource profile 0
[2025-12-16T03:31:01.178+0000] {subprocess.py:106} INFO - 25/12/16 03:31:01 INFO TaskSetManager: Starting task 0.0 in stage 2.0 (TID 2) (172.18.0.7, executor 0, partition 0, PROCESS_LOCAL, 7929 bytes)
[2025-12-16T03:31:01.222+0000] {subprocess.py:106} INFO - 25/12/16 03:31:01 INFO BlockManagerInfo: Added broadcast_5_piece0 in memory on 172.18.0.7:34849 (size: 39.0 KiB, free: 434.4 MiB)
[2025-12-16T03:31:01.861+0000] {subprocess.py:106} INFO - 25/12/16 03:31:01 INFO BlockManagerInfo: Added broadcast_4_piece0 in memory on 172.18.0.7:34849 (size: 36.4 KiB, free: 434.3 MiB)
[2025-12-16T03:31:02.011+0000] {subprocess.py:106} INFO - 25/12/16 03:31:02 INFO TaskSetManager: Finished task 0.0 in stage 2.0 (TID 2) in 834 ms on 172.18.0.7 (executor 0) (1/1)
[2025-12-16T03:31:02.018+0000] {subprocess.py:106} INFO - 25/12/16 03:31:02 INFO TaskSchedulerImpl: Removed TaskSet 2.0, whose tasks have all completed, from pool
[2025-12-16T03:31:02.020+0000] {subprocess.py:106} INFO - 25/12/16 03:31:02 INFO DAGScheduler: ShuffleMapStage 2 ($anonfun$recordDeltaOperationInternal$1 at DatabricksLogging.scala:128) finished in 0.883 s
[2025-12-16T03:31:02.020+0000] {subprocess.py:106} INFO - 25/12/16 03:31:02 INFO DAGScheduler: looking for newly runnable stages
[2025-12-16T03:31:02.021+0000] {subprocess.py:106} INFO - 25/12/16 03:31:02 INFO DAGScheduler: running: Set()
[2025-12-16T03:31:02.022+0000] {subprocess.py:106} INFO - 25/12/16 03:31:02 INFO DAGScheduler: waiting: Set()
[2025-12-16T03:31:02.023+0000] {subprocess.py:106} INFO - 25/12/16 03:31:02 INFO DAGScheduler: failed: Set()
[2025-12-16T03:31:02.161+0000] {subprocess.py:106} INFO - 25/12/16 03:31:02 INFO BlockManagerInfo: Removed broadcast_5_piece0 on 3ad9a82189be:43975 in memory (size: 39.0 KiB, free: 434.3 MiB)
[2025-12-16T03:31:02.165+0000] {subprocess.py:106} INFO - 25/12/16 03:31:02 INFO BlockManagerInfo: Removed broadcast_5_piece0 on 172.18.0.7:34849 in memory (size: 39.0 KiB, free: 434.4 MiB)
[2025-12-16T03:31:02.541+0000] {subprocess.py:106} INFO - 25/12/16 03:31:02 INFO CodeGenerator: Generated method too long to be JIT compiled: org.apache.spark.sql.catalyst.expressions.GeneratedClass$GeneratedIteratorForCodegenStage3.serializefromobject_doConsume_0$ is 19938 bytes
[2025-12-16T03:31:02.542+0000] {subprocess.py:106} INFO - 25/12/16 03:31:02 INFO CodeGenerator: Code generated in 274.130935 ms
[2025-12-16T03:31:02.638+0000] {subprocess.py:106} INFO - 25/12/16 03:31:02 INFO CodeGenerator: Code generated in 62.299931 ms
[2025-12-16T03:31:03.089+0000] {subprocess.py:106} INFO - 25/12/16 03:31:03 INFO CodeGenerator: Code generated in 66.946546 ms
[2025-12-16T03:31:03.101+0000] {subprocess.py:106} INFO - 25/12/16 03:31:03 INFO DAGScheduler: Registering RDD 23 ($anonfun$recordDeltaOperationInternal$1 at DatabricksLogging.scala:128) as input to shuffle 1
[2025-12-16T03:31:03.103+0000] {subprocess.py:106} INFO - 25/12/16 03:31:03 INFO DAGScheduler: Got map stage job 4 ($anonfun$recordDeltaOperationInternal$1 at DatabricksLogging.scala:128) with 50 output partitions
[2025-12-16T03:31:03.104+0000] {subprocess.py:106} INFO - 25/12/16 03:31:03 INFO DAGScheduler: Final stage: ShuffleMapStage 4 ($anonfun$recordDeltaOperationInternal$1 at DatabricksLogging.scala:128)
[2025-12-16T03:31:03.104+0000] {subprocess.py:106} INFO - 25/12/16 03:31:03 INFO DAGScheduler: Parents of final stage: List(ShuffleMapStage 3)
[2025-12-16T03:31:03.106+0000] {subprocess.py:106} INFO - 25/12/16 03:31:03 INFO DAGScheduler: Missing parents: List()
[2025-12-16T03:31:03.107+0000] {subprocess.py:106} INFO - 25/12/16 03:31:03 INFO DAGScheduler: Submitting ShuffleMapStage 4 (MapPartitionsRDD[23] at $anonfun$recordDeltaOperationInternal$1 at DatabricksLogging.scala:128), which has no missing parents
[2025-12-16T03:31:03.234+0000] {subprocess.py:106} INFO - 25/12/16 03:31:03 INFO MemoryStore: Block broadcast_6 stored as values in memory (estimated size 517.1 KiB, free 433.4 MiB)
[2025-12-16T03:31:03.238+0000] {subprocess.py:106} INFO - 25/12/16 03:31:03 INFO MemoryStore: Block broadcast_6_piece0 stored as bytes in memory (estimated size 123.3 KiB, free 433.3 MiB)
[2025-12-16T03:31:03.239+0000] {subprocess.py:106} INFO - 25/12/16 03:31:03 INFO BlockManagerInfo: Added broadcast_6_piece0 in memory on 3ad9a82189be:43975 (size: 123.3 KiB, free: 434.2 MiB)
[2025-12-16T03:31:03.240+0000] {subprocess.py:106} INFO - 25/12/16 03:31:03 INFO SparkContext: Created broadcast 6 from broadcast at DAGScheduler.scala:1535
[2025-12-16T03:31:03.242+0000] {subprocess.py:106} INFO - 25/12/16 03:31:03 INFO DAGScheduler: Submitting 50 missing tasks from ShuffleMapStage 4 (MapPartitionsRDD[23] at $anonfun$recordDeltaOperationInternal$1 at DatabricksLogging.scala:128) (first 15 tasks are for partitions Vector(0, 1, 2, 3, 4, 5, 6, 7, 8, 9, 10, 11, 12, 13, 14))
[2025-12-16T03:31:03.243+0000] {subprocess.py:106} INFO - 25/12/16 03:31:03 INFO TaskSchedulerImpl: Adding task set 4.0 with 50 tasks resource profile 0
[2025-12-16T03:31:03.262+0000] {subprocess.py:106} INFO - 25/12/16 03:31:03 INFO TaskSetManager: Starting task 1.0 in stage 4.0 (TID 3) (172.18.0.7, executor 0, partition 1, NODE_LOCAL, 7356 bytes)
[2025-12-16T03:31:03.263+0000] {subprocess.py:106} INFO - 25/12/16 03:31:03 INFO TaskSetManager: Starting task 42.0 in stage 4.0 (TID 4) (172.18.0.7, executor 0, partition 42, NODE_LOCAL, 7356 bytes)
[2025-12-16T03:31:03.265+0000] {subprocess.py:106} INFO - 25/12/16 03:31:03 INFO TaskSetManager: Starting task 0.0 in stage 4.0 (TID 5) (172.18.0.7, executor 0, partition 0, PROCESS_LOCAL, 7356 bytes)
[2025-12-16T03:31:03.266+0000] {subprocess.py:106} INFO - 25/12/16 03:31:03 INFO TaskSetManager: Starting task 2.0 in stage 4.0 (TID 6) (172.18.0.7, executor 0, partition 2, PROCESS_LOCAL, 7356 bytes)
[2025-12-16T03:31:03.267+0000] {subprocess.py:106} INFO - 25/12/16 03:31:03 INFO TaskSetManager: Starting task 3.0 in stage 4.0 (TID 7) (172.18.0.7, executor 0, partition 3, PROCESS_LOCAL, 7356 bytes)
[2025-12-16T03:31:03.268+0000] {subprocess.py:106} INFO - 25/12/16 03:31:03 INFO TaskSetManager: Starting task 4.0 in stage 4.0 (TID 8) (172.18.0.7, executor 0, partition 4, PROCESS_LOCAL, 7356 bytes)
[2025-12-16T03:31:03.269+0000] {subprocess.py:106} INFO - 25/12/16 03:31:03 INFO TaskSetManager: Starting task 5.0 in stage 4.0 (TID 9) (172.18.0.7, executor 0, partition 5, PROCESS_LOCAL, 7356 bytes)
[2025-12-16T03:31:03.270+0000] {subprocess.py:106} INFO - 25/12/16 03:31:03 INFO TaskSetManager: Starting task 6.0 in stage 4.0 (TID 10) (172.18.0.7, executor 0, partition 6, PROCESS_LOCAL, 7356 bytes)
[2025-12-16T03:31:03.271+0000] {subprocess.py:106} INFO - 25/12/16 03:31:03 INFO TaskSetManager: Starting task 7.0 in stage 4.0 (TID 11) (172.18.0.7, executor 0, partition 7, PROCESS_LOCAL, 7356 bytes)
[2025-12-16T03:31:03.272+0000] {subprocess.py:106} INFO - 25/12/16 03:31:03 INFO TaskSetManager: Starting task 8.0 in stage 4.0 (TID 12) (172.18.0.7, executor 0, partition 8, PROCESS_LOCAL, 7356 bytes)
[2025-12-16T03:31:03.273+0000] {subprocess.py:106} INFO - 25/12/16 03:31:03 INFO TaskSetManager: Starting task 9.0 in stage 4.0 (TID 13) (172.18.0.7, executor 0, partition 9, PROCESS_LOCAL, 7356 bytes)
[2025-12-16T03:31:03.273+0000] {subprocess.py:106} INFO - 25/12/16 03:31:03 INFO TaskSetManager: Starting task 10.0 in stage 4.0 (TID 14) (172.18.0.7, executor 0, partition 10, PROCESS_LOCAL, 7356 bytes)
[2025-12-16T03:31:03.277+0000] {subprocess.py:106} INFO - 25/12/16 03:31:03 INFO TaskSetManager: Starting task 11.0 in stage 4.0 (TID 15) (172.18.0.7, executor 0, partition 11, PROCESS_LOCAL, 7356 bytes)
[2025-12-16T03:31:03.279+0000] {subprocess.py:106} INFO - 25/12/16 03:31:03 INFO TaskSetManager: Starting task 12.0 in stage 4.0 (TID 16) (172.18.0.7, executor 0, partition 12, PROCESS_LOCAL, 7356 bytes)
[2025-12-16T03:31:03.280+0000] {subprocess.py:106} INFO - 25/12/16 03:31:03 INFO TaskSetManager: Starting task 13.0 in stage 4.0 (TID 17) (172.18.0.7, executor 0, partition 13, PROCESS_LOCAL, 7356 bytes)
[2025-12-16T03:31:03.281+0000] {subprocess.py:106} INFO - 25/12/16 03:31:03 INFO TaskSetManager: Starting task 14.0 in stage 4.0 (TID 18) (172.18.0.7, executor 0, partition 14, PROCESS_LOCAL, 7356 bytes)
[2025-12-16T03:31:03.324+0000] {subprocess.py:106} INFO - 25/12/16 03:31:03 INFO BlockManagerInfo: Added broadcast_6_piece0 in memory on 172.18.0.7:34849 (size: 123.3 KiB, free: 434.2 MiB)
[2025-12-16T03:31:03.950+0000] {subprocess.py:106} INFO - 25/12/16 03:31:03 INFO MapOutputTrackerMasterEndpoint: Asked to send map output locations for shuffle 0 to 172.18.0.7:48596
[2025-12-16T03:31:04.997+0000] {subprocess.py:106} INFO - 25/12/16 03:31:04 INFO BlockManagerInfo: Added rdd_20_11 in memory on 172.18.0.7:34849 (size: 46.0 B, free: 434.2 MiB)
[2025-12-16T03:31:04.998+0000] {subprocess.py:106} INFO - 25/12/16 03:31:04 INFO BlockManagerInfo: Added rdd_20_5 in memory on 172.18.0.7:34849 (size: 46.0 B, free: 434.2 MiB)
[2025-12-16T03:31:05.000+0000] {subprocess.py:106} INFO - 25/12/16 03:31:04 INFO BlockManagerInfo: Added rdd_20_12 in memory on 172.18.0.7:34849 (size: 46.0 B, free: 434.2 MiB)
[2025-12-16T03:31:05.001+0000] {subprocess.py:106} INFO - 25/12/16 03:31:04 INFO BlockManagerInfo: Added rdd_20_6 in memory on 172.18.0.7:34849 (size: 46.0 B, free: 434.2 MiB)
[2025-12-16T03:31:05.002+0000] {subprocess.py:106} INFO - 25/12/16 03:31:04 INFO BlockManagerInfo: Added rdd_20_10 in memory on 172.18.0.7:34849 (size: 46.0 B, free: 434.2 MiB)
[2025-12-16T03:31:05.004+0000] {subprocess.py:106} INFO - 25/12/16 03:31:04 INFO BlockManagerInfo: Added rdd_20_13 in memory on 172.18.0.7:34849 (size: 46.0 B, free: 434.2 MiB)
[2025-12-16T03:31:05.007+0000] {subprocess.py:106} INFO - 25/12/16 03:31:05 INFO BlockManagerInfo: Added rdd_20_0 in memory on 172.18.0.7:34849 (size: 46.0 B, free: 434.2 MiB)
[2025-12-16T03:31:05.008+0000] {subprocess.py:106} INFO - 25/12/16 03:31:05 INFO BlockManagerInfo: Added rdd_20_42 in memory on 172.18.0.7:34849 (size: 598.0 B, free: 434.2 MiB)
[2025-12-16T03:31:05.009+0000] {subprocess.py:106} INFO - 25/12/16 03:31:05 INFO BlockManagerInfo: Added rdd_20_3 in memory on 172.18.0.7:34849 (size: 46.0 B, free: 434.2 MiB)
[2025-12-16T03:31:05.009+0000] {subprocess.py:106} INFO - 25/12/16 03:31:05 INFO BlockManagerInfo: Added rdd_20_14 in memory on 172.18.0.7:34849 (size: 46.0 B, free: 434.2 MiB)
[2025-12-16T03:31:05.012+0000] {subprocess.py:106} INFO - 25/12/16 03:31:05 INFO BlockManagerInfo: Added rdd_20_7 in memory on 172.18.0.7:34849 (size: 46.0 B, free: 434.2 MiB)
[2025-12-16T03:31:05.014+0000] {subprocess.py:106} INFO - 25/12/16 03:31:05 INFO BlockManagerInfo: Added rdd_20_8 in memory on 172.18.0.7:34849 (size: 46.0 B, free: 434.2 MiB)
[2025-12-16T03:31:05.015+0000] {subprocess.py:106} INFO - 25/12/16 03:31:05 INFO BlockManagerInfo: Added rdd_20_4 in memory on 172.18.0.7:34849 (size: 46.0 B, free: 434.2 MiB)
[2025-12-16T03:31:05.018+0000] {subprocess.py:106} INFO - 25/12/16 03:31:05 INFO BlockManagerInfo: Added rdd_20_2 in memory on 172.18.0.7:34849 (size: 46.0 B, free: 434.2 MiB)
[2025-12-16T03:31:05.018+0000] {subprocess.py:106} INFO - 25/12/16 03:31:05 INFO BlockManagerInfo: Added rdd_20_9 in memory on 172.18.0.7:34849 (size: 46.0 B, free: 434.2 MiB)
[2025-12-16T03:31:05.019+0000] {subprocess.py:106} INFO - 25/12/16 03:31:05 INFO BlockManagerInfo: Added rdd_20_1 in memory on 172.18.0.7:34849 (size: 642.0 B, free: 434.2 MiB)
[2025-12-16T03:31:05.378+0000] {subprocess.py:106} INFO - 25/12/16 03:31:05 INFO TaskSetManager: Starting task 15.0 in stage 4.0 (TID 19) (172.18.0.7, executor 0, partition 15, PROCESS_LOCAL, 7356 bytes)
[2025-12-16T03:31:05.388+0000] {subprocess.py:106} INFO - 25/12/16 03:31:05 INFO TaskSetManager: Starting task 16.0 in stage 4.0 (TID 20) (172.18.0.7, executor 0, partition 16, PROCESS_LOCAL, 7356 bytes)
[2025-12-16T03:31:05.395+0000] {subprocess.py:106} INFO - 25/12/16 03:31:05 INFO TaskSetManager: Starting task 17.0 in stage 4.0 (TID 21) (172.18.0.7, executor 0, partition 17, PROCESS_LOCAL, 7356 bytes)
[2025-12-16T03:31:05.396+0000] {subprocess.py:106} INFO - 25/12/16 03:31:05 INFO TaskSetManager: Finished task 42.0 in stage 4.0 (TID 4) in 2119 ms on 172.18.0.7 (executor 0) (1/50)
[2025-12-16T03:31:05.397+0000] {subprocess.py:106} INFO - 25/12/16 03:31:05 INFO TaskSetManager: Starting task 18.0 in stage 4.0 (TID 22) (172.18.0.7, executor 0, partition 18, PROCESS_LOCAL, 7356 bytes)
[2025-12-16T03:31:05.398+0000] {subprocess.py:106} INFO - 25/12/16 03:31:05 INFO TaskSetManager: Finished task 3.0 in stage 4.0 (TID 7) in 2120 ms on 172.18.0.7 (executor 0) (2/50)
[2025-12-16T03:31:05.399+0000] {subprocess.py:106} INFO - 25/12/16 03:31:05 INFO TaskSetManager: Finished task 7.0 in stage 4.0 (TID 11) in 2117 ms on 172.18.0.7 (executor 0) (3/50)
[2025-12-16T03:31:05.407+0000] {subprocess.py:106} INFO - 25/12/16 03:31:05 INFO TaskSetManager: Starting task 19.0 in stage 4.0 (TID 23) (172.18.0.7, executor 0, partition 19, PROCESS_LOCAL, 7356 bytes)
[2025-12-16T03:31:05.411+0000] {subprocess.py:106} INFO - 25/12/16 03:31:05 INFO TaskSetManager: Finished task 1.0 in stage 4.0 (TID 3) in 2139 ms on 172.18.0.7 (executor 0) (4/50)
[2025-12-16T03:31:05.413+0000] {subprocess.py:106} INFO - 25/12/16 03:31:05 INFO TaskSetManager: Starting task 20.0 in stage 4.0 (TID 24) (172.18.0.7, executor 0, partition 20, PROCESS_LOCAL, 7356 bytes)
[2025-12-16T03:31:05.414+0000] {subprocess.py:106} INFO - 25/12/16 03:31:05 INFO TaskSetManager: Finished task 0.0 in stage 4.0 (TID 5) in 2126 ms on 172.18.0.7 (executor 0) (5/50)
[2025-12-16T03:31:05.415+0000] {subprocess.py:106} INFO - 25/12/16 03:31:05 INFO TaskSetManager: Finished task 5.0 in stage 4.0 (TID 9) in 2123 ms on 172.18.0.7 (executor 0) (6/50)
[2025-12-16T03:31:05.416+0000] {subprocess.py:106} INFO - 25/12/16 03:31:05 INFO TaskSetManager: Starting task 21.0 in stage 4.0 (TID 25) (172.18.0.7, executor 0, partition 21, PROCESS_LOCAL, 7356 bytes)
[2025-12-16T03:31:05.423+0000] {subprocess.py:106} INFO - 25/12/16 03:31:05 INFO TaskSetManager: Starting task 22.0 in stage 4.0 (TID 26) (172.18.0.7, executor 0, partition 22, PROCESS_LOCAL, 7356 bytes)
[2025-12-16T03:31:05.424+0000] {subprocess.py:106} INFO - 25/12/16 03:31:05 INFO TaskSetManager: Starting task 23.0 in stage 4.0 (TID 27) (172.18.0.7, executor 0, partition 23, PROCESS_LOCAL, 7356 bytes)
[2025-12-16T03:31:05.425+0000] {subprocess.py:106} INFO - 25/12/16 03:31:05 INFO TaskSetManager: Starting task 24.0 in stage 4.0 (TID 28) (172.18.0.7, executor 0, partition 24, PROCESS_LOCAL, 7356 bytes)
[2025-12-16T03:31:05.426+0000] {subprocess.py:106} INFO - 25/12/16 03:31:05 INFO TaskSetManager: Finished task 10.0 in stage 4.0 (TID 14) in 2131 ms on 172.18.0.7 (executor 0) (7/50)
[2025-12-16T03:31:05.426+0000] {subprocess.py:106} INFO - 25/12/16 03:31:05 INFO TaskSetManager: Starting task 25.0 in stage 4.0 (TID 29) (172.18.0.7, executor 0, partition 25, PROCESS_LOCAL, 7356 bytes)
[2025-12-16T03:31:05.427+0000] {subprocess.py:106} INFO - 25/12/16 03:31:05 INFO TaskSetManager: Starting task 26.0 in stage 4.0 (TID 30) (172.18.0.7, executor 0, partition 26, PROCESS_LOCAL, 7356 bytes)
[2025-12-16T03:31:05.428+0000] {subprocess.py:106} INFO - 25/12/16 03:31:05 INFO TaskSetManager: Finished task 2.0 in stage 4.0 (TID 6) in 2141 ms on 172.18.0.7 (executor 0) (8/50)
[2025-12-16T03:31:05.429+0000] {subprocess.py:106} INFO - 25/12/16 03:31:05 INFO TaskSetManager: Finished task 9.0 in stage 4.0 (TID 13) in 2139 ms on 172.18.0.7 (executor 0) (9/50)
[2025-12-16T03:31:05.429+0000] {subprocess.py:106} INFO - 25/12/16 03:31:05 INFO TaskSetManager: Starting task 27.0 in stage 4.0 (TID 31) (172.18.0.7, executor 0, partition 27, PROCESS_LOCAL, 7356 bytes)
[2025-12-16T03:31:05.430+0000] {subprocess.py:106} INFO - 25/12/16 03:31:05 INFO TaskSetManager: Finished task 14.0 in stage 4.0 (TID 18) in 2140 ms on 172.18.0.7 (executor 0) (10/50)
[2025-12-16T03:31:05.431+0000] {subprocess.py:106} INFO - 25/12/16 03:31:05 INFO TaskSetManager: Finished task 4.0 in stage 4.0 (TID 8) in 2147 ms on 172.18.0.7 (executor 0) (11/50)
[2025-12-16T03:31:05.435+0000] {subprocess.py:106} INFO - 25/12/16 03:31:05 INFO TaskSetManager: Finished task 12.0 in stage 4.0 (TID 16) in 2143 ms on 172.18.0.7 (executor 0) (12/50)
[2025-12-16T03:31:05.436+0000] {subprocess.py:106} INFO - 25/12/16 03:31:05 INFO TaskSetManager: Starting task 28.0 in stage 4.0 (TID 32) (172.18.0.7, executor 0, partition 28, PROCESS_LOCAL, 7356 bytes)
[2025-12-16T03:31:05.437+0000] {subprocess.py:106} INFO - 25/12/16 03:31:05 INFO TaskSetManager: Finished task 6.0 in stage 4.0 (TID 10) in 2150 ms on 172.18.0.7 (executor 0) (13/50)
[2025-12-16T03:31:05.438+0000] {subprocess.py:106} INFO - 25/12/16 03:31:05 INFO TaskSetManager: Starting task 29.0 in stage 4.0 (TID 33) (172.18.0.7, executor 0, partition 29, PROCESS_LOCAL, 7356 bytes)
[2025-12-16T03:31:05.439+0000] {subprocess.py:106} INFO - 25/12/16 03:31:05 INFO TaskSetManager: Starting task 30.0 in stage 4.0 (TID 34) (172.18.0.7, executor 0, partition 30, PROCESS_LOCAL, 7356 bytes)
[2025-12-16T03:31:05.440+0000] {subprocess.py:106} INFO - 25/12/16 03:31:05 INFO TaskSetManager: Finished task 8.0 in stage 4.0 (TID 12) in 2156 ms on 172.18.0.7 (executor 0) (14/50)
[2025-12-16T03:31:05.444+0000] {subprocess.py:106} INFO - 25/12/16 03:31:05 INFO TaskSetManager: Finished task 11.0 in stage 4.0 (TID 15) in 2155 ms on 172.18.0.7 (executor 0) (15/50)
[2025-12-16T03:31:05.450+0000] {subprocess.py:106} INFO - 25/12/16 03:31:05 INFO TaskSetManager: Finished task 13.0 in stage 4.0 (TID 17) in 2154 ms on 172.18.0.7 (executor 0) (16/50)
[2025-12-16T03:31:05.691+0000] {subprocess.py:106} INFO - 25/12/16 03:31:05 INFO BlockManagerInfo: Added rdd_20_21 in memory on 172.18.0.7:34849 (size: 46.0 B, free: 434.2 MiB)
[2025-12-16T03:31:05.693+0000] {subprocess.py:106} INFO - 25/12/16 03:31:05 INFO BlockManagerInfo: Added rdd_20_15 in memory on 172.18.0.7:34849 (size: 46.0 B, free: 434.2 MiB)
[2025-12-16T03:31:05.694+0000] {subprocess.py:106} INFO - 25/12/16 03:31:05 INFO BlockManagerInfo: Added rdd_20_27 in memory on 172.18.0.7:34849 (size: 46.0 B, free: 434.2 MiB)
[2025-12-16T03:31:05.702+0000] {subprocess.py:106} INFO - 25/12/16 03:31:05 INFO BlockManagerInfo: Added rdd_20_19 in memory on 172.18.0.7:34849 (size: 46.0 B, free: 434.2 MiB)
[2025-12-16T03:31:05.704+0000] {subprocess.py:106} INFO - 25/12/16 03:31:05 INFO BlockManagerInfo: Added rdd_20_23 in memory on 172.18.0.7:34849 (size: 46.0 B, free: 434.2 MiB)
[2025-12-16T03:31:05.715+0000] {subprocess.py:106} INFO - 25/12/16 03:31:05 INFO BlockManagerInfo: Added rdd_20_18 in memory on 172.18.0.7:34849 (size: 46.0 B, free: 434.2 MiB)
[2025-12-16T03:31:05.719+0000] {subprocess.py:106} INFO - 25/12/16 03:31:05 INFO BlockManagerInfo: Added rdd_20_16 in memory on 172.18.0.7:34849 (size: 46.0 B, free: 434.2 MiB)
[2025-12-16T03:31:05.726+0000] {subprocess.py:106} INFO - 25/12/16 03:31:05 INFO BlockManagerInfo: Added rdd_20_20 in memory on 172.18.0.7:34849 (size: 46.0 B, free: 434.2 MiB)
[2025-12-16T03:31:05.728+0000] {subprocess.py:106} INFO - 25/12/16 03:31:05 INFO BlockManagerInfo: Added rdd_20_26 in memory on 172.18.0.7:34849 (size: 46.0 B, free: 434.2 MiB)
[2025-12-16T03:31:05.729+0000] {subprocess.py:106} INFO - 25/12/16 03:31:05 INFO BlockManagerInfo: Added rdd_20_22 in memory on 172.18.0.7:34849 (size: 46.0 B, free: 434.2 MiB)
[2025-12-16T03:31:05.733+0000] {subprocess.py:106} INFO - 25/12/16 03:31:05 INFO BlockManagerInfo: Added rdd_20_24 in memory on 172.18.0.7:34849 (size: 46.0 B, free: 434.2 MiB)
[2025-12-16T03:31:05.742+0000] {subprocess.py:106} INFO - 25/12/16 03:31:05 INFO BlockManagerInfo: Added rdd_20_30 in memory on 172.18.0.7:34849 (size: 46.0 B, free: 434.2 MiB)
[2025-12-16T03:31:05.743+0000] {subprocess.py:106} INFO - 25/12/16 03:31:05 INFO BlockManagerInfo: Added rdd_20_29 in memory on 172.18.0.7:34849 (size: 46.0 B, free: 434.2 MiB)
[2025-12-16T03:31:05.744+0000] {subprocess.py:106} INFO - 25/12/16 03:31:05 INFO BlockManagerInfo: Added rdd_20_17 in memory on 172.18.0.7:34849 (size: 46.0 B, free: 434.2 MiB)
[2025-12-16T03:31:05.776+0000] {subprocess.py:106} INFO - 25/12/16 03:31:05 INFO BlockManagerInfo: Added rdd_20_28 in memory on 172.18.0.7:34849 (size: 46.0 B, free: 434.2 MiB)
[2025-12-16T03:31:05.783+0000] {subprocess.py:106} INFO - 25/12/16 03:31:05 INFO BlockManagerInfo: Added rdd_20_25 in memory on 172.18.0.7:34849 (size: 46.0 B, free: 434.2 MiB)
[2025-12-16T03:31:05.800+0000] {subprocess.py:106} INFO - 25/12/16 03:31:05 INFO TaskSetManager: Starting task 31.0 in stage 4.0 (TID 35) (172.18.0.7, executor 0, partition 31, PROCESS_LOCAL, 7356 bytes)
[2025-12-16T03:31:05.804+0000] {subprocess.py:106} INFO - 25/12/16 03:31:05 INFO TaskSetManager: Finished task 27.0 in stage 4.0 (TID 31) in 386 ms on 172.18.0.7 (executor 0) (17/50)
[2025-12-16T03:31:05.828+0000] {subprocess.py:106} INFO - 25/12/16 03:31:05 INFO TaskSetManager: Starting task 32.0 in stage 4.0 (TID 36) (172.18.0.7, executor 0, partition 32, PROCESS_LOCAL, 7356 bytes)
[2025-12-16T03:31:05.830+0000] {subprocess.py:106} INFO - 25/12/16 03:31:05 INFO TaskSetManager: Finished task 19.0 in stage 4.0 (TID 23) in 443 ms on 172.18.0.7 (executor 0) (18/50)
[2025-12-16T03:31:05.879+0000] {subprocess.py:106} INFO - 25/12/16 03:31:05 INFO TaskSetManager: Starting task 33.0 in stage 4.0 (TID 37) (172.18.0.7, executor 0, partition 33, PROCESS_LOCAL, 7356 bytes)
[2025-12-16T03:31:05.881+0000] {subprocess.py:106} INFO - 25/12/16 03:31:05 INFO TaskSetManager: Finished task 26.0 in stage 4.0 (TID 30) in 475 ms on 172.18.0.7 (executor 0) (19/50)
[2025-12-16T03:31:05.883+0000] {subprocess.py:106} INFO - 25/12/16 03:31:05 INFO TaskSetManager: Starting task 34.0 in stage 4.0 (TID 38) (172.18.0.7, executor 0, partition 34, PROCESS_LOCAL, 7356 bytes)
[2025-12-16T03:31:05.886+0000] {subprocess.py:106} INFO - 25/12/16 03:31:05 INFO TaskSetManager: Finished task 15.0 in stage 4.0 (TID 19) in 507 ms on 172.18.0.7 (executor 0) (20/50)
[2025-12-16T03:31:05.891+0000] {subprocess.py:106} INFO - 25/12/16 03:31:05 INFO TaskSetManager: Starting task 35.0 in stage 4.0 (TID 39) (172.18.0.7, executor 0, partition 35, PROCESS_LOCAL, 7356 bytes)
[2025-12-16T03:31:05.895+0000] {subprocess.py:106} INFO - 25/12/16 03:31:05 INFO TaskSetManager: Finished task 23.0 in stage 4.0 (TID 27) in 490 ms on 172.18.0.7 (executor 0) (21/50)
[2025-12-16T03:31:05.896+0000] {subprocess.py:106} INFO - 25/12/16 03:31:05 INFO TaskSetManager: Starting task 36.0 in stage 4.0 (TID 40) (172.18.0.7, executor 0, partition 36, PROCESS_LOCAL, 7356 bytes)
[2025-12-16T03:31:05.897+0000] {subprocess.py:106} INFO - 25/12/16 03:31:05 INFO TaskSetManager: Starting task 37.0 in stage 4.0 (TID 41) (172.18.0.7, executor 0, partition 37, PROCESS_LOCAL, 7356 bytes)
[2025-12-16T03:31:05.899+0000] {subprocess.py:106} INFO - 25/12/16 03:31:05 INFO TaskSetManager: Finished task 16.0 in stage 4.0 (TID 20) in 517 ms on 172.18.0.7 (executor 0) (22/50)
[2025-12-16T03:31:05.906+0000] {subprocess.py:106} INFO - 25/12/16 03:31:05 INFO TaskSetManager: Finished task 21.0 in stage 4.0 (TID 25) in 509 ms on 172.18.0.7 (executor 0) (23/50)
[2025-12-16T03:31:05.911+0000] {subprocess.py:106} INFO - 25/12/16 03:31:05 INFO TaskSetManager: Starting task 38.0 in stage 4.0 (TID 42) (172.18.0.7, executor 0, partition 38, PROCESS_LOCAL, 7356 bytes)
[2025-12-16T03:31:05.912+0000] {subprocess.py:106} INFO - 25/12/16 03:31:05 INFO TaskSetManager: Finished task 30.0 in stage 4.0 (TID 34) in 491 ms on 172.18.0.7 (executor 0) (24/50)
[2025-12-16T03:31:05.914+0000] {subprocess.py:106} INFO - 25/12/16 03:31:05 INFO TaskSetManager: Starting task 39.0 in stage 4.0 (TID 43) (172.18.0.7, executor 0, partition 39, PROCESS_LOCAL, 7356 bytes)
[2025-12-16T03:31:05.916+0000] {subprocess.py:106} INFO - 25/12/16 03:31:05 INFO TaskSetManager: Finished task 24.0 in stage 4.0 (TID 28) in 516 ms on 172.18.0.7 (executor 0) (25/50)
[2025-12-16T03:31:05.923+0000] {subprocess.py:106} INFO - 25/12/16 03:31:05 INFO TaskSetManager: Starting task 40.0 in stage 4.0 (TID 44) (172.18.0.7, executor 0, partition 40, PROCESS_LOCAL, 7356 bytes)
[2025-12-16T03:31:05.924+0000] {subprocess.py:106} INFO - 25/12/16 03:31:05 INFO TaskSetManager: Finished task 18.0 in stage 4.0 (TID 22) in 533 ms on 172.18.0.7 (executor 0) (26/50)
[2025-12-16T03:31:05.943+0000] {subprocess.py:106} INFO - 25/12/16 03:31:05 INFO TaskSetManager: Starting task 41.0 in stage 4.0 (TID 45) (172.18.0.7, executor 0, partition 41, PROCESS_LOCAL, 7356 bytes)
[2025-12-16T03:31:05.944+0000] {subprocess.py:106} INFO - 25/12/16 03:31:05 INFO TaskSetManager: Finished task 22.0 in stage 4.0 (TID 26) in 544 ms on 172.18.0.7 (executor 0) (27/50)
[2025-12-16T03:31:05.959+0000] {subprocess.py:106} INFO - 25/12/16 03:31:05 INFO TaskSetManager: Starting task 43.0 in stage 4.0 (TID 46) (172.18.0.7, executor 0, partition 43, PROCESS_LOCAL, 7356 bytes)
[2025-12-16T03:31:05.963+0000] {subprocess.py:106} INFO - 25/12/16 03:31:05 INFO TaskSetManager: Finished task 17.0 in stage 4.0 (TID 21) in 579 ms on 172.18.0.7 (executor 0) (28/50)
[2025-12-16T03:31:05.971+0000] {subprocess.py:106} INFO - 25/12/16 03:31:05 INFO TaskSetManager: Starting task 44.0 in stage 4.0 (TID 47) (172.18.0.7, executor 0, partition 44, PROCESS_LOCAL, 7356 bytes)
[2025-12-16T03:31:05.972+0000] {subprocess.py:106} INFO - 25/12/16 03:31:05 INFO TaskSetManager: Starting task 45.0 in stage 4.0 (TID 48) (172.18.0.7, executor 0, partition 45, PROCESS_LOCAL, 7356 bytes)
[2025-12-16T03:31:05.973+0000] {subprocess.py:106} INFO - 25/12/16 03:31:05 INFO TaskSetManager: Finished task 20.0 in stage 4.0 (TID 24) in 578 ms on 172.18.0.7 (executor 0) (29/50)
[2025-12-16T03:31:05.974+0000] {subprocess.py:106} INFO - 25/12/16 03:31:05 INFO TaskSetManager: Finished task 29.0 in stage 4.0 (TID 33) in 548 ms on 172.18.0.7 (executor 0) (30/50)
[2025-12-16T03:31:05.981+0000] {subprocess.py:106} INFO - 25/12/16 03:31:05 INFO TaskSetManager: Starting task 46.0 in stage 4.0 (TID 49) (172.18.0.7, executor 0, partition 46, PROCESS_LOCAL, 7356 bytes)
[2025-12-16T03:31:05.984+0000] {subprocess.py:106} INFO - 25/12/16 03:31:05 INFO TaskSetManager: Starting task 47.0 in stage 4.0 (TID 50) (172.18.0.7, executor 0, partition 47, PROCESS_LOCAL, 7356 bytes)
[2025-12-16T03:31:05.987+0000] {subprocess.py:106} INFO - 25/12/16 03:31:05 INFO TaskSetManager: Finished task 25.0 in stage 4.0 (TID 29) in 582 ms on 172.18.0.7 (executor 0) (31/50)
[2025-12-16T03:31:05.988+0000] {subprocess.py:106} INFO - 25/12/16 03:31:05 INFO TaskSetManager: Finished task 28.0 in stage 4.0 (TID 32) in 569 ms on 172.18.0.7 (executor 0) (32/50)
[2025-12-16T03:31:06.088+0000] {subprocess.py:106} INFO - 25/12/16 03:31:06 INFO BlockManagerInfo: Added rdd_20_32 in memory on 172.18.0.7:34849 (size: 46.0 B, free: 434.2 MiB)
[2025-12-16T03:31:06.095+0000] {subprocess.py:106} INFO - 25/12/16 03:31:06 INFO BlockManagerInfo: Added rdd_20_33 in memory on 172.18.0.7:34849 (size: 46.0 B, free: 434.2 MiB)
[2025-12-16T03:31:06.106+0000] {subprocess.py:106} INFO - 25/12/16 03:31:06 INFO BlockManagerInfo: Added rdd_20_34 in memory on 172.18.0.7:34849 (size: 46.0 B, free: 434.2 MiB)
[2025-12-16T03:31:06.114+0000] {subprocess.py:106} INFO - 25/12/16 03:31:06 INFO BlockManagerInfo: Added rdd_20_35 in memory on 172.18.0.7:34849 (size: 46.0 B, free: 434.2 MiB)
[2025-12-16T03:31:06.122+0000] {subprocess.py:106} INFO - 25/12/16 03:31:06 INFO BlockManagerInfo: Added rdd_20_31 in memory on 172.18.0.7:34849 (size: 46.0 B, free: 434.2 MiB)
[2025-12-16T03:31:06.123+0000] {subprocess.py:106} INFO - 25/12/16 03:31:06 INFO BlockManagerInfo: Added rdd_20_36 in memory on 172.18.0.7:34849 (size: 46.0 B, free: 434.2 MiB)
[2025-12-16T03:31:06.124+0000] {subprocess.py:106} INFO - 25/12/16 03:31:06 INFO BlockManagerInfo: Added rdd_20_38 in memory on 172.18.0.7:34849 (size: 46.0 B, free: 434.2 MiB)
[2025-12-16T03:31:06.125+0000] {subprocess.py:106} INFO - 25/12/16 03:31:06 INFO BlockManagerInfo: Added rdd_20_37 in memory on 172.18.0.7:34849 (size: 46.0 B, free: 434.2 MiB)
[2025-12-16T03:31:06.147+0000] {subprocess.py:106} INFO - 25/12/16 03:31:06 INFO BlockManagerInfo: Added rdd_20_41 in memory on 172.18.0.7:34849 (size: 46.0 B, free: 434.2 MiB)
[2025-12-16T03:31:06.159+0000] {subprocess.py:106} INFO - 25/12/16 03:31:06 INFO BlockManagerInfo: Added rdd_20_43 in memory on 172.18.0.7:34849 (size: 46.0 B, free: 434.2 MiB)
[2025-12-16T03:31:06.169+0000] {subprocess.py:106} INFO - 25/12/16 03:31:06 INFO BlockManagerInfo: Added rdd_20_39 in memory on 172.18.0.7:34849 (size: 46.0 B, free: 434.2 MiB)
[2025-12-16T03:31:06.181+0000] {subprocess.py:106} INFO - 25/12/16 03:31:06 INFO TaskSetManager: Starting task 48.0 in stage 4.0 (TID 51) (172.18.0.7, executor 0, partition 48, PROCESS_LOCAL, 7356 bytes)
[2025-12-16T03:31:06.185+0000] {subprocess.py:106} INFO - 25/12/16 03:31:06 INFO TaskSetManager: Finished task 32.0 in stage 4.0 (TID 36) in 359 ms on 172.18.0.7 (executor 0) (33/50)
[2025-12-16T03:31:06.196+0000] {subprocess.py:106} INFO - 25/12/16 03:31:06 INFO TaskSetManager: Starting task 49.0 in stage 4.0 (TID 52) (172.18.0.7, executor 0, partition 49, PROCESS_LOCAL, 7356 bytes)
[2025-12-16T03:31:06.197+0000] {subprocess.py:106} INFO - 25/12/16 03:31:06 INFO BlockManagerInfo: Added rdd_20_47 in memory on 172.18.0.7:34849 (size: 46.0 B, free: 434.2 MiB)
[2025-12-16T03:31:06.198+0000] {subprocess.py:106} INFO - 25/12/16 03:31:06 INFO BlockManagerInfo: Added rdd_20_45 in memory on 172.18.0.7:34849 (size: 46.0 B, free: 434.2 MiB)
[2025-12-16T03:31:06.199+0000] {subprocess.py:106} INFO - 25/12/16 03:31:06 INFO TaskSetManager: Finished task 37.0 in stage 4.0 (TID 41) in 302 ms on 172.18.0.7 (executor 0) (34/50)
[2025-12-16T03:31:06.200+0000] {subprocess.py:106} INFO - 25/12/16 03:31:06 INFO TaskSetManager: Finished task 35.0 in stage 4.0 (TID 39) in 313 ms on 172.18.0.7 (executor 0) (35/50)
[2025-12-16T03:31:06.201+0000] {subprocess.py:106} INFO - 25/12/16 03:31:06 INFO BlockManagerInfo: Added rdd_20_40 in memory on 172.18.0.7:34849 (size: 46.0 B, free: 434.2 MiB)
[2025-12-16T03:31:06.202+0000] {subprocess.py:106} INFO - 25/12/16 03:31:06 INFO TaskSetManager: Finished task 38.0 in stage 4.0 (TID 42) in 289 ms on 172.18.0.7 (executor 0) (36/50)
[2025-12-16T03:31:06.218+0000] {subprocess.py:106} INFO - 25/12/16 03:31:06 INFO BlockManagerInfo: Added rdd_20_44 in memory on 172.18.0.7:34849 (size: 46.0 B, free: 434.2 MiB)
[2025-12-16T03:31:06.219+0000] {subprocess.py:106} INFO - 25/12/16 03:31:06 INFO TaskSetManager: Finished task 36.0 in stage 4.0 (TID 40) in 328 ms on 172.18.0.7 (executor 0) (37/50)
[2025-12-16T03:31:06.222+0000] {subprocess.py:106} INFO - 25/12/16 03:31:06 INFO TaskSetManager: Finished task 33.0 in stage 4.0 (TID 37) in 343 ms on 172.18.0.7 (executor 0) (38/50)
[2025-12-16T03:31:06.234+0000] {subprocess.py:106} INFO - 25/12/16 03:31:06 INFO TaskSetManager: Finished task 34.0 in stage 4.0 (TID 38) in 352 ms on 172.18.0.7 (executor 0) (39/50)
[2025-12-16T03:31:06.251+0000] {subprocess.py:106} INFO - 25/12/16 03:31:06 INFO TaskSetManager: Finished task 31.0 in stage 4.0 (TID 35) in 456 ms on 172.18.0.7 (executor 0) (40/50)
[2025-12-16T03:31:06.268+0000] {subprocess.py:106} INFO - 25/12/16 03:31:06 INFO TaskSetManager: Finished task 41.0 in stage 4.0 (TID 45) in 327 ms on 172.18.0.7 (executor 0) (41/50)
[2025-12-16T03:31:06.271+0000] {subprocess.py:106} INFO - 25/12/16 03:31:06 INFO BlockManagerInfo: Added rdd_20_46 in memory on 172.18.0.7:34849 (size: 46.0 B, free: 434.2 MiB)
[2025-12-16T03:31:06.293+0000] {subprocess.py:106} INFO - 25/12/16 03:31:06 INFO TaskSetManager: Finished task 39.0 in stage 4.0 (TID 43) in 379 ms on 172.18.0.7 (executor 0) (42/50)
[2025-12-16T03:31:06.300+0000] {subprocess.py:106} INFO - 25/12/16 03:31:06 INFO TaskSetManager: Finished task 45.0 in stage 4.0 (TID 48) in 335 ms on 172.18.0.7 (executor 0) (43/50)
[2025-12-16T03:31:06.306+0000] {subprocess.py:106} INFO - 25/12/16 03:31:06 INFO TaskSetManager: Finished task 43.0 in stage 4.0 (TID 46) in 347 ms on 172.18.0.7 (executor 0) (44/50)
[2025-12-16T03:31:06.307+0000] {subprocess.py:106} INFO - 25/12/16 03:31:06 INFO TaskSetManager: Finished task 47.0 in stage 4.0 (TID 50) in 324 ms on 172.18.0.7 (executor 0) (45/50)
[2025-12-16T03:31:06.319+0000] {subprocess.py:106} INFO - 25/12/16 03:31:06 INFO TaskSetManager: Finished task 40.0 in stage 4.0 (TID 44) in 402 ms on 172.18.0.7 (executor 0) (46/50)
[2025-12-16T03:31:06.324+0000] {subprocess.py:106} INFO - 25/12/16 03:31:06 INFO TaskSetManager: Finished task 44.0 in stage 4.0 (TID 47) in 361 ms on 172.18.0.7 (executor 0) (47/50)
[2025-12-16T03:31:06.341+0000] {subprocess.py:106} INFO - 25/12/16 03:31:06 INFO TaskSetManager: Finished task 46.0 in stage 4.0 (TID 49) in 361 ms on 172.18.0.7 (executor 0) (48/50)
[2025-12-16T03:31:06.353+0000] {subprocess.py:106} INFO - 25/12/16 03:31:06 INFO BlockManagerInfo: Added rdd_20_49 in memory on 172.18.0.7:34849 (size: 46.0 B, free: 434.2 MiB)
[2025-12-16T03:31:06.356+0000] {subprocess.py:106} INFO - 25/12/16 03:31:06 INFO BlockManagerInfo: Added rdd_20_48 in memory on 172.18.0.7:34849 (size: 46.0 B, free: 434.2 MiB)
[2025-12-16T03:31:06.388+0000] {subprocess.py:106} INFO - 25/12/16 03:31:06 INFO TaskSetManager: Finished task 48.0 in stage 4.0 (TID 51) in 208 ms on 172.18.0.7 (executor 0) (49/50)
[2025-12-16T03:31:06.389+0000] {subprocess.py:106} INFO - 25/12/16 03:31:06 INFO TaskSetManager: Finished task 49.0 in stage 4.0 (TID 52) in 196 ms on 172.18.0.7 (executor 0) (50/50)
[2025-12-16T03:31:06.391+0000] {subprocess.py:106} INFO - 25/12/16 03:31:06 INFO TaskSchedulerImpl: Removed TaskSet 4.0, whose tasks have all completed, from pool
[2025-12-16T03:31:06.392+0000] {subprocess.py:106} INFO - 25/12/16 03:31:06 INFO DAGScheduler: ShuffleMapStage 4 ($anonfun$recordDeltaOperationInternal$1 at DatabricksLogging.scala:128) finished in 3.272 s
[2025-12-16T03:31:06.392+0000] {subprocess.py:106} INFO - 25/12/16 03:31:06 INFO DAGScheduler: looking for newly runnable stages
[2025-12-16T03:31:06.393+0000] {subprocess.py:106} INFO - 25/12/16 03:31:06 INFO DAGScheduler: running: Set()
[2025-12-16T03:31:06.394+0000] {subprocess.py:106} INFO - 25/12/16 03:31:06 INFO DAGScheduler: waiting: Set()
[2025-12-16T03:31:06.394+0000] {subprocess.py:106} INFO - 25/12/16 03:31:06 INFO DAGScheduler: failed: Set()
[2025-12-16T03:31:06.432+0000] {subprocess.py:106} INFO - 25/12/16 03:31:06 INFO SparkContext: Starting job: $anonfun$recordDeltaOperationInternal$1 at DatabricksLogging.scala:128
[2025-12-16T03:31:06.433+0000] {subprocess.py:106} INFO - 25/12/16 03:31:06 INFO DAGScheduler: Got job 5 ($anonfun$recordDeltaOperationInternal$1 at DatabricksLogging.scala:128) with 1 output partitions
[2025-12-16T03:31:06.434+0000] {subprocess.py:106} INFO - 25/12/16 03:31:06 INFO DAGScheduler: Final stage: ResultStage 7 ($anonfun$recordDeltaOperationInternal$1 at DatabricksLogging.scala:128)
[2025-12-16T03:31:06.435+0000] {subprocess.py:106} INFO - 25/12/16 03:31:06 INFO DAGScheduler: Parents of final stage: List(ShuffleMapStage 6)
[2025-12-16T03:31:06.436+0000] {subprocess.py:106} INFO - 25/12/16 03:31:06 INFO DAGScheduler: Missing parents: List()
[2025-12-16T03:31:06.436+0000] {subprocess.py:106} INFO - 25/12/16 03:31:06 INFO DAGScheduler: Submitting ResultStage 7 (MapPartitionsRDD[26] at $anonfun$recordDeltaOperationInternal$1 at DatabricksLogging.scala:128), which has no missing parents
[2025-12-16T03:31:06.445+0000] {subprocess.py:106} INFO - 25/12/16 03:31:06 INFO MemoryStore: Block broadcast_7 stored as values in memory (estimated size 452.3 KiB, free 432.8 MiB)
[2025-12-16T03:31:06.449+0000] {subprocess.py:106} INFO - 25/12/16 03:31:06 INFO MemoryStore: Block broadcast_7_piece0 stored as bytes in memory (estimated size 108.1 KiB, free 432.7 MiB)
[2025-12-16T03:31:06.451+0000] {subprocess.py:106} INFO - 25/12/16 03:31:06 INFO BlockManagerInfo: Added broadcast_7_piece0 in memory on 3ad9a82189be:43975 (size: 108.1 KiB, free: 434.1 MiB)
[2025-12-16T03:31:06.452+0000] {subprocess.py:106} INFO - 25/12/16 03:31:06 INFO SparkContext: Created broadcast 7 from broadcast at DAGScheduler.scala:1535
[2025-12-16T03:31:06.453+0000] {subprocess.py:106} INFO - 25/12/16 03:31:06 INFO DAGScheduler: Submitting 1 missing tasks from ResultStage 7 (MapPartitionsRDD[26] at $anonfun$recordDeltaOperationInternal$1 at DatabricksLogging.scala:128) (first 15 tasks are for partitions Vector(0))
[2025-12-16T03:31:06.455+0000] {subprocess.py:106} INFO - 25/12/16 03:31:06 INFO TaskSchedulerImpl: Adding task set 7.0 with 1 tasks resource profile 0
[2025-12-16T03:31:06.456+0000] {subprocess.py:106} INFO - 25/12/16 03:31:06 INFO TaskSetManager: Starting task 0.0 in stage 7.0 (TID 53) (172.18.0.7, executor 0, partition 0, NODE_LOCAL, 7367 bytes)
[2025-12-16T03:31:06.473+0000] {subprocess.py:106} INFO - 25/12/16 03:31:06 INFO BlockManagerInfo: Added broadcast_7_piece0 in memory on 172.18.0.7:34849 (size: 108.1 KiB, free: 434.1 MiB)
[2025-12-16T03:31:06.491+0000] {subprocess.py:106} INFO - 25/12/16 03:31:06 INFO MapOutputTrackerMasterEndpoint: Asked to send map output locations for shuffle 1 to 172.18.0.7:48596
[2025-12-16T03:31:06.579+0000] {subprocess.py:106} INFO - 25/12/16 03:31:06 INFO TaskSetManager: Finished task 0.0 in stage 7.0 (TID 53) in 124 ms on 172.18.0.7 (executor 0) (1/1)
[2025-12-16T03:31:06.580+0000] {subprocess.py:106} INFO - 25/12/16 03:31:06 INFO TaskSchedulerImpl: Removed TaskSet 7.0, whose tasks have all completed, from pool
[2025-12-16T03:31:06.581+0000] {subprocess.py:106} INFO - 25/12/16 03:31:06 INFO DAGScheduler: ResultStage 7 ($anonfun$recordDeltaOperationInternal$1 at DatabricksLogging.scala:128) finished in 0.142 s
[2025-12-16T03:31:06.582+0000] {subprocess.py:106} INFO - 25/12/16 03:31:06 INFO DAGScheduler: Job 5 is finished. Cancelling potential speculative or zombie tasks for this job
[2025-12-16T03:31:06.583+0000] {subprocess.py:106} INFO - 25/12/16 03:31:06 INFO TaskSchedulerImpl: Killing all running tasks in stage 7: Stage finished
[2025-12-16T03:31:06.584+0000] {subprocess.py:106} INFO - 25/12/16 03:31:06 INFO DAGScheduler: Job 5 finished: $anonfun$recordDeltaOperationInternal$1 at DatabricksLogging.scala:128, took 0.149932 s
[2025-12-16T03:31:06.616+0000] {subprocess.py:106} INFO - 25/12/16 03:31:06 INFO BlockManagerInfo: Removed broadcast_7_piece0 on 3ad9a82189be:43975 in memory (size: 108.1 KiB, free: 434.2 MiB)
[2025-12-16T03:31:06.619+0000] {subprocess.py:106} INFO - 25/12/16 03:31:06 INFO BlockManagerInfo: Removed broadcast_7_piece0 on 172.18.0.7:34849 in memory (size: 108.1 KiB, free: 434.2 MiB)
[2025-12-16T03:31:06.631+0000] {subprocess.py:106} INFO - 25/12/16 03:31:06 INFO BlockManagerInfo: Removed broadcast_6_piece0 on 3ad9a82189be:43975 in memory (size: 123.3 KiB, free: 434.3 MiB)
[2025-12-16T03:31:06.633+0000] {subprocess.py:106} INFO - 25/12/16 03:31:06 INFO BlockManagerInfo: Removed broadcast_6_piece0 on 172.18.0.7:34849 in memory (size: 123.3 KiB, free: 434.4 MiB)
[2025-12-16T03:31:06.667+0000] {subprocess.py:106} INFO - 25/12/16 03:31:06 INFO CodeGenerator: Code generated in 63.438616 ms
[2025-12-16T03:31:06.671+0000] {subprocess.py:106} INFO - 25/12/16 03:31:06 INFO Snapshot: [tableId=e86e3233-73bc-4002-a963-acd1fb041933] DELTA: Done
[2025-12-16T03:31:06.706+0000] {subprocess.py:106} INFO - 25/12/16 03:31:06 INFO OptimisticTransaction: [tableId=3162999c,txnId=0df58662] Committed delta #0 to s3a://gold/dim_date/_delta_log
[2025-12-16T03:31:06.716+0000] {subprocess.py:106} INFO - --> [SUCCESS] Written dim_date to s3a://gold/dim_date
[2025-12-16T03:31:06.719+0000] {subprocess.py:106} INFO - 25/12/16 03:31:06 INFO SparkContext: SparkContext is stopping with exitCode 0.
[2025-12-16T03:31:06.740+0000] {subprocess.py:106} INFO - 25/12/16 03:31:06 INFO SparkUI: Stopped Spark web UI at http://3ad9a82189be:4040
[2025-12-16T03:31:06.749+0000] {subprocess.py:106} INFO - 25/12/16 03:31:06 INFO StandaloneSchedulerBackend: Shutting down all executors
[2025-12-16T03:31:06.751+0000] {subprocess.py:106} INFO - 25/12/16 03:31:06 INFO StandaloneSchedulerBackend$StandaloneDriverEndpoint: Asking each executor to shut down
[2025-12-16T03:31:06.788+0000] {subprocess.py:106} INFO - 25/12/16 03:31:06 INFO MapOutputTrackerMasterEndpoint: MapOutputTrackerMasterEndpoint stopped!
[2025-12-16T03:31:06.818+0000] {subprocess.py:106} INFO - 25/12/16 03:31:06 INFO MemoryStore: MemoryStore cleared
[2025-12-16T03:31:06.819+0000] {subprocess.py:106} INFO - 25/12/16 03:31:06 INFO BlockManager: BlockManager stopped
[2025-12-16T03:31:06.826+0000] {subprocess.py:106} INFO - 25/12/16 03:31:06 INFO BlockManagerMaster: BlockManagerMaster stopped
[2025-12-16T03:31:06.835+0000] {subprocess.py:106} INFO - 25/12/16 03:31:06 INFO OutputCommitCoordinator$OutputCommitCoordinatorEndpoint: OutputCommitCoordinator stopped!
[2025-12-16T03:31:06.943+0000] {subprocess.py:106} INFO - 25/12/16 03:31:06 INFO SparkContext: Successfully stopped SparkContext
[2025-12-16T03:31:07.336+0000] {subprocess.py:106} INFO - 25/12/16 03:31:07 INFO ShutdownHookManager: Shutdown hook called
[2025-12-16T03:31:07.337+0000] {subprocess.py:106} INFO - 25/12/16 03:31:07 INFO ShutdownHookManager: Deleting directory /tmp/spark-faef46d0-79b0-49a0-9e68-a951e860ffc8
[2025-12-16T03:31:07.345+0000] {subprocess.py:106} INFO - 25/12/16 03:31:07 INFO ShutdownHookManager: Deleting directory /tmp/spark-8290e6d3-4bc1-4ccc-a846-d4df019cfb66
[2025-12-16T03:31:07.352+0000] {subprocess.py:106} INFO - 25/12/16 03:31:07 INFO ShutdownHookManager: Deleting directory /tmp/spark-faef46d0-79b0-49a0-9e68-a951e860ffc8/pyspark-a31f5fe5-7bb7-4987-80c3-86bcec885498
[2025-12-16T03:31:07.365+0000] {subprocess.py:106} INFO - 25/12/16 03:31:07 INFO MetricsSystemImpl: Stopping s3a-file-system metrics system...
[2025-12-16T03:31:07.366+0000] {subprocess.py:106} INFO - 25/12/16 03:31:07 INFO MetricsSystemImpl: s3a-file-system metrics system stopped.
[2025-12-16T03:31:07.367+0000] {subprocess.py:106} INFO - 25/12/16 03:31:07 INFO MetricsSystemImpl: s3a-file-system metrics system shutdown complete.
[2025-12-16T03:31:07.676+0000] {subprocess.py:110} INFO - Command exited with return code 0
[2025-12-16T03:31:07.727+0000] {taskinstance.py:349} INFO - ::group::Post task execution logs
[2025-12-16T03:31:07.729+0000] {taskinstance.py:361} INFO - Marking task as SUCCESS. dag_id=ETL_process, task_id=Silver_to_Gold_Date_Dimension, run_id=manual__2025-12-08T15:21:50.375058+00:00, execution_date=20251208T152150, start_date=20251216T033000, end_date=20251216T033107
[2025-12-16T03:31:07.828+0000] {local_task_job_runner.py:266} INFO - Task exited with return code 0
[2025-12-16T03:31:07.879+0000] {taskinstance.py:3924} INFO - 1 downstream tasks scheduled from follow-on schedule check
[2025-12-16T03:31:07.883+0000] {local_task_job_runner.py:245} INFO - ::endgroup::
