[2025-12-07T16:06:18.620+0000] {local_task_job_runner.py:123} INFO - ::group::Pre task execution logs
[2025-12-07T16:06:18.645+0000] {taskinstance.py:2631} INFO - Dependencies all met for dep_context=non-requeueable deps ti=<TaskInstance: init_minio_buckets.create_postgres_connector manual__2025-12-07T16:06:00.542691+00:00 [queued]>
[2025-12-07T16:06:18.655+0000] {taskinstance.py:2631} INFO - Dependencies all met for dep_context=requeueable deps ti=<TaskInstance: init_minio_buckets.create_postgres_connector manual__2025-12-07T16:06:00.542691+00:00 [queued]>
[2025-12-07T16:06:18.656+0000] {taskinstance.py:2884} INFO - Starting attempt 2 of 3
[2025-12-07T16:06:18.668+0000] {taskinstance.py:2907} INFO - Executing <Task(BashOperator): create_postgres_connector> on 2025-12-07 16:06:00.542691+00:00
[2025-12-07T16:06:18.677+0000] {logging_mixin.py:190} WARNING - /home/airflow/.local/lib/python3.12/site-packages/airflow/task/task_runner/standard_task_runner.py:70 DeprecationWarning: This process (pid=336) is multi-threaded, use of fork() may lead to deadlocks in the child.
[2025-12-07T16:06:18.679+0000] {standard_task_runner.py:72} INFO - Started process 337 to run task
[2025-12-07T16:06:18.678+0000] {standard_task_runner.py:104} INFO - Running: ['airflow', 'tasks', 'run', 'init_minio_buckets', 'create_***_connector', 'manual__2025-12-07T16:06:00.542691+00:00', '--job-id', '8', '--raw', '--subdir', 'DAGS_FOLDER/pipeline.py', '--cfg-path', '/tmp/tmpndmi3r8h']
[2025-12-07T16:06:18.680+0000] {standard_task_runner.py:105} INFO - Job 8: Subtask create_***_connector
[2025-12-07T16:06:18.755+0000] {task_command.py:467} INFO - Running <TaskInstance: init_minio_buckets.create_postgres_connector manual__2025-12-07T16:06:00.542691+00:00 [running]> on host cdc234b10087
[2025-12-07T16:06:18.836+0000] {taskinstance.py:3157} INFO - Exporting env vars: AIRFLOW_CTX_DAG_OWNER='airflow' AIRFLOW_CTX_DAG_ID='init_minio_buckets' AIRFLOW_CTX_TASK_ID='create_***_connector' AIRFLOW_CTX_EXECUTION_DATE='2025-12-07T16:06:00.542691+00:00' AIRFLOW_CTX_TRY_NUMBER='2' AIRFLOW_CTX_DAG_RUN_ID='manual__2025-12-07T16:06:00.542691+00:00'
[2025-12-07T16:06:18.837+0000] {taskinstance.py:740} INFO - ::endgroup::
[2025-12-07T16:06:18.850+0000] {subprocess.py:78} INFO - Tmp dir root location: /tmp
[2025-12-07T16:06:18.852+0000] {subprocess.py:88} INFO - Running command: ['/usr/bin/bash', '-c', '\n            curl -X POST http://debezium-connect:8083/connectors             -H "Content-Type: application/json"             -d @/opt/debezium_config/connector-***ql.json\n        ']
[2025-12-07T16:06:18.866+0000] {subprocess.py:99} INFO - Output:
[2025-12-07T16:06:18.879+0000] {subprocess.py:106} INFO - Warning: Couldn't read data from file
[2025-12-07T16:06:18.879+0000] {subprocess.py:106} INFO - Warning: "/opt/debezium_config/connector-***ql.json", this makes an empty
[2025-12-07T16:06:18.880+0000] {subprocess.py:106} INFO - Warning: POST.
[2025-12-07T16:06:18.881+0000] {subprocess.py:106} INFO -   % Total    % Received % Xferd  Average Speed   Time    Time     Time  Current
[2025-12-07T16:06:18.881+0000] {subprocess.py:106} INFO -                                  Dload  Upload   Total   Spent    Left  Speed
[2025-12-07T16:06:21.413+0000] {subprocess.py:106} INFO -   0     0    0     0    0     0      0      0 --:--:-- --:--:-- --:--:--     0  0     0    0     0    0     0      0      0 --:--:-- --:--:-- --:--:--     0  0     0    0     0    0     0      0      0 --:--:--  0:00:01 --:--:--     0curl: (6) Could not resolve host: debezium-connect
[2025-12-07T16:06:21.415+0000] {subprocess.py:110} INFO - Command exited with return code 6
[2025-12-07T16:06:21.432+0000] {taskinstance.py:3336} ERROR - Task failed with exception
Traceback (most recent call last):
  File "/home/airflow/.local/lib/python3.12/site-packages/airflow/models/taskinstance.py", line 776, in _execute_task
    result = _execute_callable(context=context, **execute_callable_kwargs)
             ^^^^^^^^^^^^^^^^^^^^^^^^^^^^^^^^^^^^^^^^^^^^^^^^^^^^^^^^^^^^^
  File "/home/airflow/.local/lib/python3.12/site-packages/airflow/models/taskinstance.py", line 742, in _execute_callable
    return ExecutionCallableRunner(
           ^^^^^^^^^^^^^^^^^^^^^^^^
  File "/home/airflow/.local/lib/python3.12/site-packages/airflow/utils/operator_helpers.py", line 252, in run
    return self.func(*args, **kwargs)
           ^^^^^^^^^^^^^^^^^^^^^^^^^^
  File "/home/airflow/.local/lib/python3.12/site-packages/airflow/models/baseoperator.py", line 424, in wrapper
    return func(self, *args, **kwargs)
           ^^^^^^^^^^^^^^^^^^^^^^^^^^^
  File "/home/airflow/.local/lib/python3.12/site-packages/airflow/operators/bash.py", line 276, in execute
    raise AirflowException(
airflow.exceptions.AirflowException: Bash command failed. The command returned a non-zero exit code 6.
[2025-12-07T16:06:21.440+0000] {taskinstance.py:1242} INFO - Marking task as UP_FOR_RETRY. dag_id=init_minio_buckets, task_id=create_***_connector, run_id=manual__2025-12-07T16:06:00.542691+00:00, execution_date=20251207T160600, start_date=20251207T160618, end_date=20251207T160621
[2025-12-07T16:06:21.475+0000] {taskinstance.py:349} INFO - ::group::Post task execution logs
[2025-12-07T16:06:21.478+0000] {standard_task_runner.py:124} ERROR - Failed to execute job 8 for task create_***_connector (Bash command failed. The command returned a non-zero exit code 6.; 337)
Traceback (most recent call last):
  File "/home/airflow/.local/lib/python3.12/site-packages/airflow/task/task_runner/standard_task_runner.py", line 117, in _start_by_fork
    ret = args.func(args, dag=self.dag)
          ^^^^^^^^^^^^^^^^^^^^^^^^^^^^^
  File "/home/airflow/.local/lib/python3.12/site-packages/airflow/cli/cli_config.py", line 49, in command
    return func(*args, **kwargs)
           ^^^^^^^^^^^^^^^^^^^^^
  File "/home/airflow/.local/lib/python3.12/site-packages/airflow/utils/cli.py", line 116, in wrapper
    return f(*args, **kwargs)
           ^^^^^^^^^^^^^^^^^^
  File "/home/airflow/.local/lib/python3.12/site-packages/airflow/cli/commands/task_command.py", line 483, in task_run
    task_return_code = _run_task_by_selected_method(args, _dag, ti)
                       ^^^^^^^^^^^^^^^^^^^^^^^^^^^^^^^^^^^^^^^^^^^^
  File "/home/airflow/.local/lib/python3.12/site-packages/airflow/cli/commands/task_command.py", line 256, in _run_task_by_selected_method
    return _run_raw_task(args, ti)
           ^^^^^^^^^^^^^^^^^^^^^^^
  File "/home/airflow/.local/lib/python3.12/site-packages/airflow/cli/commands/task_command.py", line 341, in _run_raw_task
    return ti._run_raw_task(
           ^^^^^^^^^^^^^^^^^
  File "/home/airflow/.local/lib/python3.12/site-packages/airflow/utils/session.py", line 97, in wrapper
    return func(*args, session=session, **kwargs)
           ^^^^^^^^^^^^^^^^^^^^^^^^^^^^^^^^^^^^^^
  File "/home/airflow/.local/lib/python3.12/site-packages/airflow/models/taskinstance.py", line 3029, in _run_raw_task
    return _run_raw_task(
           ^^^^^^^^^^^^^^
  File "/home/airflow/.local/lib/python3.12/site-packages/airflow/models/taskinstance.py", line 282, in _run_raw_task
    TaskInstance._execute_task_with_callbacks(
  File "/home/airflow/.local/lib/python3.12/site-packages/airflow/models/taskinstance.py", line 3184, in _execute_task_with_callbacks
    result = self._execute_task(context, task_orig)
             ^^^^^^^^^^^^^^^^^^^^^^^^^^^^^^^^^^^^^^
  File "/home/airflow/.local/lib/python3.12/site-packages/airflow/models/taskinstance.py", line 3208, in _execute_task
    return _execute_task(self, context, task_orig)
           ^^^^^^^^^^^^^^^^^^^^^^^^^^^^^^^^^^^^^^^
  File "/home/airflow/.local/lib/python3.12/site-packages/airflow/models/taskinstance.py", line 776, in _execute_task
    result = _execute_callable(context=context, **execute_callable_kwargs)
             ^^^^^^^^^^^^^^^^^^^^^^^^^^^^^^^^^^^^^^^^^^^^^^^^^^^^^^^^^^^^^
  File "/home/airflow/.local/lib/python3.12/site-packages/airflow/models/taskinstance.py", line 742, in _execute_callable
    return ExecutionCallableRunner(
           ^^^^^^^^^^^^^^^^^^^^^^^^
  File "/home/airflow/.local/lib/python3.12/site-packages/airflow/utils/operator_helpers.py", line 252, in run
    return self.func(*args, **kwargs)
           ^^^^^^^^^^^^^^^^^^^^^^^^^^
  File "/home/airflow/.local/lib/python3.12/site-packages/airflow/models/baseoperator.py", line 424, in wrapper
    return func(self, *args, **kwargs)
           ^^^^^^^^^^^^^^^^^^^^^^^^^^^
  File "/home/airflow/.local/lib/python3.12/site-packages/airflow/operators/bash.py", line 276, in execute
    raise AirflowException(
airflow.exceptions.AirflowException: Bash command failed. The command returned a non-zero exit code 6.
[2025-12-07T16:06:21.506+0000] {local_task_job_runner.py:266} INFO - Task exited with return code 1
[2025-12-07T16:06:21.528+0000] {taskinstance.py:3924} INFO - 0 downstream tasks scheduled from follow-on schedule check
[2025-12-07T16:06:21.531+0000] {local_task_job_runner.py:245} INFO - ::endgroup::
