[2025-12-08T14:19:22.822+0000] {local_task_job_runner.py:123} INFO - ::group::Pre task execution logs
[2025-12-08T14:19:22.848+0000] {taskinstance.py:2631} INFO - Dependencies all met for dep_context=non-requeueable deps ti=<TaskInstance: init_project.create_bucket_bronze manual__2025-12-08T14:19:19.897899+00:00 [queued]>
[2025-12-08T14:19:22.859+0000] {taskinstance.py:2631} INFO - Dependencies all met for dep_context=requeueable deps ti=<TaskInstance: init_project.create_bucket_bronze manual__2025-12-08T14:19:19.897899+00:00 [queued]>
[2025-12-08T14:19:22.860+0000] {taskinstance.py:2884} INFO - Starting attempt 1 of 3
[2025-12-08T14:19:22.873+0000] {taskinstance.py:2907} INFO - Executing <Task(BashOperator): create_bucket_bronze> on 2025-12-08 14:19:19.897899+00:00
[2025-12-08T14:19:22.883+0000] {logging_mixin.py:190} WARNING - /home/airflow/.local/lib/python3.12/site-packages/airflow/task/task_runner/standard_task_runner.py:70 DeprecationWarning: This process (pid=273) is multi-threaded, use of fork() may lead to deadlocks in the child.
[2025-12-08T14:19:22.886+0000] {standard_task_runner.py:72} INFO - Started process 276 to run task
[2025-12-08T14:19:22.884+0000] {standard_task_runner.py:104} INFO - Running: ['airflow', 'tasks', 'run', 'init_project', 'create_bucket_bronze', 'manual__2025-12-08T14:19:19.897899+00:00', '--job-id', '11', '--raw', '--subdir', 'DAGS_FOLDER/init.py', '--cfg-path', '/tmp/tmpmhx0a3qy']
[2025-12-08T14:19:22.887+0000] {standard_task_runner.py:105} INFO - Job 11: Subtask create_bucket_bronze
[2025-12-08T14:19:22.958+0000] {task_command.py:467} INFO - Running <TaskInstance: init_project.create_bucket_bronze manual__2025-12-08T14:19:19.897899+00:00 [running]> on host 2a50f1bacb3c
[2025-12-08T14:19:23.069+0000] {taskinstance.py:3157} INFO - Exporting env vars: AIRFLOW_CTX_DAG_OWNER='airflow' AIRFLOW_CTX_DAG_ID='init_project' AIRFLOW_CTX_TASK_ID='create_bucket_bronze' AIRFLOW_CTX_EXECUTION_DATE='2025-12-08T14:19:19.897899+00:00' AIRFLOW_CTX_TRY_NUMBER='1' AIRFLOW_CTX_DAG_RUN_ID='manual__2025-12-08T14:19:19.897899+00:00'
[2025-12-08T14:19:23.071+0000] {taskinstance.py:740} INFO - ::endgroup::
[2025-12-08T14:19:23.089+0000] {subprocess.py:78} INFO - Tmp dir root location: /tmp
[2025-12-08T14:19:23.090+0000] {subprocess.py:88} INFO - Running command: ['/usr/bin/bash', '-c', 'docker exec minio-mc mc mb local/bronze || true']
[2025-12-08T14:19:23.106+0000] {subprocess.py:99} INFO - Output:
[2025-12-08T14:19:23.286+0000] {subprocess.py:106} INFO - mc: <ERROR> Unable to make bucket `local/bronze`. Your previous request to create the named bucket succeeded and you already own it.
[2025-12-08T14:19:23.305+0000] {subprocess.py:110} INFO - Command exited with return code 0
[2025-12-08T14:19:23.339+0000] {taskinstance.py:349} INFO - ::group::Post task execution logs
[2025-12-08T14:19:23.340+0000] {taskinstance.py:361} INFO - Marking task as SUCCESS. dag_id=init_project, task_id=create_bucket_bronze, run_id=manual__2025-12-08T14:19:19.897899+00:00, execution_date=20251208T141919, start_date=20251208T141922, end_date=20251208T141923
[2025-12-08T14:19:23.383+0000] {local_task_job_runner.py:266} INFO - Task exited with return code 0
[2025-12-08T14:19:23.415+0000] {taskinstance.py:3924} INFO - 1 downstream tasks scheduled from follow-on schedule check
[2025-12-08T14:19:23.417+0000] {local_task_job_runner.py:245} INFO - ::endgroup::
