[2025-12-07T16:01:38.815+0000] {local_task_job_runner.py:123} INFO - ::group::Pre task execution logs
[2025-12-07T16:01:38.840+0000] {taskinstance.py:2631} INFO - Dependencies all met for dep_context=non-requeueable deps ti=<TaskInstance: init_minio_buckets.create_bucket_gold manual__2025-12-07T16:01:36.953495+00:00 [queued]>
[2025-12-07T16:01:38.850+0000] {taskinstance.py:2631} INFO - Dependencies all met for dep_context=requeueable deps ti=<TaskInstance: init_minio_buckets.create_bucket_gold manual__2025-12-07T16:01:36.953495+00:00 [queued]>
[2025-12-07T16:01:38.850+0000] {taskinstance.py:2884} INFO - Starting attempt 1 of 3
[2025-12-07T16:01:38.863+0000] {taskinstance.py:2907} INFO - Executing <Task(BashOperator): create_bucket_gold> on 2025-12-07 16:01:36.953495+00:00
[2025-12-07T16:01:38.874+0000] {logging_mixin.py:190} WARNING - /home/airflow/.local/lib/python3.12/site-packages/airflow/task/task_runner/standard_task_runner.py:70 DeprecationWarning: This process (pid=245) is multi-threaded, use of fork() may lead to deadlocks in the child.
[2025-12-07T16:01:38.876+0000] {standard_task_runner.py:72} INFO - Started process 249 to run task
[2025-12-07T16:01:38.874+0000] {standard_task_runner.py:104} INFO - Running: ['airflow', 'tasks', 'run', 'init_minio_buckets', 'create_bucket_gold', 'manual__2025-12-07T16:01:36.953495+00:00', '--job-id', '5', '--raw', '--subdir', 'DAGS_FOLDER/pipeline.py', '--cfg-path', '/tmp/tmp90ee9yk8']
[2025-12-07T16:01:38.877+0000] {standard_task_runner.py:105} INFO - Job 5: Subtask create_bucket_gold
[2025-12-07T16:01:38.948+0000] {task_command.py:467} INFO - Running <TaskInstance: init_minio_buckets.create_bucket_gold manual__2025-12-07T16:01:36.953495+00:00 [running]> on host 136ca7b8487e
[2025-12-07T16:01:39.036+0000] {taskinstance.py:3157} INFO - Exporting env vars: AIRFLOW_CTX_DAG_OWNER='airflow' AIRFLOW_CTX_DAG_ID='init_minio_buckets' AIRFLOW_CTX_TASK_ID='create_bucket_gold' AIRFLOW_CTX_EXECUTION_DATE='2025-12-07T16:01:36.953495+00:00' AIRFLOW_CTX_TRY_NUMBER='1' AIRFLOW_CTX_DAG_RUN_ID='manual__2025-12-07T16:01:36.953495+00:00'
[2025-12-07T16:01:39.037+0000] {taskinstance.py:740} INFO - ::endgroup::
[2025-12-07T16:01:39.050+0000] {subprocess.py:78} INFO - Tmp dir root location: /tmp
[2025-12-07T16:01:39.052+0000] {subprocess.py:88} INFO - Running command: ['/usr/bin/bash', '-c', 'docker exec minio-mc mc mb local/gold || true']
[2025-12-07T16:01:39.066+0000] {subprocess.py:99} INFO - Output:
[2025-12-07T16:01:39.246+0000] {subprocess.py:106} INFO - Bucket created successfully `local/gold`.
[2025-12-07T16:01:39.261+0000] {subprocess.py:110} INFO - Command exited with return code 0
[2025-12-07T16:01:39.293+0000] {taskinstance.py:349} INFO - ::group::Post task execution logs
[2025-12-07T16:01:39.294+0000] {taskinstance.py:361} INFO - Marking task as SUCCESS. dag_id=init_minio_buckets, task_id=create_bucket_gold, run_id=manual__2025-12-07T16:01:36.953495+00:00, execution_date=20251207T160136, start_date=20251207T160138, end_date=20251207T160139
[2025-12-07T16:01:39.373+0000] {local_task_job_runner.py:266} INFO - Task exited with return code 0
[2025-12-07T16:01:39.384+0000] {local_task_job_runner.py:245} INFO - ::endgroup::
