[2025-12-07T16:01:39.921+0000] {local_task_job_runner.py:123} INFO - ::group::Pre task execution logs
[2025-12-07T16:01:39.947+0000] {taskinstance.py:2631} INFO - Dependencies all met for dep_context=non-requeueable deps ti=<TaskInstance: init_minio_buckets.set_bucket_access manual__2025-12-07T16:01:36.953495+00:00 [queued]>
[2025-12-07T16:01:39.958+0000] {taskinstance.py:2631} INFO - Dependencies all met for dep_context=requeueable deps ti=<TaskInstance: init_minio_buckets.set_bucket_access manual__2025-12-07T16:01:36.953495+00:00 [queued]>
[2025-12-07T16:01:39.959+0000] {taskinstance.py:2884} INFO - Starting attempt 1 of 3
[2025-12-07T16:01:39.970+0000] {taskinstance.py:2907} INFO - Executing <Task(BashOperator): set_bucket_access> on 2025-12-07 16:01:36.953495+00:00
[2025-12-07T16:01:39.979+0000] {logging_mixin.py:190} WARNING - /home/airflow/.local/lib/python3.12/site-packages/airflow/task/task_runner/standard_task_runner.py:70 DeprecationWarning: This process (pid=286) is multi-threaded, use of fork() may lead to deadlocks in the child.
[2025-12-07T16:01:39.980+0000] {standard_task_runner.py:72} INFO - Started process 287 to run task
[2025-12-07T16:01:39.979+0000] {standard_task_runner.py:104} INFO - Running: ['airflow', 'tasks', 'run', 'init_minio_buckets', 'set_bucket_access', 'manual__2025-12-07T16:01:36.953495+00:00', '--job-id', '6', '--raw', '--subdir', 'DAGS_FOLDER/pipeline.py', '--cfg-path', '/tmp/tmpkn0_e8q9']
[2025-12-07T16:01:39.981+0000] {standard_task_runner.py:105} INFO - Job 6: Subtask set_bucket_access
[2025-12-07T16:01:40.048+0000] {task_command.py:467} INFO - Running <TaskInstance: init_minio_buckets.set_bucket_access manual__2025-12-07T16:01:36.953495+00:00 [running]> on host 136ca7b8487e
[2025-12-07T16:01:40.131+0000] {taskinstance.py:3157} INFO - Exporting env vars: AIRFLOW_CTX_DAG_OWNER='airflow' AIRFLOW_CTX_DAG_ID='init_minio_buckets' AIRFLOW_CTX_TASK_ID='set_bucket_access' AIRFLOW_CTX_EXECUTION_DATE='2025-12-07T16:01:36.953495+00:00' AIRFLOW_CTX_TRY_NUMBER='1' AIRFLOW_CTX_DAG_RUN_ID='manual__2025-12-07T16:01:36.953495+00:00'
[2025-12-07T16:01:40.134+0000] {taskinstance.py:740} INFO - ::endgroup::
[2025-12-07T16:01:40.147+0000] {subprocess.py:78} INFO - Tmp dir root location: /tmp
[2025-12-07T16:01:40.149+0000] {subprocess.py:88} INFO - Running command: ['/usr/bin/bash', '-c', 'docker exec minio-mc mc anonymous set public local/bronze && docker exec minio-mc mc anonymous set public local/silver && docker exec minio-mc mc anonymous set public local/gold']
[2025-12-07T16:01:40.162+0000] {subprocess.py:99} INFO - Output:
[2025-12-07T16:01:40.329+0000] {subprocess.py:106} INFO - Access permission for `local/bronze` is set to `public`
[2025-12-07T16:01:40.485+0000] {subprocess.py:106} INFO - Access permission for `local/silver` is set to `public`
[2025-12-07T16:01:40.629+0000] {subprocess.py:106} INFO - Access permission for `local/gold` is set to `public`
[2025-12-07T16:01:40.640+0000] {subprocess.py:110} INFO - Command exited with return code 0
[2025-12-07T16:01:40.669+0000] {taskinstance.py:349} INFO - ::group::Post task execution logs
[2025-12-07T16:01:40.670+0000] {taskinstance.py:361} INFO - Marking task as SUCCESS. dag_id=init_minio_buckets, task_id=set_bucket_access, run_id=manual__2025-12-07T16:01:36.953495+00:00, execution_date=20251207T160136, start_date=20251207T160139, end_date=20251207T160140
[2025-12-07T16:01:40.717+0000] {local_task_job_runner.py:266} INFO - Task exited with return code 0
[2025-12-07T16:01:40.734+0000] {taskinstance.py:3924} INFO - 0 downstream tasks scheduled from follow-on schedule check
[2025-12-07T16:01:40.736+0000] {local_task_job_runner.py:245} INFO - ::endgroup::
