[2025-12-07T18:35:56.257+0000] {local_task_job_runner.py:123} INFO - ::group::Pre task execution logs
[2025-12-07T18:35:56.285+0000] {taskinstance.py:2631} INFO - Dependencies all met for dep_context=non-requeueable deps ti=<TaskInstance: init_project.create_postgres_connector manual__2025-12-07T18:35:48.047501+00:00 [queued]>
[2025-12-07T18:35:56.296+0000] {taskinstance.py:2631} INFO - Dependencies all met for dep_context=requeueable deps ti=<TaskInstance: init_project.create_postgres_connector manual__2025-12-07T18:35:48.047501+00:00 [queued]>
[2025-12-07T18:35:56.297+0000] {taskinstance.py:2884} INFO - Starting attempt 1 of 3
[2025-12-07T18:35:56.311+0000] {taskinstance.py:2907} INFO - Executing <Task(BashOperator): create_postgres_connector> on 2025-12-07 18:35:48.047501+00:00
[2025-12-07T18:35:56.322+0000] {logging_mixin.py:190} WARNING - /home/airflow/.local/lib/python3.12/site-packages/airflow/task/task_runner/standard_task_runner.py:70 DeprecationWarning: This process (pid=383) is multi-threaded, use of fork() may lead to deadlocks in the child.
[2025-12-07T18:35:56.323+0000] {standard_task_runner.py:72} INFO - Started process 384 to run task
[2025-12-07T18:35:56.322+0000] {standard_task_runner.py:104} INFO - Running: ['airflow', 'tasks', 'run', 'init_project', 'create_***_connector', 'manual__2025-12-07T18:35:48.047501+00:00', '--job-id', '22', '--raw', '--subdir', 'DAGS_FOLDER/init.py', '--cfg-path', '/tmp/tmpxetvuak_']
[2025-12-07T18:35:56.326+0000] {standard_task_runner.py:105} INFO - Job 22: Subtask create_***_connector
[2025-12-07T18:35:56.397+0000] {task_command.py:467} INFO - Running <TaskInstance: init_project.create_postgres_connector manual__2025-12-07T18:35:48.047501+00:00 [running]> on host 8736f8ce0a1c
[2025-12-07T18:35:56.520+0000] {taskinstance.py:3157} INFO - Exporting env vars: AIRFLOW_CTX_DAG_OWNER='airflow' AIRFLOW_CTX_DAG_ID='init_project' AIRFLOW_CTX_TASK_ID='create_***_connector' AIRFLOW_CTX_EXECUTION_DATE='2025-12-07T18:35:48.047501+00:00' AIRFLOW_CTX_TRY_NUMBER='1' AIRFLOW_CTX_DAG_RUN_ID='manual__2025-12-07T18:35:48.047501+00:00'
[2025-12-07T18:35:56.521+0000] {taskinstance.py:740} INFO - ::endgroup::
[2025-12-07T18:35:56.541+0000] {subprocess.py:78} INFO - Tmp dir root location: /tmp
[2025-12-07T18:35:56.543+0000] {subprocess.py:88} INFO - Running command: ['/usr/bin/bash', '-c', '\n            curl -X POST http://connect:8083/connectors             -H "Content-Type: application/json"             -d @/opt/debezium_config/connector-***ql.json\n        ']
[2025-12-07T18:35:56.562+0000] {subprocess.py:99} INFO - Output:
[2025-12-07T18:35:56.623+0000] {subprocess.py:106} INFO -   % Total    % Received % Xferd  Average Speed   Time    Time     Time  Current
[2025-12-07T18:35:56.624+0000] {subprocess.py:106} INFO -                                  Dload  Upload   Total   Spent    Left  Speed
[2025-12-07T18:35:56.655+0000] {subprocess.py:106} INFO -   0     0    0     0    0     0      0      0 --:--:-- --:--:-- --:--:--     0100   845  100    84  100   761   2557  23171 --:--:-- --:--:-- --:--:-- 26406
[2025-12-07T18:35:56.660+0000] {subprocess.py:106} INFO - {"error_code":409,"message":"Connector phucthanhkhang-erp-connector already exists"}
[2025-12-07T18:35:56.661+0000] {subprocess.py:110} INFO - Command exited with return code 0
[2025-12-07T18:35:56.697+0000] {taskinstance.py:349} INFO - ::group::Post task execution logs
[2025-12-07T18:35:56.698+0000] {taskinstance.py:361} INFO - Marking task as SUCCESS. dag_id=init_project, task_id=create_***_connector, run_id=manual__2025-12-07T18:35:48.047501+00:00, execution_date=20251207T183548, start_date=20251207T183556, end_date=20251207T183556
[2025-12-07T18:35:56.740+0000] {local_task_job_runner.py:266} INFO - Task exited with return code 0
[2025-12-07T18:35:56.768+0000] {taskinstance.py:3924} INFO - 1 downstream tasks scheduled from follow-on schedule check
[2025-12-07T18:35:56.770+0000] {local_task_job_runner.py:245} INFO - ::endgroup::
