[2025-12-07T16:10:32.518+0000] {local_task_job_runner.py:123} INFO - ::group::Pre task execution logs
[2025-12-07T16:10:32.543+0000] {taskinstance.py:2631} INFO - Dependencies all met for dep_context=non-requeueable deps ti=<TaskInstance: init_minio_buckets.create_postgres_connector manual__2025-12-07T16:10:27.731199+00:00 [queued]>
[2025-12-07T16:10:32.553+0000] {taskinstance.py:2631} INFO - Dependencies all met for dep_context=requeueable deps ti=<TaskInstance: init_minio_buckets.create_postgres_connector manual__2025-12-07T16:10:27.731199+00:00 [queued]>
[2025-12-07T16:10:32.554+0000] {taskinstance.py:2884} INFO - Starting attempt 1 of 3
[2025-12-07T16:10:32.565+0000] {taskinstance.py:2907} INFO - Executing <Task(BashOperator): create_postgres_connector> on 2025-12-07 16:10:27.731199+00:00
[2025-12-07T16:10:32.575+0000] {logging_mixin.py:190} WARNING - /home/airflow/.local/lib/python3.12/site-packages/airflow/task/task_runner/standard_task_runner.py:70 DeprecationWarning: This process (pid=477) is multi-threaded, use of fork() may lead to deadlocks in the child.
[2025-12-07T16:10:32.576+0000] {standard_task_runner.py:72} INFO - Started process 478 to run task
[2025-12-07T16:10:32.575+0000] {standard_task_runner.py:104} INFO - Running: ['airflow', 'tasks', 'run', 'init_minio_buckets', 'create_***_connector', 'manual__2025-12-07T16:10:27.731199+00:00', '--job-id', '15', '--raw', '--subdir', 'DAGS_FOLDER/pipeline.py', '--cfg-path', '/tmp/tmp16bnhu28']
[2025-12-07T16:10:32.577+0000] {standard_task_runner.py:105} INFO - Job 15: Subtask create_***_connector
[2025-12-07T16:10:32.641+0000] {task_command.py:467} INFO - Running <TaskInstance: init_minio_buckets.create_postgres_connector manual__2025-12-07T16:10:27.731199+00:00 [running]> on host cdc234b10087
[2025-12-07T16:10:32.718+0000] {taskinstance.py:3157} INFO - Exporting env vars: AIRFLOW_CTX_DAG_OWNER='airflow' AIRFLOW_CTX_DAG_ID='init_minio_buckets' AIRFLOW_CTX_TASK_ID='create_***_connector' AIRFLOW_CTX_EXECUTION_DATE='2025-12-07T16:10:27.731199+00:00' AIRFLOW_CTX_TRY_NUMBER='1' AIRFLOW_CTX_DAG_RUN_ID='manual__2025-12-07T16:10:27.731199+00:00'
[2025-12-07T16:10:32.719+0000] {taskinstance.py:740} INFO - ::endgroup::
[2025-12-07T16:10:32.731+0000] {subprocess.py:78} INFO - Tmp dir root location: /tmp
[2025-12-07T16:10:32.732+0000] {subprocess.py:88} INFO - Running command: ['/usr/bin/bash', '-c', '\n            curl -X POST http://connect:8083/connectors             -H "Content-Type: application/json"             -d @/opt/debezium_config/connector-***ql.json\n        ']
[2025-12-07T16:10:32.746+0000] {subprocess.py:99} INFO - Output:
[2025-12-07T16:10:32.762+0000] {subprocess.py:106} INFO - Warning: Couldn't read data from file
[2025-12-07T16:10:32.763+0000] {subprocess.py:106} INFO - Warning: "/opt/debezium_config/connector-***ql.json", this makes an empty
[2025-12-07T16:10:32.763+0000] {subprocess.py:106} INFO - Warning: POST.
[2025-12-07T16:10:32.764+0000] {subprocess.py:106} INFO -   % Total    % Received % Xferd  Average Speed   Time    Time     Time  Current
[2025-12-07T16:10:32.764+0000] {subprocess.py:106} INFO -                                  Dload  Upload   Total   Spent    Left  Speed
[2025-12-07T16:10:32.951+0000] {subprocess.py:106} INFO -   0     0    0     0    0     0      0      0 --:--:-- --:--:-- --:--:--     0100    33  100    33    0     0    174      0 --:--:-- --:--:-- --:--:--   175
[2025-12-07T16:10:32.954+0000] {subprocess.py:106} INFO - {"error_code":500,"message":null}
[2025-12-07T16:10:32.955+0000] {subprocess.py:110} INFO - Command exited with return code 0
[2025-12-07T16:10:32.983+0000] {taskinstance.py:349} INFO - ::group::Post task execution logs
[2025-12-07T16:10:32.984+0000] {taskinstance.py:361} INFO - Marking task as SUCCESS. dag_id=init_minio_buckets, task_id=create_***_connector, run_id=manual__2025-12-07T16:10:27.731199+00:00, execution_date=20251207T161027, start_date=20251207T161032, end_date=20251207T161032
[2025-12-07T16:10:33.033+0000] {local_task_job_runner.py:266} INFO - Task exited with return code 0
[2025-12-07T16:10:33.055+0000] {taskinstance.py:3924} INFO - 1 downstream tasks scheduled from follow-on schedule check
[2025-12-07T16:10:33.057+0000] {local_task_job_runner.py:245} INFO - ::endgroup::
