[2025-12-07T19:47:17.409+0000] {local_task_job_runner.py:123} INFO - ::group::Pre task execution logs
[2025-12-07T19:47:17.439+0000] {taskinstance.py:2631} INFO - Dependencies all met for dep_context=non-requeueable deps ti=<TaskInstance: ETL_process.Sync_Gold_to_Postgres_erp_serving manual__2025-12-07T19:32:58.243257+00:00 [queued]>
[2025-12-07T19:47:17.450+0000] {taskinstance.py:2631} INFO - Dependencies all met for dep_context=requeueable deps ti=<TaskInstance: ETL_process.Sync_Gold_to_Postgres_erp_serving manual__2025-12-07T19:32:58.243257+00:00 [queued]>
[2025-12-07T19:47:17.451+0000] {taskinstance.py:2884} INFO - Starting attempt 1 of 3
[2025-12-07T19:47:17.466+0000] {taskinstance.py:2907} INFO - Executing <Task(BashOperator): Sync_Gold_to_Postgres_erp_serving> on 2025-12-07 19:32:58.243257+00:00
[2025-12-07T19:47:17.477+0000] {logging_mixin.py:190} WARNING - /home/airflow/.local/lib/python3.12/site-packages/airflow/task/task_runner/standard_task_runner.py:70 DeprecationWarning: This process (pid=2013) is multi-threaded, use of fork() may lead to deadlocks in the child.
[2025-12-07T19:47:17.479+0000] {standard_task_runner.py:72} INFO - Started process 2014 to run task
[2025-12-07T19:47:17.477+0000] {standard_task_runner.py:104} INFO - Running: ['airflow', 'tasks', 'run', 'ETL_process', 'Sync_Gold_to_Postgres_erp_serving', 'manual__2025-12-07T19:32:58.243257+00:00', '--job-id', '37', '--raw', '--subdir', 'DAGS_FOLDER/ETL.py', '--cfg-path', '/tmp/tmpln0kj8em']
[2025-12-07T19:47:17.480+0000] {standard_task_runner.py:105} INFO - Job 37: Subtask Sync_Gold_to_Postgres_erp_serving
[2025-12-07T19:47:17.565+0000] {task_command.py:467} INFO - Running <TaskInstance: ETL_process.Sync_Gold_to_Postgres_erp_serving manual__2025-12-07T19:32:58.243257+00:00 [running]> on host 8736f8ce0a1c
[2025-12-07T19:47:17.665+0000] {taskinstance.py:3157} INFO - Exporting env vars: AIRFLOW_CTX_DAG_OWNER='airflow' AIRFLOW_CTX_DAG_ID='ETL_process' AIRFLOW_CTX_TASK_ID='Sync_Gold_to_Postgres_erp_serving' AIRFLOW_CTX_EXECUTION_DATE='2025-12-07T19:32:58.243257+00:00' AIRFLOW_CTX_TRY_NUMBER='1' AIRFLOW_CTX_DAG_RUN_ID='manual__2025-12-07T19:32:58.243257+00:00'
[2025-12-07T19:47:17.666+0000] {taskinstance.py:740} INFO - ::endgroup::
[2025-12-07T19:47:17.689+0000] {subprocess.py:78} INFO - Tmp dir root location: /tmp
[2025-12-07T19:47:17.691+0000] {subprocess.py:88} INFO - Running command: ['/usr/bin/bash', '-c', 'docker exec spark-master /opt/spark/work-dir/batch-etl /opt/spark/bin/spark-submit         --master spark://spark-master:7077         --packages io.delta:delta-core_2.12:2.4.0,org.apache.hadoop:hadoop-aws:3.3.4,org.***ql:***ql:42.7.1         --conf spark.sql.extensions=io.delta.sql.DeltaSparkSessionExtension         --conf spark.sql.catalog.spark_catalog=org.apache.spark.sql.delta.catalog.DeltaCatalog         /opt/spark/work-dir/batch-etl/gold_to_serving/sync_***.py\n        ']
[2025-12-07T19:47:17.709+0000] {subprocess.py:99} INFO - Output:
[2025-12-07T19:47:17.970+0000] {subprocess.py:106} INFO - OCI runtime exec failed: exec failed: unable to start container process: exec: "/opt/spark/work-dir/batch-etl": is a directory: unknown: permission denied
[2025-12-07T19:47:17.979+0000] {subprocess.py:110} INFO - Command exited with return code 126
[2025-12-07T19:47:17.997+0000] {taskinstance.py:3336} ERROR - Task failed with exception
Traceback (most recent call last):
  File "/home/airflow/.local/lib/python3.12/site-packages/airflow/models/taskinstance.py", line 776, in _execute_task
    result = _execute_callable(context=context, **execute_callable_kwargs)
             ^^^^^^^^^^^^^^^^^^^^^^^^^^^^^^^^^^^^^^^^^^^^^^^^^^^^^^^^^^^^^
  File "/home/airflow/.local/lib/python3.12/site-packages/airflow/models/taskinstance.py", line 742, in _execute_callable
    return ExecutionCallableRunner(
           ^^^^^^^^^^^^^^^^^^^^^^^^
  File "/home/airflow/.local/lib/python3.12/site-packages/airflow/utils/operator_helpers.py", line 252, in run
    return self.func(*args, **kwargs)
           ^^^^^^^^^^^^^^^^^^^^^^^^^^
  File "/home/airflow/.local/lib/python3.12/site-packages/airflow/models/baseoperator.py", line 424, in wrapper
    return func(self, *args, **kwargs)
           ^^^^^^^^^^^^^^^^^^^^^^^^^^^
  File "/home/airflow/.local/lib/python3.12/site-packages/airflow/operators/bash.py", line 276, in execute
    raise AirflowException(
airflow.exceptions.AirflowException: Bash command failed. The command returned a non-zero exit code 126.
[2025-12-07T19:47:18.012+0000] {taskinstance.py:1242} INFO - Marking task as UP_FOR_RETRY. dag_id=ETL_process, task_id=Sync_Gold_to_Postgres_erp_serving, run_id=manual__2025-12-07T19:32:58.243257+00:00, execution_date=20251207T193258, start_date=20251207T194717, end_date=20251207T194718
[2025-12-07T19:47:18.054+0000] {taskinstance.py:349} INFO - ::group::Post task execution logs
[2025-12-07T19:47:18.055+0000] {standard_task_runner.py:124} ERROR - Failed to execute job 37 for task Sync_Gold_to_Postgres_erp_serving (Bash command failed. The command returned a non-zero exit code 126.; 2014)
Traceback (most recent call last):
  File "/home/airflow/.local/lib/python3.12/site-packages/airflow/task/task_runner/standard_task_runner.py", line 117, in _start_by_fork
    ret = args.func(args, dag=self.dag)
          ^^^^^^^^^^^^^^^^^^^^^^^^^^^^^
  File "/home/airflow/.local/lib/python3.12/site-packages/airflow/cli/cli_config.py", line 49, in command
    return func(*args, **kwargs)
           ^^^^^^^^^^^^^^^^^^^^^
  File "/home/airflow/.local/lib/python3.12/site-packages/airflow/utils/cli.py", line 116, in wrapper
    return f(*args, **kwargs)
           ^^^^^^^^^^^^^^^^^^
  File "/home/airflow/.local/lib/python3.12/site-packages/airflow/cli/commands/task_command.py", line 483, in task_run
    task_return_code = _run_task_by_selected_method(args, _dag, ti)
                       ^^^^^^^^^^^^^^^^^^^^^^^^^^^^^^^^^^^^^^^^^^^^
  File "/home/airflow/.local/lib/python3.12/site-packages/airflow/cli/commands/task_command.py", line 256, in _run_task_by_selected_method
    return _run_raw_task(args, ti)
           ^^^^^^^^^^^^^^^^^^^^^^^
  File "/home/airflow/.local/lib/python3.12/site-packages/airflow/cli/commands/task_command.py", line 341, in _run_raw_task
    return ti._run_raw_task(
           ^^^^^^^^^^^^^^^^^
  File "/home/airflow/.local/lib/python3.12/site-packages/airflow/utils/session.py", line 97, in wrapper
    return func(*args, session=session, **kwargs)
           ^^^^^^^^^^^^^^^^^^^^^^^^^^^^^^^^^^^^^^
  File "/home/airflow/.local/lib/python3.12/site-packages/airflow/models/taskinstance.py", line 3029, in _run_raw_task
    return _run_raw_task(
           ^^^^^^^^^^^^^^
  File "/home/airflow/.local/lib/python3.12/site-packages/airflow/models/taskinstance.py", line 282, in _run_raw_task
    TaskInstance._execute_task_with_callbacks(
  File "/home/airflow/.local/lib/python3.12/site-packages/airflow/models/taskinstance.py", line 3184, in _execute_task_with_callbacks
    result = self._execute_task(context, task_orig)
             ^^^^^^^^^^^^^^^^^^^^^^^^^^^^^^^^^^^^^^
  File "/home/airflow/.local/lib/python3.12/site-packages/airflow/models/taskinstance.py", line 3208, in _execute_task
    return _execute_task(self, context, task_orig)
           ^^^^^^^^^^^^^^^^^^^^^^^^^^^^^^^^^^^^^^^
  File "/home/airflow/.local/lib/python3.12/site-packages/airflow/models/taskinstance.py", line 776, in _execute_task
    result = _execute_callable(context=context, **execute_callable_kwargs)
             ^^^^^^^^^^^^^^^^^^^^^^^^^^^^^^^^^^^^^^^^^^^^^^^^^^^^^^^^^^^^^
  File "/home/airflow/.local/lib/python3.12/site-packages/airflow/models/taskinstance.py", line 742, in _execute_callable
    return ExecutionCallableRunner(
           ^^^^^^^^^^^^^^^^^^^^^^^^
  File "/home/airflow/.local/lib/python3.12/site-packages/airflow/utils/operator_helpers.py", line 252, in run
    return self.func(*args, **kwargs)
           ^^^^^^^^^^^^^^^^^^^^^^^^^^
  File "/home/airflow/.local/lib/python3.12/site-packages/airflow/models/baseoperator.py", line 424, in wrapper
    return func(self, *args, **kwargs)
           ^^^^^^^^^^^^^^^^^^^^^^^^^^^
  File "/home/airflow/.local/lib/python3.12/site-packages/airflow/operators/bash.py", line 276, in execute
    raise AirflowException(
airflow.exceptions.AirflowException: Bash command failed. The command returned a non-zero exit code 126.
[2025-12-07T19:47:18.097+0000] {local_task_job_runner.py:266} INFO - Task exited with return code 1
[2025-12-07T19:47:18.122+0000] {taskinstance.py:3924} INFO - 0 downstream tasks scheduled from follow-on schedule check
[2025-12-07T19:47:18.124+0000] {local_task_job_runner.py:245} INFO - ::endgroup::
