[2025-12-08T12:02:47.930+0000] {local_task_job_runner.py:123} INFO - ::group::Pre task execution logs
[2025-12-08T12:02:47.952+0000] {taskinstance.py:2631} INFO - Dependencies all met for dep_context=non-requeueable deps ti=<TaskInstance: init_project.init_minio_alias manual__2025-12-08T12:02:46.731929+00:00 [queued]>
[2025-12-08T12:02:47.961+0000] {taskinstance.py:2631} INFO - Dependencies all met for dep_context=requeueable deps ti=<TaskInstance: init_project.init_minio_alias manual__2025-12-08T12:02:46.731929+00:00 [queued]>
[2025-12-08T12:02:47.962+0000] {taskinstance.py:2884} INFO - Starting attempt 1 of 3
[2025-12-08T12:02:47.976+0000] {taskinstance.py:2907} INFO - Executing <Task(BashOperator): init_minio_alias> on 2025-12-08 12:02:46.731929+00:00
[2025-12-08T12:02:47.985+0000] {logging_mixin.py:190} WARNING - /home/airflow/.local/lib/python3.12/site-packages/airflow/task/task_runner/standard_task_runner.py:70 DeprecationWarning: This process (pid=248) is multi-threaded, use of fork() may lead to deadlocks in the child.
[2025-12-08T12:02:47.987+0000] {standard_task_runner.py:72} INFO - Started process 249 to run task
[2025-12-08T12:02:47.986+0000] {standard_task_runner.py:104} INFO - Running: ['airflow', 'tasks', 'run', 'init_project', 'init_minio_alias', 'manual__2025-12-08T12:02:46.731929+00:00', '--job-id', '2', '--raw', '--subdir', 'DAGS_FOLDER/init.py', '--cfg-path', '/tmp/tmp8vup2it_']
[2025-12-08T12:02:47.989+0000] {standard_task_runner.py:105} INFO - Job 2: Subtask init_minio_alias
[2025-12-08T12:02:48.060+0000] {task_command.py:467} INFO - Running <TaskInstance: init_project.init_minio_alias manual__2025-12-08T12:02:46.731929+00:00 [running]> on host 27e3e058339a
[2025-12-08T12:02:48.144+0000] {taskinstance.py:3157} INFO - Exporting env vars: AIRFLOW_CTX_DAG_OWNER='airflow' AIRFLOW_CTX_DAG_ID='init_project' AIRFLOW_CTX_TASK_ID='init_minio_alias' AIRFLOW_CTX_EXECUTION_DATE='2025-12-08T12:02:46.731929+00:00' AIRFLOW_CTX_TRY_NUMBER='1' AIRFLOW_CTX_DAG_RUN_ID='manual__2025-12-08T12:02:46.731929+00:00'
[2025-12-08T12:02:48.145+0000] {taskinstance.py:740} INFO - ::endgroup::
[2025-12-08T12:02:48.188+0000] {subprocess.py:78} INFO - Tmp dir root location: /tmp
[2025-12-08T12:02:48.190+0000] {subprocess.py:88} INFO - Running command: ['/usr/bin/bash', '-c', 'docker exec minio-mc mc alias set local http://minio:9000 minioadmin minioadmin']
[2025-12-08T12:02:48.202+0000] {subprocess.py:99} INFO - Output:
[2025-12-08T12:02:48.562+0000] {subprocess.py:106} INFO - Added `local` successfully.
[2025-12-08T12:02:48.575+0000] {subprocess.py:110} INFO - Command exited with return code 0
[2025-12-08T12:02:48.604+0000] {taskinstance.py:349} INFO - ::group::Post task execution logs
[2025-12-08T12:02:48.605+0000] {taskinstance.py:361} INFO - Marking task as SUCCESS. dag_id=init_project, task_id=init_minio_alias, run_id=manual__2025-12-08T12:02:46.731929+00:00, execution_date=20251208T120246, start_date=20251208T120247, end_date=20251208T120248
[2025-12-08T12:02:48.644+0000] {local_task_job_runner.py:266} INFO - Task exited with return code 0
[2025-12-08T12:02:48.675+0000] {taskinstance.py:3924} INFO - 3 downstream tasks scheduled from follow-on schedule check
[2025-12-08T12:02:48.677+0000] {local_task_job_runner.py:245} INFO - ::endgroup::
