[2025-12-07T16:06:01.405+0000] {local_task_job_runner.py:123} INFO - ::group::Pre task execution logs
[2025-12-07T16:06:01.427+0000] {taskinstance.py:2631} INFO - Dependencies all met for dep_context=non-requeueable deps ti=<TaskInstance: init_minio_buckets.init_minio_alias manual__2025-12-07T16:06:00.542691+00:00 [queued]>
[2025-12-07T16:06:01.436+0000] {taskinstance.py:2631} INFO - Dependencies all met for dep_context=requeueable deps ti=<TaskInstance: init_minio_buckets.init_minio_alias manual__2025-12-07T16:06:00.542691+00:00 [queued]>
[2025-12-07T16:06:01.437+0000] {taskinstance.py:2884} INFO - Starting attempt 1 of 3
[2025-12-07T16:06:01.450+0000] {taskinstance.py:2907} INFO - Executing <Task(BashOperator): init_minio_alias> on 2025-12-07 16:06:00.542691+00:00
[2025-12-07T16:06:01.460+0000] {logging_mixin.py:190} WARNING - /home/airflow/.local/lib/python3.12/site-packages/airflow/task/task_runner/standard_task_runner.py:70 DeprecationWarning: This process (pid=238) is multi-threaded, use of fork() may lead to deadlocks in the child.
[2025-12-07T16:06:01.461+0000] {standard_task_runner.py:72} INFO - Started process 239 to run task
[2025-12-07T16:06:01.460+0000] {standard_task_runner.py:104} INFO - Running: ['airflow', 'tasks', 'run', 'init_minio_buckets', 'init_minio_alias', 'manual__2025-12-07T16:06:00.542691+00:00', '--job-id', '2', '--raw', '--subdir', 'DAGS_FOLDER/pipeline.py', '--cfg-path', '/tmp/tmpef2_mp89']
[2025-12-07T16:06:01.463+0000] {standard_task_runner.py:105} INFO - Job 2: Subtask init_minio_alias
[2025-12-07T16:06:01.528+0000] {task_command.py:467} INFO - Running <TaskInstance: init_minio_buckets.init_minio_alias manual__2025-12-07T16:06:00.542691+00:00 [running]> on host cdc234b10087
[2025-12-07T16:06:01.608+0000] {taskinstance.py:3157} INFO - Exporting env vars: AIRFLOW_CTX_DAG_OWNER='airflow' AIRFLOW_CTX_DAG_ID='init_minio_buckets' AIRFLOW_CTX_TASK_ID='init_minio_alias' AIRFLOW_CTX_EXECUTION_DATE='2025-12-07T16:06:00.542691+00:00' AIRFLOW_CTX_TRY_NUMBER='1' AIRFLOW_CTX_DAG_RUN_ID='manual__2025-12-07T16:06:00.542691+00:00'
[2025-12-07T16:06:01.609+0000] {taskinstance.py:740} INFO - ::endgroup::
[2025-12-07T16:06:01.640+0000] {subprocess.py:78} INFO - Tmp dir root location: /tmp
[2025-12-07T16:06:01.642+0000] {subprocess.py:88} INFO - Running command: ['/usr/bin/bash', '-c', 'docker exec minio-mc mc alias set local http://minio:9000 minioadmin minioadmin']
[2025-12-07T16:06:01.655+0000] {subprocess.py:99} INFO - Output:
[2025-12-07T16:06:01.824+0000] {subprocess.py:106} INFO - Added `local` successfully.
[2025-12-07T16:06:01.835+0000] {subprocess.py:110} INFO - Command exited with return code 0
[2025-12-07T16:06:01.863+0000] {taskinstance.py:349} INFO - ::group::Post task execution logs
[2025-12-07T16:06:01.864+0000] {taskinstance.py:361} INFO - Marking task as SUCCESS. dag_id=init_minio_buckets, task_id=init_minio_alias, run_id=manual__2025-12-07T16:06:00.542691+00:00, execution_date=20251207T160600, start_date=20251207T160601, end_date=20251207T160601
[2025-12-07T16:06:01.918+0000] {local_task_job_runner.py:266} INFO - Task exited with return code 0
[2025-12-07T16:06:01.948+0000] {taskinstance.py:3924} INFO - 3 downstream tasks scheduled from follow-on schedule check
[2025-12-07T16:06:01.950+0000] {local_task_job_runner.py:245} INFO - ::endgroup::
