[2025-12-07T18:35:57.378+0000] {local_task_job_runner.py:123} INFO - ::group::Pre task execution logs
[2025-12-07T18:35:57.407+0000] {taskinstance.py:2631} INFO - Dependencies all met for dep_context=non-requeueable deps ti=<TaskInstance: init_project.create_minio_connector manual__2025-12-07T18:35:48.047501+00:00 [queued]>
[2025-12-07T18:35:57.418+0000] {taskinstance.py:2631} INFO - Dependencies all met for dep_context=requeueable deps ti=<TaskInstance: init_project.create_minio_connector manual__2025-12-07T18:35:48.047501+00:00 [queued]>
[2025-12-07T18:35:57.419+0000] {taskinstance.py:2884} INFO - Starting attempt 1 of 3
[2025-12-07T18:35:57.433+0000] {taskinstance.py:2907} INFO - Executing <Task(BashOperator): create_minio_connector> on 2025-12-07 18:35:48.047501+00:00
[2025-12-07T18:35:57.443+0000] {logging_mixin.py:190} WARNING - /home/airflow/.local/lib/python3.12/site-packages/airflow/task/task_runner/standard_task_runner.py:70 DeprecationWarning: This process (pid=389) is multi-threaded, use of fork() may lead to deadlocks in the child.
[2025-12-07T18:35:57.445+0000] {standard_task_runner.py:72} INFO - Started process 390 to run task
[2025-12-07T18:35:57.444+0000] {standard_task_runner.py:104} INFO - Running: ['airflow', 'tasks', 'run', 'init_project', 'create_minio_connector', 'manual__2025-12-07T18:35:48.047501+00:00', '--job-id', '23', '--raw', '--subdir', 'DAGS_FOLDER/init.py', '--cfg-path', '/tmp/tmp6764gfyj']
[2025-12-07T18:35:57.446+0000] {standard_task_runner.py:105} INFO - Job 23: Subtask create_minio_connector
[2025-12-07T18:35:57.517+0000] {task_command.py:467} INFO - Running <TaskInstance: init_project.create_minio_connector manual__2025-12-07T18:35:48.047501+00:00 [running]> on host 8736f8ce0a1c
[2025-12-07T18:35:57.623+0000] {taskinstance.py:3157} INFO - Exporting env vars: AIRFLOW_CTX_DAG_OWNER='airflow' AIRFLOW_CTX_DAG_ID='init_project' AIRFLOW_CTX_TASK_ID='create_minio_connector' AIRFLOW_CTX_EXECUTION_DATE='2025-12-07T18:35:48.047501+00:00' AIRFLOW_CTX_TRY_NUMBER='1' AIRFLOW_CTX_DAG_RUN_ID='manual__2025-12-07T18:35:48.047501+00:00'
[2025-12-07T18:35:57.625+0000] {taskinstance.py:740} INFO - ::endgroup::
[2025-12-07T18:35:57.641+0000] {subprocess.py:78} INFO - Tmp dir root location: /tmp
[2025-12-07T18:35:57.644+0000] {subprocess.py:88} INFO - Running command: ['/usr/bin/bash', '-c', '\n            curl -X POST http://connect:8083/connectors             -H "Content-Type: application/json"             -d @/opt/debezium_config/connector-minio.json\n        ']
[2025-12-07T18:35:57.660+0000] {subprocess.py:99} INFO - Output:
[2025-12-07T18:35:57.677+0000] {subprocess.py:106} INFO -   % Total    % Received % Xferd  Average Speed   Time    Time     Time  Current
[2025-12-07T18:35:57.678+0000] {subprocess.py:106} INFO -                                  Dload  Upload   Total   Spent    Left  Speed
[2025-12-07T18:35:57.689+0000] {subprocess.py:106} INFO -   0     0    0     0    0     0      0      0 --:--:-- --:--:-- --:--:--     0100   911  100    69  100   842   5308  64774 --:--:-- --:--:-- --:--:-- 75916
[2025-12-07T18:35:57.693+0000] {subprocess.py:106} INFO - {"error_code":409,"message":"Connector s3-sink-minio already exists"}
[2025-12-07T18:35:57.694+0000] {subprocess.py:110} INFO - Command exited with return code 0
[2025-12-07T18:35:57.730+0000] {taskinstance.py:349} INFO - ::group::Post task execution logs
[2025-12-07T18:35:57.731+0000] {taskinstance.py:361} INFO - Marking task as SUCCESS. dag_id=init_project, task_id=create_minio_connector, run_id=manual__2025-12-07T18:35:48.047501+00:00, execution_date=20251207T183548, start_date=20251207T183557, end_date=20251207T183557
[2025-12-07T18:35:57.781+0000] {local_task_job_runner.py:266} INFO - Task exited with return code 0
[2025-12-07T18:35:57.800+0000] {taskinstance.py:3924} INFO - 0 downstream tasks scheduled from follow-on schedule check
[2025-12-07T18:35:57.802+0000] {local_task_job_runner.py:245} INFO - ::endgroup::
