[2025-12-07T18:35:52.424+0000] {local_task_job_runner.py:123} INFO - ::group::Pre task execution logs
[2025-12-07T18:35:52.458+0000] {taskinstance.py:2631} INFO - Dependencies all met for dep_context=non-requeueable deps ti=<TaskInstance: init_project.create_bucket_silver manual__2025-12-07T18:35:48.047501+00:00 [queued]>
[2025-12-07T18:35:52.471+0000] {taskinstance.py:2631} INFO - Dependencies all met for dep_context=requeueable deps ti=<TaskInstance: init_project.create_bucket_silver manual__2025-12-07T18:35:48.047501+00:00 [queued]>
[2025-12-07T18:35:52.472+0000] {taskinstance.py:2884} INFO - Starting attempt 1 of 3
[2025-12-07T18:35:52.492+0000] {taskinstance.py:2907} INFO - Executing <Task(BashOperator): create_bucket_silver> on 2025-12-07 18:35:48.047501+00:00
[2025-12-07T18:35:52.506+0000] {logging_mixin.py:190} WARNING - /home/airflow/.local/lib/python3.12/site-packages/airflow/task/task_runner/standard_task_runner.py:70 DeprecationWarning: This process (pid=312) is multi-threaded, use of fork() may lead to deadlocks in the child.
[2025-12-07T18:35:52.508+0000] {standard_task_runner.py:72} INFO - Started process 313 to run task
[2025-12-07T18:35:52.506+0000] {standard_task_runner.py:104} INFO - Running: ['airflow', 'tasks', 'run', 'init_project', 'create_bucket_silver', 'manual__2025-12-07T18:35:48.047501+00:00', '--job-id', '18', '--raw', '--subdir', 'DAGS_FOLDER/init.py', '--cfg-path', '/tmp/tmpox7qysaz']
[2025-12-07T18:35:52.511+0000] {standard_task_runner.py:105} INFO - Job 18: Subtask create_bucket_silver
[2025-12-07T18:35:52.616+0000] {task_command.py:467} INFO - Running <TaskInstance: init_project.create_bucket_silver manual__2025-12-07T18:35:48.047501+00:00 [running]> on host 8736f8ce0a1c
[2025-12-07T18:35:52.757+0000] {taskinstance.py:3157} INFO - Exporting env vars: AIRFLOW_CTX_DAG_OWNER='airflow' AIRFLOW_CTX_DAG_ID='init_project' AIRFLOW_CTX_TASK_ID='create_bucket_silver' AIRFLOW_CTX_EXECUTION_DATE='2025-12-07T18:35:48.047501+00:00' AIRFLOW_CTX_TRY_NUMBER='1' AIRFLOW_CTX_DAG_RUN_ID='manual__2025-12-07T18:35:48.047501+00:00'
[2025-12-07T18:35:52.759+0000] {taskinstance.py:740} INFO - ::endgroup::
[2025-12-07T18:35:52.777+0000] {subprocess.py:78} INFO - Tmp dir root location: /tmp
[2025-12-07T18:35:52.780+0000] {subprocess.py:88} INFO - Running command: ['/usr/bin/bash', '-c', 'docker exec minio-mc mc mb local/silver || true']
[2025-12-07T18:35:52.802+0000] {subprocess.py:99} INFO - Output:
[2025-12-07T18:35:53.051+0000] {subprocess.py:106} INFO - mc: <ERROR> Unable to make bucket `local/silver`. Your previous request to create the named bucket succeeded and you already own it.
[2025-12-07T18:35:53.087+0000] {subprocess.py:110} INFO - Command exited with return code 0
[2025-12-07T18:35:53.125+0000] {taskinstance.py:349} INFO - ::group::Post task execution logs
[2025-12-07T18:35:53.126+0000] {taskinstance.py:361} INFO - Marking task as SUCCESS. dag_id=init_project, task_id=create_bucket_silver, run_id=manual__2025-12-07T18:35:48.047501+00:00, execution_date=20251207T183548, start_date=20251207T183552, end_date=20251207T183553
[2025-12-07T18:35:53.208+0000] {local_task_job_runner.py:266} INFO - Task exited with return code 0
[2025-12-07T18:35:53.222+0000] {local_task_job_runner.py:245} INFO - ::endgroup::
