[2025-12-07T18:35:52.427+0000] {local_task_job_runner.py:123} INFO - ::group::Pre task execution logs
[2025-12-07T18:35:52.459+0000] {taskinstance.py:2631} INFO - Dependencies all met for dep_context=non-requeueable deps ti=<TaskInstance: init_project.create_bucket_gold manual__2025-12-07T18:35:48.047501+00:00 [queued]>
[2025-12-07T18:35:52.473+0000] {taskinstance.py:2631} INFO - Dependencies all met for dep_context=requeueable deps ti=<TaskInstance: init_project.create_bucket_gold manual__2025-12-07T18:35:48.047501+00:00 [queued]>
[2025-12-07T18:35:52.473+0000] {taskinstance.py:2884} INFO - Starting attempt 1 of 3
[2025-12-07T18:35:52.493+0000] {taskinstance.py:2907} INFO - Executing <Task(BashOperator): create_bucket_gold> on 2025-12-07 18:35:48.047501+00:00
[2025-12-07T18:35:52.506+0000] {logging_mixin.py:190} WARNING - /home/airflow/.local/lib/python3.12/site-packages/airflow/task/task_runner/standard_task_runner.py:70 DeprecationWarning: This process (pid=310) is multi-threaded, use of fork() may lead to deadlocks in the child.
[2025-12-07T18:35:52.508+0000] {standard_task_runner.py:72} INFO - Started process 315 to run task
[2025-12-07T18:35:52.507+0000] {standard_task_runner.py:104} INFO - Running: ['airflow', 'tasks', 'run', 'init_project', 'create_bucket_gold', 'manual__2025-12-07T18:35:48.047501+00:00', '--job-id', '19', '--raw', '--subdir', 'DAGS_FOLDER/init.py', '--cfg-path', '/tmp/tmpk75i6ri_']
[2025-12-07T18:35:52.511+0000] {standard_task_runner.py:105} INFO - Job 19: Subtask create_bucket_gold
[2025-12-07T18:35:52.611+0000] {task_command.py:467} INFO - Running <TaskInstance: init_project.create_bucket_gold manual__2025-12-07T18:35:48.047501+00:00 [running]> on host 8736f8ce0a1c
[2025-12-07T18:35:52.753+0000] {taskinstance.py:3157} INFO - Exporting env vars: AIRFLOW_CTX_DAG_OWNER='airflow' AIRFLOW_CTX_DAG_ID='init_project' AIRFLOW_CTX_TASK_ID='create_bucket_gold' AIRFLOW_CTX_EXECUTION_DATE='2025-12-07T18:35:48.047501+00:00' AIRFLOW_CTX_TRY_NUMBER='1' AIRFLOW_CTX_DAG_RUN_ID='manual__2025-12-07T18:35:48.047501+00:00'
[2025-12-07T18:35:52.754+0000] {taskinstance.py:740} INFO - ::endgroup::
[2025-12-07T18:35:52.780+0000] {subprocess.py:78} INFO - Tmp dir root location: /tmp
[2025-12-07T18:35:52.782+0000] {subprocess.py:88} INFO - Running command: ['/usr/bin/bash', '-c', 'docker exec minio-mc mc mb local/gold || true']
[2025-12-07T18:35:52.808+0000] {subprocess.py:99} INFO - Output:
[2025-12-07T18:35:53.051+0000] {subprocess.py:106} INFO - mc: <ERROR> Unable to make bucket `local/gold`. Your previous request to create the named bucket succeeded and you already own it.
[2025-12-07T18:35:53.073+0000] {subprocess.py:110} INFO - Command exited with return code 0
[2025-12-07T18:35:53.116+0000] {taskinstance.py:349} INFO - ::group::Post task execution logs
[2025-12-07T18:35:53.117+0000] {taskinstance.py:361} INFO - Marking task as SUCCESS. dag_id=init_project, task_id=create_bucket_gold, run_id=manual__2025-12-07T18:35:48.047501+00:00, execution_date=20251207T183548, start_date=20251207T183552, end_date=20251207T183553
[2025-12-07T18:35:53.169+0000] {local_task_job_runner.py:266} INFO - Task exited with return code 0
[2025-12-07T18:35:53.209+0000] {taskinstance.py:3924} INFO - 1 downstream tasks scheduled from follow-on schedule check
[2025-12-07T18:35:53.212+0000] {local_task_job_runner.py:245} INFO - ::endgroup::
