[2025-12-08T12:02:49.843+0000] {local_task_job_runner.py:123} INFO - ::group::Pre task execution logs
[2025-12-08T12:02:49.871+0000] {taskinstance.py:2631} INFO - Dependencies all met for dep_context=non-requeueable deps ti=<TaskInstance: init_project.create_bucket_gold manual__2025-12-08T12:02:46.731929+00:00 [queued]>
[2025-12-08T12:02:49.886+0000] {taskinstance.py:2631} INFO - Dependencies all met for dep_context=requeueable deps ti=<TaskInstance: init_project.create_bucket_gold manual__2025-12-08T12:02:46.731929+00:00 [queued]>
[2025-12-08T12:02:49.888+0000] {taskinstance.py:2884} INFO - Starting attempt 1 of 3
[2025-12-08T12:02:49.918+0000] {taskinstance.py:2907} INFO - Executing <Task(BashOperator): create_bucket_gold> on 2025-12-08 12:02:46.731929+00:00
[2025-12-08T12:02:49.930+0000] {logging_mixin.py:190} WARNING - /home/airflow/.local/lib/python3.12/site-packages/airflow/task/task_runner/standard_task_runner.py:70 DeprecationWarning: This process (pid=261) is multi-threaded, use of fork() may lead to deadlocks in the child.
[2025-12-08T12:02:49.932+0000] {standard_task_runner.py:72} INFO - Started process 265 to run task
[2025-12-08T12:02:49.930+0000] {standard_task_runner.py:104} INFO - Running: ['airflow', 'tasks', 'run', 'init_project', 'create_bucket_gold', 'manual__2025-12-08T12:02:46.731929+00:00', '--job-id', '3', '--raw', '--subdir', 'DAGS_FOLDER/init.py', '--cfg-path', '/tmp/tmpdidj7jri']
[2025-12-08T12:02:49.933+0000] {standard_task_runner.py:105} INFO - Job 3: Subtask create_bucket_gold
[2025-12-08T12:02:50.006+0000] {task_command.py:467} INFO - Running <TaskInstance: init_project.create_bucket_gold manual__2025-12-08T12:02:46.731929+00:00 [running]> on host 27e3e058339a
[2025-12-08T12:02:50.113+0000] {taskinstance.py:3157} INFO - Exporting env vars: AIRFLOW_CTX_DAG_OWNER='airflow' AIRFLOW_CTX_DAG_ID='init_project' AIRFLOW_CTX_TASK_ID='create_bucket_gold' AIRFLOW_CTX_EXECUTION_DATE='2025-12-08T12:02:46.731929+00:00' AIRFLOW_CTX_TRY_NUMBER='1' AIRFLOW_CTX_DAG_RUN_ID='manual__2025-12-08T12:02:46.731929+00:00'
[2025-12-08T12:02:50.114+0000] {taskinstance.py:740} INFO - ::endgroup::
[2025-12-08T12:02:50.135+0000] {subprocess.py:78} INFO - Tmp dir root location: /tmp
[2025-12-08T12:02:50.137+0000] {subprocess.py:88} INFO - Running command: ['/usr/bin/bash', '-c', 'docker exec minio-mc mc mb local/gold || true']
[2025-12-08T12:02:50.154+0000] {subprocess.py:99} INFO - Output:
[2025-12-08T12:02:50.308+0000] {subprocess.py:106} INFO - Bucket created successfully `local/gold`.
[2025-12-08T12:02:50.324+0000] {subprocess.py:110} INFO - Command exited with return code 0
[2025-12-08T12:02:50.354+0000] {taskinstance.py:349} INFO - ::group::Post task execution logs
[2025-12-08T12:02:50.355+0000] {taskinstance.py:361} INFO - Marking task as SUCCESS. dag_id=init_project, task_id=create_bucket_gold, run_id=manual__2025-12-08T12:02:46.731929+00:00, execution_date=20251208T120246, start_date=20251208T120249, end_date=20251208T120250
[2025-12-08T12:02:50.429+0000] {local_task_job_runner.py:266} INFO - Task exited with return code 0
[2025-12-08T12:02:50.441+0000] {local_task_job_runner.py:245} INFO - ::endgroup::
