[2025-12-07T16:01:37.746+0000] {local_task_job_runner.py:123} INFO - ::group::Pre task execution logs
[2025-12-07T16:01:37.768+0000] {taskinstance.py:2631} INFO - Dependencies all met for dep_context=non-requeueable deps ti=<TaskInstance: init_minio_buckets.init_minio_alias manual__2025-12-07T16:01:36.953495+00:00 [queued]>
[2025-12-07T16:01:37.776+0000] {taskinstance.py:2631} INFO - Dependencies all met for dep_context=requeueable deps ti=<TaskInstance: init_minio_buckets.init_minio_alias manual__2025-12-07T16:01:36.953495+00:00 [queued]>
[2025-12-07T16:01:37.776+0000] {taskinstance.py:2884} INFO - Starting attempt 1 of 3
[2025-12-07T16:01:37.789+0000] {taskinstance.py:2907} INFO - Executing <Task(BashOperator): init_minio_alias> on 2025-12-07 16:01:36.953495+00:00
[2025-12-07T16:01:37.799+0000] {logging_mixin.py:190} WARNING - /home/airflow/.local/lib/python3.12/site-packages/airflow/task/task_runner/standard_task_runner.py:70 DeprecationWarning: This process (pid=232) is multi-threaded, use of fork() may lead to deadlocks in the child.
[2025-12-07T16:01:37.801+0000] {standard_task_runner.py:72} INFO - Started process 233 to run task
[2025-12-07T16:01:37.800+0000] {standard_task_runner.py:104} INFO - Running: ['airflow', 'tasks', 'run', 'init_minio_buckets', 'init_minio_alias', 'manual__2025-12-07T16:01:36.953495+00:00', '--job-id', '2', '--raw', '--subdir', 'DAGS_FOLDER/pipeline.py', '--cfg-path', '/tmp/tmpsn8dww1y']
[2025-12-07T16:01:37.802+0000] {standard_task_runner.py:105} INFO - Job 2: Subtask init_minio_alias
[2025-12-07T16:01:37.874+0000] {task_command.py:467} INFO - Running <TaskInstance: init_minio_buckets.init_minio_alias manual__2025-12-07T16:01:36.953495+00:00 [running]> on host 136ca7b8487e
[2025-12-07T16:01:37.957+0000] {taskinstance.py:3157} INFO - Exporting env vars: AIRFLOW_CTX_DAG_OWNER='airflow' AIRFLOW_CTX_DAG_ID='init_minio_buckets' AIRFLOW_CTX_TASK_ID='init_minio_alias' AIRFLOW_CTX_EXECUTION_DATE='2025-12-07T16:01:36.953495+00:00' AIRFLOW_CTX_TRY_NUMBER='1' AIRFLOW_CTX_DAG_RUN_ID='manual__2025-12-07T16:01:36.953495+00:00'
[2025-12-07T16:01:37.958+0000] {taskinstance.py:740} INFO - ::endgroup::
[2025-12-07T16:01:37.992+0000] {subprocess.py:78} INFO - Tmp dir root location: /tmp
[2025-12-07T16:01:37.994+0000] {subprocess.py:88} INFO - Running command: ['/usr/bin/bash', '-c', 'docker exec minio-mc mc alias set local http://minio:9000 minioadmin minioadmin']
[2025-12-07T16:01:38.007+0000] {subprocess.py:99} INFO - Output:
[2025-12-07T16:01:38.261+0000] {subprocess.py:106} INFO - Added `local` successfully.
[2025-12-07T16:01:38.274+0000] {subprocess.py:110} INFO - Command exited with return code 0
[2025-12-07T16:01:38.302+0000] {taskinstance.py:349} INFO - ::group::Post task execution logs
[2025-12-07T16:01:38.303+0000] {taskinstance.py:361} INFO - Marking task as SUCCESS. dag_id=init_minio_buckets, task_id=init_minio_alias, run_id=manual__2025-12-07T16:01:36.953495+00:00, execution_date=20251207T160136, start_date=20251207T160137, end_date=20251207T160138
[2025-12-07T16:01:38.338+0000] {local_task_job_runner.py:266} INFO - Task exited with return code 0
[2025-12-07T16:01:38.366+0000] {taskinstance.py:3924} INFO - 3 downstream tasks scheduled from follow-on schedule check
[2025-12-07T16:01:38.368+0000] {local_task_job_runner.py:245} INFO - ::endgroup::
