[2025-12-07T16:06:03.645+0000] {local_task_job_runner.py:123} INFO - ::group::Pre task execution logs
[2025-12-07T16:06:03.680+0000] {taskinstance.py:2631} INFO - Dependencies all met for dep_context=non-requeueable deps ti=<TaskInstance: init_minio_buckets.set_bucket_access manual__2025-12-07T16:06:00.542691+00:00 [queued]>
[2025-12-07T16:06:03.706+0000] {taskinstance.py:2631} INFO - Dependencies all met for dep_context=requeueable deps ti=<TaskInstance: init_minio_buckets.set_bucket_access manual__2025-12-07T16:06:00.542691+00:00 [queued]>
[2025-12-07T16:06:03.706+0000] {taskinstance.py:2884} INFO - Starting attempt 1 of 3
[2025-12-07T16:06:03.722+0000] {taskinstance.py:2907} INFO - Executing <Task(BashOperator): set_bucket_access> on 2025-12-07 16:06:00.542691+00:00
[2025-12-07T16:06:03.732+0000] {logging_mixin.py:190} WARNING - /home/airflow/.local/lib/python3.12/site-packages/airflow/task/task_runner/standard_task_runner.py:70 DeprecationWarning: This process (pid=294) is multi-threaded, use of fork() may lead to deadlocks in the child.
[2025-12-07T16:06:03.733+0000] {standard_task_runner.py:72} INFO - Started process 295 to run task
[2025-12-07T16:06:03.732+0000] {standard_task_runner.py:104} INFO - Running: ['airflow', 'tasks', 'run', 'init_minio_buckets', 'set_bucket_access', 'manual__2025-12-07T16:06:00.542691+00:00', '--job-id', '6', '--raw', '--subdir', 'DAGS_FOLDER/pipeline.py', '--cfg-path', '/tmp/tmpy9k9ic7q']
[2025-12-07T16:06:03.734+0000] {standard_task_runner.py:105} INFO - Job 6: Subtask set_bucket_access
[2025-12-07T16:06:03.807+0000] {task_command.py:467} INFO - Running <TaskInstance: init_minio_buckets.set_bucket_access manual__2025-12-07T16:06:00.542691+00:00 [running]> on host cdc234b10087
[2025-12-07T16:06:03.895+0000] {taskinstance.py:3157} INFO - Exporting env vars: AIRFLOW_CTX_DAG_OWNER='airflow' AIRFLOW_CTX_DAG_ID='init_minio_buckets' AIRFLOW_CTX_TASK_ID='set_bucket_access' AIRFLOW_CTX_EXECUTION_DATE='2025-12-07T16:06:00.542691+00:00' AIRFLOW_CTX_TRY_NUMBER='1' AIRFLOW_CTX_DAG_RUN_ID='manual__2025-12-07T16:06:00.542691+00:00'
[2025-12-07T16:06:03.896+0000] {taskinstance.py:740} INFO - ::endgroup::
[2025-12-07T16:06:03.908+0000] {subprocess.py:78} INFO - Tmp dir root location: /tmp
[2025-12-07T16:06:03.910+0000] {subprocess.py:88} INFO - Running command: ['/usr/bin/bash', '-c', 'docker exec minio-mc mc anonymous set public local/bronze && docker exec minio-mc mc anonymous set public local/silver && docker exec minio-mc mc anonymous set public local/gold']
[2025-12-07T16:06:03.924+0000] {subprocess.py:99} INFO - Output:
[2025-12-07T16:06:04.097+0000] {subprocess.py:106} INFO - Access permission for `local/bronze` is set to `public`
[2025-12-07T16:06:04.263+0000] {subprocess.py:106} INFO - Access permission for `local/silver` is set to `public`
[2025-12-07T16:06:04.433+0000] {subprocess.py:106} INFO - Access permission for `local/gold` is set to `public`
[2025-12-07T16:06:04.445+0000] {subprocess.py:110} INFO - Command exited with return code 0
[2025-12-07T16:06:04.473+0000] {taskinstance.py:349} INFO - ::group::Post task execution logs
[2025-12-07T16:06:04.474+0000] {taskinstance.py:361} INFO - Marking task as SUCCESS. dag_id=init_minio_buckets, task_id=set_bucket_access, run_id=manual__2025-12-07T16:06:00.542691+00:00, execution_date=20251207T160600, start_date=20251207T160603, end_date=20251207T160604
[2025-12-07T16:06:04.551+0000] {local_task_job_runner.py:266} INFO - Task exited with return code 0
[2025-12-07T16:06:04.581+0000] {taskinstance.py:3924} INFO - 1 downstream tasks scheduled from follow-on schedule check
[2025-12-07T16:06:04.583+0000] {local_task_job_runner.py:245} INFO - ::endgroup::
