[2025-12-08T12:02:52.011+0000] {local_task_job_runner.py:123} INFO - ::group::Pre task execution logs
[2025-12-08T12:02:52.036+0000] {taskinstance.py:2631} INFO - Dependencies all met for dep_context=non-requeueable deps ti=<TaskInstance: init_project.create_postgres_connector manual__2025-12-08T12:02:46.731929+00:00 [queued]>
[2025-12-08T12:02:52.045+0000] {taskinstance.py:2631} INFO - Dependencies all met for dep_context=requeueable deps ti=<TaskInstance: init_project.create_postgres_connector manual__2025-12-08T12:02:46.731929+00:00 [queued]>
[2025-12-08T12:02:52.046+0000] {taskinstance.py:2884} INFO - Starting attempt 1 of 3
[2025-12-08T12:02:52.057+0000] {taskinstance.py:2907} INFO - Executing <Task(BashOperator): create_postgres_connector> on 2025-12-08 12:02:46.731929+00:00
[2025-12-08T12:02:52.065+0000] {logging_mixin.py:190} WARNING - /home/airflow/.local/lib/python3.12/site-packages/airflow/task/task_runner/standard_task_runner.py:70 DeprecationWarning: This process (pid=333) is multi-threaded, use of fork() may lead to deadlocks in the child.
[2025-12-08T12:02:52.066+0000] {standard_task_runner.py:72} INFO - Started process 334 to run task
[2025-12-08T12:02:52.066+0000] {standard_task_runner.py:104} INFO - Running: ['airflow', 'tasks', 'run', 'init_project', 'create_***_connector', 'manual__2025-12-08T12:02:46.731929+00:00', '--job-id', '7', '--raw', '--subdir', 'DAGS_FOLDER/init.py', '--cfg-path', '/tmp/tmpvrinowwi']
[2025-12-08T12:02:52.068+0000] {standard_task_runner.py:105} INFO - Job 7: Subtask create_***_connector
[2025-12-08T12:02:52.127+0000] {task_command.py:467} INFO - Running <TaskInstance: init_project.create_postgres_connector manual__2025-12-08T12:02:46.731929+00:00 [running]> on host 27e3e058339a
[2025-12-08T12:02:52.206+0000] {taskinstance.py:3157} INFO - Exporting env vars: AIRFLOW_CTX_DAG_OWNER='airflow' AIRFLOW_CTX_DAG_ID='init_project' AIRFLOW_CTX_TASK_ID='create_***_connector' AIRFLOW_CTX_EXECUTION_DATE='2025-12-08T12:02:46.731929+00:00' AIRFLOW_CTX_TRY_NUMBER='1' AIRFLOW_CTX_DAG_RUN_ID='manual__2025-12-08T12:02:46.731929+00:00'
[2025-12-08T12:02:52.208+0000] {taskinstance.py:740} INFO - ::endgroup::
[2025-12-08T12:02:52.219+0000] {subprocess.py:78} INFO - Tmp dir root location: /tmp
[2025-12-08T12:02:52.221+0000] {subprocess.py:88} INFO - Running command: ['/usr/bin/bash', '-c', '\n            curl -X POST http://connect:8083/connectors             -H "Content-Type: application/json"             -d @/opt/debezium_config/connector-***ql.json\n        ']
[2025-12-08T12:02:52.233+0000] {subprocess.py:99} INFO - Output:
[2025-12-08T12:02:52.259+0000] {subprocess.py:106} INFO -   % Total    % Received % Xferd  Average Speed   Time    Time     Time  Current
[2025-12-08T12:02:52.259+0000] {subprocess.py:106} INFO -                                  Dload  Upload   Total   Spent    Left  Speed
[2025-12-08T12:02:52.579+0000] {subprocess.py:106} INFO -   0     0    0     0    0     0      0      0 --:--:-- --:--:-- --:--:--     0100  1498  100   737  100   761   2301   2376 --:--:-- --:--:-- --:--:--  4681
[2025-12-08T12:02:52.582+0000] {subprocess.py:106} INFO - {"name":"phucthanhkhang-erp-connector","config":{"connector.class":"io.debezium.connector.***ql.PostgresConnector","tasks.max":"1","database.hostname":"***","database.port":"5432","database.user":"***","database.password":"***","database.dbname":"erp_db","database.server.name":"erp_server","plugin.name":"pgoutput","slot.name":"erp_debezium_slot","publication.name":"erp_debezium_pub","topic.prefix":"ptk_erp","table.include.list":"public.branches,public.products,public.customers,public.suppliers,public.inventory_stocks,public.invoices,public.invoice_items","tombstones.on.delete":"false","snapshot.mode":"initial","decimal.handling.mode":"string","name":"phucthanhkhang-erp-connector"},"tasks":[],"type":"source"}
[2025-12-08T12:02:52.583+0000] {subprocess.py:110} INFO - Command exited with return code 0
[2025-12-08T12:02:52.616+0000] {taskinstance.py:349} INFO - ::group::Post task execution logs
[2025-12-08T12:02:52.617+0000] {taskinstance.py:361} INFO - Marking task as SUCCESS. dag_id=init_project, task_id=create_***_connector, run_id=manual__2025-12-08T12:02:46.731929+00:00, execution_date=20251208T120246, start_date=20251208T120252, end_date=20251208T120252
[2025-12-08T12:02:52.683+0000] {local_task_job_runner.py:266} INFO - Task exited with return code 0
[2025-12-08T12:02:52.713+0000] {taskinstance.py:3924} INFO - 1 downstream tasks scheduled from follow-on schedule check
[2025-12-08T12:02:52.716+0000] {local_task_job_runner.py:245} INFO - ::endgroup::
