[2025-12-07T18:16:30.589+0000] {local_task_job_runner.py:123} INFO - ::group::Pre task execution logs
[2025-12-07T18:16:30.610+0000] {taskinstance.py:2631} INFO - Dependencies all met for dep_context=non-requeueable deps ti=<TaskInstance: ETL_process.Bronze_to_Silver manual__2025-12-07T18:16:05.061310+00:00 [queued]>
[2025-12-07T18:16:30.617+0000] {taskinstance.py:2631} INFO - Dependencies all met for dep_context=requeueable deps ti=<TaskInstance: ETL_process.Bronze_to_Silver manual__2025-12-07T18:16:05.061310+00:00 [queued]>
[2025-12-07T18:16:30.618+0000] {taskinstance.py:2884} INFO - Starting attempt 3 of 3
[2025-12-07T18:16:30.629+0000] {taskinstance.py:2907} INFO - Executing <Task(BashOperator): Bronze_to_Silver> on 2025-12-07 18:16:05.061310+00:00
[2025-12-07T18:16:30.641+0000] {logging_mixin.py:190} WARNING - /home/airflow/.local/lib/python3.12/site-packages/airflow/task/task_runner/standard_task_runner.py:70 DeprecationWarning: This process (pid=1713) is multi-threaded, use of fork() may lead to deadlocks in the child.
[2025-12-07T18:16:30.642+0000] {standard_task_runner.py:72} INFO - Started process 1716 to run task
[2025-12-07T18:16:30.641+0000] {standard_task_runner.py:104} INFO - Running: ['airflow', 'tasks', 'run', 'ETL_process', 'Bronze_to_Silver', 'manual__2025-12-07T18:16:05.061310+00:00', '--job-id', '11', '--raw', '--subdir', 'DAGS_FOLDER/ETL.py', '--cfg-path', '/tmp/tmp6a0u98p3']
[2025-12-07T18:16:30.643+0000] {standard_task_runner.py:105} INFO - Job 11: Subtask Bronze_to_Silver
[2025-12-07T18:16:30.714+0000] {task_command.py:467} INFO - Running <TaskInstance: ETL_process.Bronze_to_Silver manual__2025-12-07T18:16:05.061310+00:00 [running]> on host d27295d18a87
[2025-12-07T18:16:30.801+0000] {taskinstance.py:3157} INFO - Exporting env vars: AIRFLOW_CTX_DAG_OWNER='airflow' AIRFLOW_CTX_DAG_ID='ETL_process' AIRFLOW_CTX_TASK_ID='Bronze_to_Silver' AIRFLOW_CTX_EXECUTION_DATE='2025-12-07T18:16:05.061310+00:00' AIRFLOW_CTX_TRY_NUMBER='3' AIRFLOW_CTX_DAG_RUN_ID='manual__2025-12-07T18:16:05.061310+00:00'
[2025-12-07T18:16:30.802+0000] {taskinstance.py:740} INFO - ::endgroup::
[2025-12-07T18:16:30.816+0000] {subprocess.py:78} INFO - Tmp dir root location: /tmp
[2025-12-07T18:16:30.818+0000] {subprocess.py:88} INFO - Running command: ['/usr/bin/bash', '-c', 'docker exec -it spark-master /opt/spark/bin/spark-submit         --master spark://spark-master:7077         --packages io.delta:delta-core_2.12:2.4.0,org.apache.hadoop:hadoop-aws:3.3.2         --conf spark.sql.extensions=io.delta.sql.DeltaSparkSessionExtension         --conf spark.sql.catalog.spark_catalog=org.apache.spark.sql.delta.catalog.DeltaCatalog         /opt/spark/work-dir/batch-etl/main.py']
[2025-12-07T18:16:30.833+0000] {subprocess.py:99} INFO - Output:
[2025-12-07T18:16:30.871+0000] {subprocess.py:106} INFO - the input device is not a TTY
[2025-12-07T18:16:30.875+0000] {subprocess.py:110} INFO - Command exited with return code 1
[2025-12-07T18:16:30.890+0000] {taskinstance.py:3336} ERROR - Task failed with exception
Traceback (most recent call last):
  File "/home/airflow/.local/lib/python3.12/site-packages/airflow/models/taskinstance.py", line 776, in _execute_task
    result = _execute_callable(context=context, **execute_callable_kwargs)
             ^^^^^^^^^^^^^^^^^^^^^^^^^^^^^^^^^^^^^^^^^^^^^^^^^^^^^^^^^^^^^
  File "/home/airflow/.local/lib/python3.12/site-packages/airflow/models/taskinstance.py", line 742, in _execute_callable
    return ExecutionCallableRunner(
           ^^^^^^^^^^^^^^^^^^^^^^^^
  File "/home/airflow/.local/lib/python3.12/site-packages/airflow/utils/operator_helpers.py", line 252, in run
    return self.func(*args, **kwargs)
           ^^^^^^^^^^^^^^^^^^^^^^^^^^
  File "/home/airflow/.local/lib/python3.12/site-packages/airflow/models/baseoperator.py", line 424, in wrapper
    return func(self, *args, **kwargs)
           ^^^^^^^^^^^^^^^^^^^^^^^^^^^
  File "/home/airflow/.local/lib/python3.12/site-packages/airflow/operators/bash.py", line 276, in execute
    raise AirflowException(
airflow.exceptions.AirflowException: Bash command failed. The command returned a non-zero exit code 1.
[2025-12-07T18:16:30.894+0000] {taskinstance.py:1242} INFO - Marking task as FAILED. dag_id=ETL_process, task_id=Bronze_to_Silver, run_id=manual__2025-12-07T18:16:05.061310+00:00, execution_date=20251207T181605, start_date=20251207T181630, end_date=20251207T181630
[2025-12-07T18:16:30.923+0000] {taskinstance.py:349} INFO - ::group::Post task execution logs
[2025-12-07T18:16:30.924+0000] {standard_task_runner.py:124} ERROR - Failed to execute job 11 for task Bronze_to_Silver (Bash command failed. The command returned a non-zero exit code 1.; 1716)
Traceback (most recent call last):
  File "/home/airflow/.local/lib/python3.12/site-packages/airflow/task/task_runner/standard_task_runner.py", line 117, in _start_by_fork
    ret = args.func(args, dag=self.dag)
          ^^^^^^^^^^^^^^^^^^^^^^^^^^^^^
  File "/home/airflow/.local/lib/python3.12/site-packages/airflow/cli/cli_config.py", line 49, in command
    return func(*args, **kwargs)
           ^^^^^^^^^^^^^^^^^^^^^
  File "/home/airflow/.local/lib/python3.12/site-packages/airflow/utils/cli.py", line 116, in wrapper
    return f(*args, **kwargs)
           ^^^^^^^^^^^^^^^^^^
  File "/home/airflow/.local/lib/python3.12/site-packages/airflow/cli/commands/task_command.py", line 483, in task_run
    task_return_code = _run_task_by_selected_method(args, _dag, ti)
                       ^^^^^^^^^^^^^^^^^^^^^^^^^^^^^^^^^^^^^^^^^^^^
  File "/home/airflow/.local/lib/python3.12/site-packages/airflow/cli/commands/task_command.py", line 256, in _run_task_by_selected_method
    return _run_raw_task(args, ti)
           ^^^^^^^^^^^^^^^^^^^^^^^
  File "/home/airflow/.local/lib/python3.12/site-packages/airflow/cli/commands/task_command.py", line 341, in _run_raw_task
    return ti._run_raw_task(
           ^^^^^^^^^^^^^^^^^
  File "/home/airflow/.local/lib/python3.12/site-packages/airflow/utils/session.py", line 97, in wrapper
    return func(*args, session=session, **kwargs)
           ^^^^^^^^^^^^^^^^^^^^^^^^^^^^^^^^^^^^^^
  File "/home/airflow/.local/lib/python3.12/site-packages/airflow/models/taskinstance.py", line 3029, in _run_raw_task
    return _run_raw_task(
           ^^^^^^^^^^^^^^
  File "/home/airflow/.local/lib/python3.12/site-packages/airflow/models/taskinstance.py", line 282, in _run_raw_task
    TaskInstance._execute_task_with_callbacks(
  File "/home/airflow/.local/lib/python3.12/site-packages/airflow/models/taskinstance.py", line 3184, in _execute_task_with_callbacks
    result = self._execute_task(context, task_orig)
             ^^^^^^^^^^^^^^^^^^^^^^^^^^^^^^^^^^^^^^
  File "/home/airflow/.local/lib/python3.12/site-packages/airflow/models/taskinstance.py", line 3208, in _execute_task
    return _execute_task(self, context, task_orig)
           ^^^^^^^^^^^^^^^^^^^^^^^^^^^^^^^^^^^^^^^
  File "/home/airflow/.local/lib/python3.12/site-packages/airflow/models/taskinstance.py", line 776, in _execute_task
    result = _execute_callable(context=context, **execute_callable_kwargs)
             ^^^^^^^^^^^^^^^^^^^^^^^^^^^^^^^^^^^^^^^^^^^^^^^^^^^^^^^^^^^^^
  File "/home/airflow/.local/lib/python3.12/site-packages/airflow/models/taskinstance.py", line 742, in _execute_callable
    return ExecutionCallableRunner(
           ^^^^^^^^^^^^^^^^^^^^^^^^
  File "/home/airflow/.local/lib/python3.12/site-packages/airflow/utils/operator_helpers.py", line 252, in run
    return self.func(*args, **kwargs)
           ^^^^^^^^^^^^^^^^^^^^^^^^^^
  File "/home/airflow/.local/lib/python3.12/site-packages/airflow/models/baseoperator.py", line 424, in wrapper
    return func(self, *args, **kwargs)
           ^^^^^^^^^^^^^^^^^^^^^^^^^^^
  File "/home/airflow/.local/lib/python3.12/site-packages/airflow/operators/bash.py", line 276, in execute
    raise AirflowException(
airflow.exceptions.AirflowException: Bash command failed. The command returned a non-zero exit code 1.
[2025-12-07T18:16:30.938+0000] {local_task_job_runner.py:266} INFO - Task exited with return code 1
[2025-12-07T18:16:30.970+0000] {taskinstance.py:3924} INFO - 0 downstream tasks scheduled from follow-on schedule check
[2025-12-07T18:16:30.975+0000] {local_task_job_runner.py:245} INFO - ::endgroup::
