[2025-12-07T19:45:07.445+0000] {local_task_job_runner.py:123} INFO - ::group::Pre task execution logs
[2025-12-07T19:45:07.483+0000] {taskinstance.py:2631} INFO - Dependencies all met for dep_context=non-requeueable deps ti=<TaskInstance: ETL_process.Silver_to_Gold_Date_Dimension manual__2025-12-07T19:32:58.243257+00:00 [queued]>
[2025-12-07T19:45:07.497+0000] {taskinstance.py:2631} INFO - Dependencies all met for dep_context=requeueable deps ti=<TaskInstance: ETL_process.Silver_to_Gold_Date_Dimension manual__2025-12-07T19:32:58.243257+00:00 [queued]>
[2025-12-07T19:45:07.498+0000] {taskinstance.py:2884} INFO - Starting attempt 1 of 3
[2025-12-07T19:45:07.512+0000] {taskinstance.py:2907} INFO - Executing <Task(BashOperator): Silver_to_Gold_Date_Dimension> on 2025-12-07 19:32:58.243257+00:00
[2025-12-07T19:45:07.525+0000] {logging_mixin.py:190} WARNING - /home/airflow/.local/lib/python3.12/site-packages/airflow/task/task_runner/standard_task_runner.py:70 DeprecationWarning: This process (pid=1940) is multi-threaded, use of fork() may lead to deadlocks in the child.
[2025-12-07T19:45:07.526+0000] {standard_task_runner.py:72} INFO - Started process 1941 to run task
[2025-12-07T19:45:07.525+0000] {standard_task_runner.py:104} INFO - Running: ['airflow', 'tasks', 'run', 'ETL_process', 'Silver_to_Gold_Date_Dimension', 'manual__2025-12-07T19:32:58.243257+00:00', '--job-id', '35', '--raw', '--subdir', 'DAGS_FOLDER/ETL.py', '--cfg-path', '/tmp/tmphx4aixx3']
[2025-12-07T19:45:07.527+0000] {standard_task_runner.py:105} INFO - Job 35: Subtask Silver_to_Gold_Date_Dimension
[2025-12-07T19:45:07.601+0000] {task_command.py:467} INFO - Running <TaskInstance: ETL_process.Silver_to_Gold_Date_Dimension manual__2025-12-07T19:32:58.243257+00:00 [running]> on host 8736f8ce0a1c
[2025-12-07T19:45:07.689+0000] {taskinstance.py:3157} INFO - Exporting env vars: AIRFLOW_CTX_DAG_OWNER='airflow' AIRFLOW_CTX_DAG_ID='ETL_process' AIRFLOW_CTX_TASK_ID='Silver_to_Gold_Date_Dimension' AIRFLOW_CTX_EXECUTION_DATE='2025-12-07T19:32:58.243257+00:00' AIRFLOW_CTX_TRY_NUMBER='1' AIRFLOW_CTX_DAG_RUN_ID='manual__2025-12-07T19:32:58.243257+00:00'
[2025-12-07T19:45:07.690+0000] {taskinstance.py:740} INFO - ::endgroup::
[2025-12-07T19:45:07.705+0000] {subprocess.py:78} INFO - Tmp dir root location: /tmp
[2025-12-07T19:45:07.707+0000] {subprocess.py:88} INFO - Running command: ['/usr/bin/bash', '-c', 'docker exec spark-master bash -c \'\n            export PYTHONPATH=/opt/spark/work-dir/batch-etl && \n            /opt/spark/bin/spark-submit                 --master spark://spark-master:7077                 --packages io.delta:delta-core_2.12:2.4.0,org.apache.hadoop:hadoop-aws:3.3.4                 --conf "spark.sql.extensions=io.delta.sql.DeltaSparkSessionExtension"                 --conf "spark.sql.catalog.spark_catalog=org.apache.spark.sql.delta.catalog.DeltaCatalog"                 /opt/spark/work-dir/batch-etl/silver_to_gold/etl_date_dim.py\n            \'\n        ']
[2025-12-07T19:45:07.724+0000] {subprocess.py:99} INFO - Output:
[2025-12-07T19:45:09.744+0000] {subprocess.py:106} INFO - :: loading settings :: url = jar:file:/opt/spark/jars/ivy-2.5.1.jar!/org/apache/ivy/core/settings/ivysettings.xml
[2025-12-07T19:45:09.858+0000] {subprocess.py:106} INFO - Ivy Default Cache set to: /root/.ivy2/cache
[2025-12-07T19:45:09.859+0000] {subprocess.py:106} INFO - The jars for the packages stored in: /root/.ivy2/jars
[2025-12-07T19:45:09.865+0000] {subprocess.py:106} INFO - io.delta#delta-core_2.12 added as a dependency
[2025-12-07T19:45:09.866+0000] {subprocess.py:106} INFO - org.apache.hadoop#hadoop-aws added as a dependency
[2025-12-07T19:45:09.867+0000] {subprocess.py:106} INFO - :: resolving dependencies :: org.apache.spark#spark-submit-parent-64317fc6-3f96-475e-bc1d-3aeea5a2d619;1.0
[2025-12-07T19:45:09.867+0000] {subprocess.py:106} INFO - 	confs: [default]
[2025-12-07T19:45:09.988+0000] {subprocess.py:106} INFO - 	found io.delta#delta-core_2.12;2.4.0 in central
[2025-12-07T19:45:10.018+0000] {subprocess.py:106} INFO - 	found io.delta#delta-storage;2.4.0 in central
[2025-12-07T19:45:10.042+0000] {subprocess.py:106} INFO - 	found org.antlr#antlr4-runtime;4.9.3 in central
[2025-12-07T19:45:10.099+0000] {subprocess.py:106} INFO - 	found org.apache.hadoop#hadoop-aws;3.3.4 in central
[2025-12-07T19:45:10.121+0000] {subprocess.py:106} INFO - 	found com.amazonaws#aws-java-sdk-bundle;1.12.262 in central
[2025-12-07T19:45:10.142+0000] {subprocess.py:106} INFO - 	found org.wildfly.openssl#wildfly-openssl;1.0.7.Final in central
[2025-12-07T19:45:10.166+0000] {subprocess.py:106} INFO - :: resolution report :: resolve 289ms :: artifacts dl 10ms
[2025-12-07T19:45:10.167+0000] {subprocess.py:106} INFO - 	:: modules in use:
[2025-12-07T19:45:10.167+0000] {subprocess.py:106} INFO - 	com.amazonaws#aws-java-sdk-bundle;1.12.262 from central in [default]
[2025-12-07T19:45:10.168+0000] {subprocess.py:106} INFO - 	io.delta#delta-core_2.12;2.4.0 from central in [default]
[2025-12-07T19:45:10.168+0000] {subprocess.py:106} INFO - 	io.delta#delta-storage;2.4.0 from central in [default]
[2025-12-07T19:45:10.169+0000] {subprocess.py:106} INFO - 	org.antlr#antlr4-runtime;4.9.3 from central in [default]
[2025-12-07T19:45:10.169+0000] {subprocess.py:106} INFO - 	org.apache.hadoop#hadoop-aws;3.3.4 from central in [default]
[2025-12-07T19:45:10.170+0000] {subprocess.py:106} INFO - 	org.wildfly.openssl#wildfly-openssl;1.0.7.Final from central in [default]
[2025-12-07T19:45:10.170+0000] {subprocess.py:106} INFO - 	---------------------------------------------------------------------
[2025-12-07T19:45:10.171+0000] {subprocess.py:106} INFO - 	|                  |            modules            ||   artifacts   |
[2025-12-07T19:45:10.172+0000] {subprocess.py:106} INFO - 	|       conf       | number| search|dwnlded|evicted|| number|dwnlded|
[2025-12-07T19:45:10.173+0000] {subprocess.py:106} INFO - 	---------------------------------------------------------------------
[2025-12-07T19:45:10.173+0000] {subprocess.py:106} INFO - 	|      default     |   6   |   0   |   0   |   0   ||   6   |   0   |
[2025-12-07T19:45:10.174+0000] {subprocess.py:106} INFO - 	---------------------------------------------------------------------
[2025-12-07T19:45:10.174+0000] {subprocess.py:106} INFO - :: retrieving :: org.apache.spark#spark-submit-parent-64317fc6-3f96-475e-bc1d-3aeea5a2d619
[2025-12-07T19:45:10.175+0000] {subprocess.py:106} INFO - 	confs: [default]
[2025-12-07T19:45:10.185+0000] {subprocess.py:106} INFO - 	0 artifacts copied, 6 already retrieved (0kB/10ms)
[2025-12-07T19:45:10.398+0000] {subprocess.py:106} INFO - 25/12/07 19:45:10 WARN NativeCodeLoader: Unable to load native-hadoop library for your platform... using builtin-java classes where applicable
[2025-12-07T19:45:11.331+0000] {subprocess.py:106} INFO - 25/12/07 19:45:11 INFO SparkContext: Running Spark version 3.4.0
[2025-12-07T19:45:11.356+0000] {subprocess.py:106} INFO - 25/12/07 19:45:11 INFO ResourceUtils: ==============================================================
[2025-12-07T19:45:11.357+0000] {subprocess.py:106} INFO - 25/12/07 19:45:11 INFO ResourceUtils: No custom resources configured for spark.driver.
[2025-12-07T19:45:11.358+0000] {subprocess.py:106} INFO - 25/12/07 19:45:11 INFO ResourceUtils: ==============================================================
[2025-12-07T19:45:11.358+0000] {subprocess.py:106} INFO - 25/12/07 19:45:11 INFO SparkContext: Submitted application: Gold_Date_Dim_Gen
[2025-12-07T19:45:11.383+0000] {subprocess.py:106} INFO - 25/12/07 19:45:11 INFO ResourceProfile: Default ResourceProfile created, executor resources: Map(memory -> name: memory, amount: 1024, script: , vendor: , offHeap -> name: offHeap, amount: 0, script: , vendor: ), task resources: Map(cpus -> name: cpus, amount: 1.0)
[2025-12-07T19:45:11.396+0000] {subprocess.py:106} INFO - 25/12/07 19:45:11 INFO ResourceProfile: Limiting resource is cpu
[2025-12-07T19:45:11.397+0000] {subprocess.py:106} INFO - 25/12/07 19:45:11 INFO ResourceProfileManager: Added ResourceProfile id: 0
[2025-12-07T19:45:11.463+0000] {subprocess.py:106} INFO - 25/12/07 19:45:11 INFO SecurityManager: Changing view acls to: root
[2025-12-07T19:45:11.464+0000] {subprocess.py:106} INFO - 25/12/07 19:45:11 INFO SecurityManager: Changing modify acls to: root
[2025-12-07T19:45:11.464+0000] {subprocess.py:106} INFO - 25/12/07 19:45:11 INFO SecurityManager: Changing view acls groups to:
[2025-12-07T19:45:11.465+0000] {subprocess.py:106} INFO - 25/12/07 19:45:11 INFO SecurityManager: Changing modify acls groups to:
[2025-12-07T19:45:11.465+0000] {subprocess.py:106} INFO - 25/12/07 19:45:11 INFO SecurityManager: SecurityManager: authentication disabled; ui acls disabled; users with view permissions: root; groups with view permissions: EMPTY; users with modify permissions: root; groups with modify permissions: EMPTY
[2025-12-07T19:45:11.723+0000] {subprocess.py:106} INFO - 25/12/07 19:45:11 INFO Utils: Successfully started service 'sparkDriver' on port 40819.
[2025-12-07T19:45:11.753+0000] {subprocess.py:106} INFO - 25/12/07 19:45:11 INFO SparkEnv: Registering MapOutputTracker
[2025-12-07T19:45:11.788+0000] {subprocess.py:106} INFO - 25/12/07 19:45:11 INFO SparkEnv: Registering BlockManagerMaster
[2025-12-07T19:45:11.805+0000] {subprocess.py:106} INFO - 25/12/07 19:45:11 INFO BlockManagerMasterEndpoint: Using org.apache.spark.storage.DefaultTopologyMapper for getting topology information
[2025-12-07T19:45:11.806+0000] {subprocess.py:106} INFO - 25/12/07 19:45:11 INFO BlockManagerMasterEndpoint: BlockManagerMasterEndpoint up
[2025-12-07T19:45:11.810+0000] {subprocess.py:106} INFO - 25/12/07 19:45:11 INFO SparkEnv: Registering BlockManagerMasterHeartbeat
[2025-12-07T19:45:11.834+0000] {subprocess.py:106} INFO - 25/12/07 19:45:11 INFO DiskBlockManager: Created local directory at /tmp/blockmgr-5ca90f26-689c-41ce-87df-1dd9bc452cbf
[2025-12-07T19:45:11.852+0000] {subprocess.py:106} INFO - 25/12/07 19:45:11 INFO MemoryStore: MemoryStore started with capacity 434.4 MiB
[2025-12-07T19:45:11.874+0000] {subprocess.py:106} INFO - 25/12/07 19:45:11 INFO SparkEnv: Registering OutputCommitCoordinator
[2025-12-07T19:45:12.048+0000] {subprocess.py:106} INFO - 25/12/07 19:45:12 INFO JettyUtils: Start Jetty 0.0.0.0:4040 for SparkUI
[2025-12-07T19:45:12.125+0000] {subprocess.py:106} INFO - 25/12/07 19:45:12 INFO Utils: Successfully started service 'SparkUI' on port 4040.
[2025-12-07T19:45:12.170+0000] {subprocess.py:106} INFO - 25/12/07 19:45:12 INFO SparkContext: Added JAR file:///root/.ivy2/jars/io.delta_delta-core_2.12-2.4.0.jar at spark://13f196131dae:40819/jars/io.delta_delta-core_2.12-2.4.0.jar with timestamp 1765136711319
[2025-12-07T19:45:12.171+0000] {subprocess.py:106} INFO - 25/12/07 19:45:12 INFO SparkContext: Added JAR file:///root/.ivy2/jars/org.apache.hadoop_hadoop-aws-3.3.4.jar at spark://13f196131dae:40819/jars/org.apache.hadoop_hadoop-aws-3.3.4.jar with timestamp 1765136711319
[2025-12-07T19:45:12.171+0000] {subprocess.py:106} INFO - 25/12/07 19:45:12 INFO SparkContext: Added JAR file:///root/.ivy2/jars/io.delta_delta-storage-2.4.0.jar at spark://13f196131dae:40819/jars/io.delta_delta-storage-2.4.0.jar with timestamp 1765136711319
[2025-12-07T19:45:12.172+0000] {subprocess.py:106} INFO - 25/12/07 19:45:12 INFO SparkContext: Added JAR file:///root/.ivy2/jars/org.antlr_antlr4-runtime-4.9.3.jar at spark://13f196131dae:40819/jars/org.antlr_antlr4-runtime-4.9.3.jar with timestamp 1765136711319
[2025-12-07T19:45:12.172+0000] {subprocess.py:106} INFO - 25/12/07 19:45:12 INFO SparkContext: Added JAR file:///root/.ivy2/jars/com.amazonaws_aws-java-sdk-bundle-1.12.262.jar at spark://13f196131dae:40819/jars/com.amazonaws_aws-java-sdk-bundle-1.12.262.jar with timestamp 1765136711319
[2025-12-07T19:45:12.172+0000] {subprocess.py:106} INFO - 25/12/07 19:45:12 INFO SparkContext: Added JAR file:///root/.ivy2/jars/org.wildfly.openssl_wildfly-openssl-1.0.7.Final.jar at spark://13f196131dae:40819/jars/org.wildfly.openssl_wildfly-openssl-1.0.7.Final.jar with timestamp 1765136711319
[2025-12-07T19:45:12.175+0000] {subprocess.py:106} INFO - 25/12/07 19:45:12 INFO SparkContext: Added file file:///root/.ivy2/jars/io.delta_delta-core_2.12-2.4.0.jar at spark://13f196131dae:40819/files/io.delta_delta-core_2.12-2.4.0.jar with timestamp 1765136711319
[2025-12-07T19:45:12.177+0000] {subprocess.py:106} INFO - 25/12/07 19:45:12 INFO Utils: Copying /root/.ivy2/jars/io.delta_delta-core_2.12-2.4.0.jar to /tmp/spark-d3ecc31c-69c3-44c4-b59d-30813bb8ad4e/userFiles-38ad07e3-e82f-4373-893b-36c609581802/io.delta_delta-core_2.12-2.4.0.jar
[2025-12-07T19:45:12.199+0000] {subprocess.py:106} INFO - 25/12/07 19:45:12 INFO SparkContext: Added file file:///root/.ivy2/jars/org.apache.hadoop_hadoop-aws-3.3.4.jar at spark://13f196131dae:40819/files/org.apache.hadoop_hadoop-aws-3.3.4.jar with timestamp 1765136711319
[2025-12-07T19:45:12.199+0000] {subprocess.py:106} INFO - 25/12/07 19:45:12 INFO Utils: Copying /root/.ivy2/jars/org.apache.hadoop_hadoop-aws-3.3.4.jar to /tmp/spark-d3ecc31c-69c3-44c4-b59d-30813bb8ad4e/userFiles-38ad07e3-e82f-4373-893b-36c609581802/org.apache.hadoop_hadoop-aws-3.3.4.jar
[2025-12-07T19:45:12.208+0000] {subprocess.py:106} INFO - 25/12/07 19:45:12 INFO SparkContext: Added file file:///root/.ivy2/jars/io.delta_delta-storage-2.4.0.jar at spark://13f196131dae:40819/files/io.delta_delta-storage-2.4.0.jar with timestamp 1765136711319
[2025-12-07T19:45:12.209+0000] {subprocess.py:106} INFO - 25/12/07 19:45:12 INFO Utils: Copying /root/.ivy2/jars/io.delta_delta-storage-2.4.0.jar to /tmp/spark-d3ecc31c-69c3-44c4-b59d-30813bb8ad4e/userFiles-38ad07e3-e82f-4373-893b-36c609581802/io.delta_delta-storage-2.4.0.jar
[2025-12-07T19:45:12.215+0000] {subprocess.py:106} INFO - 25/12/07 19:45:12 INFO SparkContext: Added file file:///root/.ivy2/jars/org.antlr_antlr4-runtime-4.9.3.jar at spark://13f196131dae:40819/files/org.antlr_antlr4-runtime-4.9.3.jar with timestamp 1765136711319
[2025-12-07T19:45:12.216+0000] {subprocess.py:106} INFO - 25/12/07 19:45:12 INFO Utils: Copying /root/.ivy2/jars/org.antlr_antlr4-runtime-4.9.3.jar to /tmp/spark-d3ecc31c-69c3-44c4-b59d-30813bb8ad4e/userFiles-38ad07e3-e82f-4373-893b-36c609581802/org.antlr_antlr4-runtime-4.9.3.jar
[2025-12-07T19:45:12.223+0000] {subprocess.py:106} INFO - 25/12/07 19:45:12 INFO SparkContext: Added file file:///root/.ivy2/jars/com.amazonaws_aws-java-sdk-bundle-1.12.262.jar at spark://13f196131dae:40819/files/com.amazonaws_aws-java-sdk-bundle-1.12.262.jar with timestamp 1765136711319
[2025-12-07T19:45:12.224+0000] {subprocess.py:106} INFO - 25/12/07 19:45:12 INFO Utils: Copying /root/.ivy2/jars/com.amazonaws_aws-java-sdk-bundle-1.12.262.jar to /tmp/spark-d3ecc31c-69c3-44c4-b59d-30813bb8ad4e/userFiles-38ad07e3-e82f-4373-893b-36c609581802/com.amazonaws_aws-java-sdk-bundle-1.12.262.jar
[2025-12-07T19:45:12.694+0000] {subprocess.py:106} INFO - 25/12/07 19:45:12 INFO SparkContext: Added file file:///root/.ivy2/jars/org.wildfly.openssl_wildfly-openssl-1.0.7.Final.jar at spark://13f196131dae:40819/files/org.wildfly.openssl_wildfly-openssl-1.0.7.Final.jar with timestamp 1765136711319
[2025-12-07T19:45:12.695+0000] {subprocess.py:106} INFO - 25/12/07 19:45:12 INFO Utils: Copying /root/.ivy2/jars/org.wildfly.openssl_wildfly-openssl-1.0.7.Final.jar to /tmp/spark-d3ecc31c-69c3-44c4-b59d-30813bb8ad4e/userFiles-38ad07e3-e82f-4373-893b-36c609581802/org.wildfly.openssl_wildfly-openssl-1.0.7.Final.jar
[2025-12-07T19:45:12.787+0000] {subprocess.py:106} INFO - 25/12/07 19:45:12 INFO StandaloneAppClient$ClientEndpoint: Connecting to master spark://spark-master:7077...
[2025-12-07T19:45:12.835+0000] {subprocess.py:106} INFO - 25/12/07 19:45:12 INFO TransportClientFactory: Successfully created connection to spark-master/172.18.0.5:7077 after 28 ms (0 ms spent in bootstraps)
[2025-12-07T19:45:12.943+0000] {subprocess.py:106} INFO - 25/12/07 19:45:12 INFO StandaloneSchedulerBackend: Connected to Spark cluster with app ID app-20251207194512-0005
[2025-12-07T19:45:12.953+0000] {subprocess.py:106} INFO - 25/12/07 19:45:12 INFO Utils: Successfully started service 'org.apache.spark.network.netty.NettyBlockTransferService' on port 43347.
[2025-12-07T19:45:12.954+0000] {subprocess.py:106} INFO - 25/12/07 19:45:12 INFO NettyBlockTransferService: Server created on 13f196131dae:43347
[2025-12-07T19:45:12.956+0000] {subprocess.py:106} INFO - 25/12/07 19:45:12 INFO BlockManager: Using org.apache.spark.storage.RandomBlockReplicationPolicy for block replication policy
[2025-12-07T19:45:12.958+0000] {subprocess.py:106} INFO - 25/12/07 19:45:12 INFO StandaloneAppClient$ClientEndpoint: Executor added: app-20251207194512-0005/0 on worker-20251207183208-172.18.0.8-34203 (172.18.0.8:34203) with 16 core(s)
[2025-12-07T19:45:12.961+0000] {subprocess.py:106} INFO - 25/12/07 19:45:12 INFO StandaloneSchedulerBackend: Granted executor ID app-20251207194512-0005/0 on hostPort 172.18.0.8:34203 with 16 core(s), 1024.0 MiB RAM
[2025-12-07T19:45:12.966+0000] {subprocess.py:106} INFO - 25/12/07 19:45:12 INFO BlockManagerMaster: Registering BlockManager BlockManagerId(driver, 13f196131dae, 43347, None)
[2025-12-07T19:45:12.970+0000] {subprocess.py:106} INFO - 25/12/07 19:45:12 INFO BlockManagerMasterEndpoint: Registering block manager 13f196131dae:43347 with 434.4 MiB RAM, BlockManagerId(driver, 13f196131dae, 43347, None)
[2025-12-07T19:45:12.974+0000] {subprocess.py:106} INFO - 25/12/07 19:45:12 INFO BlockManagerMaster: Registered BlockManager BlockManagerId(driver, 13f196131dae, 43347, None)
[2025-12-07T19:45:12.975+0000] {subprocess.py:106} INFO - 25/12/07 19:45:12 INFO BlockManager: Initialized BlockManager: BlockManagerId(driver, 13f196131dae, 43347, None)
[2025-12-07T19:45:13.055+0000] {subprocess.py:106} INFO - 25/12/07 19:45:13 INFO StandaloneAppClient$ClientEndpoint: Executor updated: app-20251207194512-0005/0 is now RUNNING
[2025-12-07T19:45:13.294+0000] {subprocess.py:106} INFO - 25/12/07 19:45:13 INFO StandaloneSchedulerBackend: SchedulerBackend is ready for scheduling beginning after reached minRegisteredResourcesRatio: 0.0
[2025-12-07T19:45:13.716+0000] {subprocess.py:106} INFO - Generating Date Dim from 2023-01-01 to 2025-12-31...
[2025-12-07T19:45:13.725+0000] {subprocess.py:106} INFO - 25/12/07 19:45:13 INFO SharedState: Setting hive.metastore.warehouse.dir ('null') to the value of spark.sql.warehouse.dir.
[2025-12-07T19:45:13.728+0000] {subprocess.py:106} INFO - 25/12/07 19:45:13 INFO SharedState: Warehouse path is 'file:/opt/spark/work-dir/spark-warehouse'.
[2025-12-07T19:45:16.490+0000] {subprocess.py:106} INFO - 25/12/07 19:45:16 INFO StandaloneSchedulerBackend$StandaloneDriverEndpoint: Registered executor NettyRpcEndpointRef(spark-client://Executor) (172.18.0.8:33122) with ID 0,  ResourceProfileId 0
[2025-12-07T19:45:16.599+0000] {subprocess.py:106} INFO - 25/12/07 19:45:16 INFO BlockManagerMasterEndpoint: Registering block manager 172.18.0.8:38673 with 434.4 MiB RAM, BlockManagerId(0, 172.18.0.8, 38673, None)
[2025-12-07T19:45:18.528+0000] {subprocess.py:106} INFO - 25/12/07 19:45:18 WARN MetricsConfig: Cannot locate configuration: tried hadoop-metrics2-s3a-file-system.properties,hadoop-metrics2.properties
[2025-12-07T19:45:18.548+0000] {subprocess.py:106} INFO - 25/12/07 19:45:18 INFO MetricsSystemImpl: Scheduled Metric snapshot period at 10 second(s).
[2025-12-07T19:45:18.548+0000] {subprocess.py:106} INFO - 25/12/07 19:45:18 INFO MetricsSystemImpl: s3a-file-system metrics system started
[2025-12-07T19:45:20.488+0000] {subprocess.py:106} INFO - 25/12/07 19:45:20 INFO DelegatingLogStore: LogStore `LogStoreAdapter(io.delta.storage.S3SingleDriverLogStore)` is used for scheme `s3a`
[2025-12-07T19:45:20.888+0000] {subprocess.py:106} INFO - 25/12/07 19:45:20 INFO DeltaLog: Creating initial snapshot without metadata, because the directory is empty
[2025-12-07T19:45:21.067+0000] {subprocess.py:106} INFO - 25/12/07 19:45:21 INFO InitialSnapshot: [tableId=9cf796aa-aab1-47ea-988c-896e48b0105e] Created snapshot InitialSnapshot(path=s3a://gold/dim_date/_delta_log, version=-1, metadata=Metadata(b2b270c2-bb43-4ce6-8551-216ed37c0f7b,null,null,Format(parquet,Map()),null,List(),Map(),Some(1765136721051)), logSegment=LogSegment(s3a://gold/dim_date/_delta_log,-1,List(),None,-1), checksumOpt=None)
[2025-12-07T19:45:21.213+0000] {subprocess.py:106} INFO - 25/12/07 19:45:21 INFO DeltaLog: No delta log found for the Delta table at s3a://gold/dim_date/_delta_log
[2025-12-07T19:45:21.214+0000] {subprocess.py:106} INFO - 25/12/07 19:45:21 INFO InitialSnapshot: [tableId=b2b270c2-bb43-4ce6-8551-216ed37c0f7b] Created snapshot InitialSnapshot(path=s3a://gold/dim_date/_delta_log, version=-1, metadata=Metadata(8c9a5ea8-c2e4-4f07-8234-f831a8d5e018,null,null,Format(parquet,Map()),null,List(),Map(),Some(1765136721212)), logSegment=LogSegment(s3a://gold/dim_date/_delta_log,-1,List(),None,-1), checksumOpt=None)
[2025-12-07T19:45:21.443+0000] {subprocess.py:106} INFO - 25/12/07 19:45:21 INFO OptimisticTransaction: [tableId=8c9a5ea8,txnId=88ed7ca8] Updated metadata from - to Metadata(cd7dccb5-13b4-417c-a0c5-3ce4d60335d3,null,null,Format(parquet,Map()),{"type":"struct","fields":[{"name":"date_key","type":"date","nullable":true,"metadata":{}},{"name":"year","type":"integer","nullable":true,"metadata":{}},{"name":"quarter","type":"integer","nullable":true,"metadata":{}},{"name":"month","type":"integer","nullable":true,"metadata":{}},{"name":"day","type":"integer","nullable":true,"metadata":{}},{"name":"day_of_week","type":"integer","nullable":true,"metadata":{}},{"name":"day_name_short","type":"string","nullable":true,"metadata":{}},{"name":"day_name_full","type":"string","nullable":true,"metadata":{}},{"name":"month_name_short","type":"string","nullable":true,"metadata":{}},{"name":"week_of_year","type":"integer","nullable":true,"metadata":{}},{"name":"is_weekend","type":"boolean","nullable":true,"metadata":{}}]},List(),Map(),Some(1765136721415))
[2025-12-07T19:45:22.291+0000] {subprocess.py:106} INFO - 25/12/07 19:45:22 INFO ParquetUtils: Using default output committer for Parquet: org.apache.parquet.hadoop.ParquetOutputCommitter
[2025-12-07T19:45:22.639+0000] {subprocess.py:106} INFO - 25/12/07 19:45:22 INFO CodeGenerator: Code generated in 226.846046 ms
[2025-12-07T19:45:22.815+0000] {subprocess.py:106} INFO - 25/12/07 19:45:22 INFO SparkContext: Starting job: save at <unknown>:0
[2025-12-07T19:45:22.829+0000] {subprocess.py:106} INFO - 25/12/07 19:45:22 INFO DAGScheduler: Got job 0 (save at <unknown>:0) with 1 output partitions
[2025-12-07T19:45:22.830+0000] {subprocess.py:106} INFO - 25/12/07 19:45:22 INFO DAGScheduler: Final stage: ResultStage 0 (save at <unknown>:0)
[2025-12-07T19:45:22.830+0000] {subprocess.py:106} INFO - 25/12/07 19:45:22 INFO DAGScheduler: Parents of final stage: List()
[2025-12-07T19:45:22.831+0000] {subprocess.py:106} INFO - 25/12/07 19:45:22 INFO DAGScheduler: Missing parents: List()
[2025-12-07T19:45:22.835+0000] {subprocess.py:106} INFO - 25/12/07 19:45:22 INFO DAGScheduler: Submitting ResultStage 0 (MapPartitionsRDD[1] at save at <unknown>:0), which has no missing parents
[2025-12-07T19:45:22.962+0000] {subprocess.py:106} INFO - 25/12/07 19:45:22 INFO MemoryStore: Block broadcast_0 stored as values in memory (estimated size 356.0 KiB, free 434.1 MiB)
[2025-12-07T19:45:23.002+0000] {subprocess.py:106} INFO - 25/12/07 19:45:23 INFO MemoryStore: Block broadcast_0_piece0 stored as bytes in memory (estimated size 130.4 KiB, free 433.9 MiB)
[2025-12-07T19:45:23.006+0000] {subprocess.py:106} INFO - 25/12/07 19:45:23 INFO BlockManagerInfo: Added broadcast_0_piece0 in memory on 13f196131dae:43347 (size: 130.4 KiB, free: 434.3 MiB)
[2025-12-07T19:45:23.019+0000] {subprocess.py:106} INFO - 25/12/07 19:45:23 INFO SparkContext: Created broadcast 0 from broadcast at DAGScheduler.scala:1535
[2025-12-07T19:45:23.038+0000] {subprocess.py:106} INFO - 25/12/07 19:45:23 INFO DAGScheduler: Submitting 1 missing tasks from ResultStage 0 (MapPartitionsRDD[1] at save at <unknown>:0) (first 15 tasks are for partitions Vector(0))
[2025-12-07T19:45:23.039+0000] {subprocess.py:106} INFO - 25/12/07 19:45:23 INFO TaskSchedulerImpl: Adding task set 0.0 with 1 tasks resource profile 0
[2025-12-07T19:45:23.084+0000] {subprocess.py:106} INFO - 25/12/07 19:45:23 INFO TaskSetManager: Starting task 0.0 in stage 0.0 (TID 0) (172.18.0.8, executor 0, partition 0, PROCESS_LOCAL, 7575 bytes)
[2025-12-07T19:45:23.409+0000] {subprocess.py:106} INFO - 25/12/07 19:45:23 INFO BlockManagerInfo: Added broadcast_0_piece0 in memory on 172.18.0.8:38673 (size: 130.4 KiB, free: 434.3 MiB)
[2025-12-07T19:45:28.814+0000] {subprocess.py:106} INFO - 25/12/07 19:45:28 INFO TaskSetManager: Finished task 0.0 in stage 0.0 (TID 0) in 5745 ms on 172.18.0.8 (executor 0) (1/1)
[2025-12-07T19:45:28.817+0000] {subprocess.py:106} INFO - 25/12/07 19:45:28 INFO TaskSchedulerImpl: Removed TaskSet 0.0, whose tasks have all completed, from pool
[2025-12-07T19:45:28.826+0000] {subprocess.py:106} INFO - 25/12/07 19:45:28 INFO DAGScheduler: ResultStage 0 (save at <unknown>:0) finished in 5.979 s
[2025-12-07T19:45:28.830+0000] {subprocess.py:106} INFO - 25/12/07 19:45:28 INFO DAGScheduler: Job 0 is finished. Cancelling potential speculative or zombie tasks for this job
[2025-12-07T19:45:28.831+0000] {subprocess.py:106} INFO - 25/12/07 19:45:28 INFO TaskSchedulerImpl: Killing all running tasks in stage 0: Stage finished
[2025-12-07T19:45:28.833+0000] {subprocess.py:106} INFO - 25/12/07 19:45:28 INFO DAGScheduler: Job 0 finished: save at <unknown>:0, took 6.017408 s
[2025-12-07T19:45:28.836+0000] {subprocess.py:106} INFO - 25/12/07 19:45:28 INFO FileFormatWriter: Start to commit write Job f6fa3c76-bb6a-4ccb-bf59-5ccf7d4315f8.
[2025-12-07T19:45:28.838+0000] {subprocess.py:106} INFO - 25/12/07 19:45:28 INFO FileFormatWriter: Write Job f6fa3c76-bb6a-4ccb-bf59-5ccf7d4315f8 committed. Elapsed time: 1 ms.
[2025-12-07T19:45:28.845+0000] {subprocess.py:106} INFO - 25/12/07 19:45:28 INFO FileFormatWriter: Finished processing stats for write job f6fa3c76-bb6a-4ccb-bf59-5ccf7d4315f8.
[2025-12-07T19:45:28.936+0000] {subprocess.py:106} INFO - 25/12/07 19:45:28 INFO BlockManagerInfo: Removed broadcast_0_piece0 on 13f196131dae:43347 in memory (size: 130.4 KiB, free: 434.4 MiB)
[2025-12-07T19:45:28.944+0000] {subprocess.py:106} INFO - 25/12/07 19:45:28 INFO BlockManagerInfo: Removed broadcast_0_piece0 on 172.18.0.8:38673 in memory (size: 130.4 KiB, free: 434.4 MiB)
[2025-12-07T19:45:30.258+0000] {subprocess.py:106} INFO - 25/12/07 19:45:30 INFO CodeGenerator: Code generated in 290.549253 ms
[2025-12-07T19:45:30.348+0000] {subprocess.py:106} INFO - 25/12/07 19:45:30 INFO SparkContext: Starting job: $anonfun$recordDeltaOperationInternal$1 at DatabricksLogging.scala:128
[2025-12-07T19:45:30.349+0000] {subprocess.py:106} INFO - 25/12/07 19:45:30 INFO DAGScheduler: Job 1 finished: $anonfun$recordDeltaOperationInternal$1 at DatabricksLogging.scala:128, took 0.000444 s
[2025-12-07T19:45:30.416+0000] {subprocess.py:106} INFO - 25/12/07 19:45:30 INFO OptimisticTransaction: [tableId=8c9a5ea8,txnId=88ed7ca8] Attempting to commit version 0 with 4 actions with Serializable isolation level
[2025-12-07T19:45:30.733+0000] {subprocess.py:106} INFO - 25/12/07 19:45:30 INFO DeltaLog: Creating a new snapshot v0 for commit version 0
[2025-12-07T19:45:30.734+0000] {subprocess.py:106} INFO - 25/12/07 19:45:30 INFO DeltaLog: Loading version 0.
[2025-12-07T19:45:30.751+0000] {subprocess.py:106} INFO - 25/12/07 19:45:30 INFO DeltaLogFileIndex: Created DeltaLogFileIndex(JSON, numFilesInSegment: 1, totalFileSize: 2357)
[2025-12-07T19:45:30.951+0000] {subprocess.py:106} INFO - 25/12/07 19:45:30 INFO FileSourceStrategy: Pushed Filters:
[2025-12-07T19:45:30.952+0000] {subprocess.py:106} INFO - 25/12/07 19:45:30 INFO FileSourceStrategy: Post-Scan Filters:
[2025-12-07T19:45:31.037+0000] {subprocess.py:106} INFO - 25/12/07 19:45:31 INFO CodeGenerator: Code generated in 46.416639 ms
[2025-12-07T19:45:31.053+0000] {subprocess.py:106} INFO - 25/12/07 19:45:31 INFO MemoryStore: Block broadcast_1 stored as values in memory (estimated size 212.9 KiB, free 434.2 MiB)
[2025-12-07T19:45:31.067+0000] {subprocess.py:106} INFO - 25/12/07 19:45:31 INFO MemoryStore: Block broadcast_1_piece0 stored as bytes in memory (estimated size 36.4 KiB, free 434.2 MiB)
[2025-12-07T19:45:31.068+0000] {subprocess.py:106} INFO - 25/12/07 19:45:31 INFO BlockManagerInfo: Added broadcast_1_piece0 in memory on 13f196131dae:43347 (size: 36.4 KiB, free: 434.4 MiB)
[2025-12-07T19:45:31.071+0000] {subprocess.py:106} INFO - 25/12/07 19:45:31 INFO SparkContext: Created broadcast 1 from toString at <unknown>:0
[2025-12-07T19:45:31.121+0000] {subprocess.py:106} INFO - 25/12/07 19:45:31 INFO FileSourceScanExec: Planning scan with bin packing, max size: 4194304 bytes, open cost is considered as scanning 4194304 bytes.
[2025-12-07T19:45:31.180+0000] {subprocess.py:106} INFO - 25/12/07 19:45:31 INFO SparkContext: Starting job: toString at <unknown>:0
[2025-12-07T19:45:31.181+0000] {subprocess.py:106} INFO - 25/12/07 19:45:31 INFO DAGScheduler: Got job 2 (toString at <unknown>:0) with 1 output partitions
[2025-12-07T19:45:31.182+0000] {subprocess.py:106} INFO - 25/12/07 19:45:31 INFO DAGScheduler: Final stage: ResultStage 1 (toString at <unknown>:0)
[2025-12-07T19:45:31.182+0000] {subprocess.py:106} INFO - 25/12/07 19:45:31 INFO DAGScheduler: Parents of final stage: List()
[2025-12-07T19:45:31.183+0000] {subprocess.py:106} INFO - 25/12/07 19:45:31 INFO DAGScheduler: Missing parents: List()
[2025-12-07T19:45:31.184+0000] {subprocess.py:106} INFO - 25/12/07 19:45:31 INFO DAGScheduler: Submitting ResultStage 1 (MapPartitionsRDD[9] at toString at <unknown>:0), which has no missing parents
[2025-12-07T19:45:31.191+0000] {subprocess.py:106} INFO - 25/12/07 19:45:31 INFO MemoryStore: Block broadcast_2 stored as values in memory (estimated size 50.4 KiB, free 434.1 MiB)
[2025-12-07T19:45:31.194+0000] {subprocess.py:106} INFO - 25/12/07 19:45:31 INFO MemoryStore: Block broadcast_2_piece0 stored as bytes in memory (estimated size 15.5 KiB, free 434.1 MiB)
[2025-12-07T19:45:31.196+0000] {subprocess.py:106} INFO - 25/12/07 19:45:31 INFO BlockManagerInfo: Added broadcast_2_piece0 in memory on 13f196131dae:43347 (size: 15.5 KiB, free: 434.3 MiB)
[2025-12-07T19:45:31.197+0000] {subprocess.py:106} INFO - 25/12/07 19:45:31 INFO SparkContext: Created broadcast 2 from broadcast at DAGScheduler.scala:1535
[2025-12-07T19:45:31.198+0000] {subprocess.py:106} INFO - 25/12/07 19:45:31 INFO DAGScheduler: Submitting 1 missing tasks from ResultStage 1 (MapPartitionsRDD[9] at toString at <unknown>:0) (first 15 tasks are for partitions Vector(0))
[2025-12-07T19:45:31.199+0000] {subprocess.py:106} INFO - 25/12/07 19:45:31 INFO TaskSchedulerImpl: Adding task set 1.0 with 1 tasks resource profile 0
[2025-12-07T19:45:31.205+0000] {subprocess.py:106} INFO - 25/12/07 19:45:31 INFO TaskSetManager: Starting task 0.0 in stage 1.0 (TID 1) (172.18.0.8, executor 0, partition 0, PROCESS_LOCAL, 7940 bytes)
[2025-12-07T19:45:31.251+0000] {subprocess.py:106} INFO - 25/12/07 19:45:31 INFO BlockManagerInfo: Added broadcast_2_piece0 in memory on 172.18.0.8:38673 (size: 15.5 KiB, free: 434.4 MiB)
[2025-12-07T19:45:31.557+0000] {subprocess.py:106} INFO - 25/12/07 19:45:31 INFO BlockManagerInfo: Added broadcast_1_piece0 in memory on 172.18.0.8:38673 (size: 36.4 KiB, free: 434.3 MiB)
[2025-12-07T19:45:31.721+0000] {subprocess.py:106} INFO - 25/12/07 19:45:31 INFO TaskSetManager: Finished task 0.0 in stage 1.0 (TID 1) in 521 ms on 172.18.0.8 (executor 0) (1/1)
[2025-12-07T19:45:31.722+0000] {subprocess.py:106} INFO - 25/12/07 19:45:31 INFO TaskSchedulerImpl: Removed TaskSet 1.0, whose tasks have all completed, from pool
[2025-12-07T19:45:31.723+0000] {subprocess.py:106} INFO - 25/12/07 19:45:31 INFO DAGScheduler: ResultStage 1 (toString at <unknown>:0) finished in 0.534 s
[2025-12-07T19:45:31.724+0000] {subprocess.py:106} INFO - 25/12/07 19:45:31 INFO DAGScheduler: Job 2 is finished. Cancelling potential speculative or zombie tasks for this job
[2025-12-07T19:45:31.724+0000] {subprocess.py:106} INFO - 25/12/07 19:45:31 INFO TaskSchedulerImpl: Killing all running tasks in stage 1: Stage finished
[2025-12-07T19:45:31.725+0000] {subprocess.py:106} INFO - 25/12/07 19:45:31 INFO DAGScheduler: Job 2 finished: toString at <unknown>:0, took 0.543323 s
[2025-12-07T19:45:31.745+0000] {subprocess.py:106} INFO - 25/12/07 19:45:31 INFO BlockManagerInfo: Removed broadcast_2_piece0 on 13f196131dae:43347 in memory (size: 15.5 KiB, free: 434.4 MiB)
[2025-12-07T19:45:31.750+0000] {subprocess.py:106} INFO - 25/12/07 19:45:31 INFO BlockManagerInfo: Removed broadcast_2_piece0 on 172.18.0.8:38673 in memory (size: 15.5 KiB, free: 434.4 MiB)
[2025-12-07T19:45:31.811+0000] {subprocess.py:106} INFO - 25/12/07 19:45:31 INFO CodeGenerator: Code generated in 47.265442 ms
[2025-12-07T19:45:31.819+0000] {subprocess.py:106} INFO - 25/12/07 19:45:31 INFO Snapshot: [tableId=8c9a5ea8-c2e4-4f07-8234-f831a8d5e018] Created snapshot Snapshot(path=s3a://gold/dim_date/_delta_log, version=0, metadata=Metadata(cd7dccb5-13b4-417c-a0c5-3ce4d60335d3,null,null,Format(parquet,Map()),{"type":"struct","fields":[{"name":"date_key","type":"date","nullable":true,"metadata":{}},{"name":"year","type":"integer","nullable":true,"metadata":{}},{"name":"quarter","type":"integer","nullable":true,"metadata":{}},{"name":"month","type":"integer","nullable":true,"metadata":{}},{"name":"day","type":"integer","nullable":true,"metadata":{}},{"name":"day_of_week","type":"integer","nullable":true,"metadata":{}},{"name":"day_name_short","type":"string","nullable":true,"metadata":{}},{"name":"day_name_full","type":"string","nullable":true,"metadata":{}},{"name":"month_name_short","type":"string","nullable":true,"metadata":{}},{"name":"week_of_year","type":"integer","nullable":true,"metadata":{}},{"name":"is_weekend","type":"boolean","nullable":true,"metadata":{}}]},List(),Map(),Some(1765136721415)), logSegment=LogSegment(s3a://gold/dim_date/_delta_log,0,WrappedArray(S3AFileStatus{path=s3a://gold/dim_date/_delta_log/00000000000000000000.json; isDirectory=false; length=2357; replication=1; blocksize=33554432; modification_time=1765136730662; access_time=0; owner=root; group=root; permission=rw-rw-rw-; isSymlink=false; hasAcl=false; isEncrypted=true; isErasureCoded=false} isEmptyDirectory=FALSE eTag=efc3d93a6dbbd214c05a1120bac0bfb3 versionId=null),None,1765136730662), checksumOpt=None)
[2025-12-07T19:45:31.820+0000] {subprocess.py:106} INFO - 25/12/07 19:45:31 INFO DeltaLog: Updated snapshot to Snapshot(path=s3a://gold/dim_date/_delta_log, version=0, metadata=Metadata(cd7dccb5-13b4-417c-a0c5-3ce4d60335d3,null,null,Format(parquet,Map()),{"type":"struct","fields":[{"name":"date_key","type":"date","nullable":true,"metadata":{}},{"name":"year","type":"integer","nullable":true,"metadata":{}},{"name":"quarter","type":"integer","nullable":true,"metadata":{}},{"name":"month","type":"integer","nullable":true,"metadata":{}},{"name":"day","type":"integer","nullable":true,"metadata":{}},{"name":"day_of_week","type":"integer","nullable":true,"metadata":{}},{"name":"day_name_short","type":"string","nullable":true,"metadata":{}},{"name":"day_name_full","type":"string","nullable":true,"metadata":{}},{"name":"month_name_short","type":"string","nullable":true,"metadata":{}},{"name":"week_of_year","type":"integer","nullable":true,"metadata":{}},{"name":"is_weekend","type":"boolean","nullable":true,"metadata":{}}]},List(),Map(),Some(1765136721415)), logSegment=LogSegment(s3a://gold/dim_date/_delta_log,0,WrappedArray(S3AFileStatus{path=s3a://gold/dim_date/_delta_log/00000000000000000000.json; isDirectory=false; length=2357; replication=1; blocksize=33554432; modification_time=1765136730662; access_time=0; owner=root; group=root; permission=rw-rw-rw-; isSymlink=false; hasAcl=false; isEncrypted=true; isErasureCoded=false} isEmptyDirectory=FALSE eTag=efc3d93a6dbbd214c05a1120bac0bfb3 versionId=null),None,1765136730662), checksumOpt=None)
[2025-12-07T19:45:31.822+0000] {subprocess.py:106} INFO - 25/12/07 19:45:31 INFO Snapshot: [tableId=cd7dccb5-13b4-417c-a0c5-3ce4d60335d3] DELTA: Compute snapshot for version: 0
[2025-12-07T19:45:31.830+0000] {subprocess.py:106} INFO - 25/12/07 19:45:31 INFO MemoryStore: Block broadcast_3 stored as values in memory (estimated size 212.3 KiB, free 433.9 MiB)
[2025-12-07T19:45:31.843+0000] {subprocess.py:106} INFO - 25/12/07 19:45:31 INFO MemoryStore: Block broadcast_3_piece0 stored as bytes in memory (estimated size 36.2 KiB, free 433.9 MiB)
[2025-12-07T19:45:31.844+0000] {subprocess.py:106} INFO - 25/12/07 19:45:31 INFO BlockManagerInfo: Added broadcast_3_piece0 in memory on 13f196131dae:43347 (size: 36.2 KiB, free: 434.3 MiB)
[2025-12-07T19:45:31.845+0000] {subprocess.py:106} INFO - 25/12/07 19:45:31 INFO SparkContext: Created broadcast 3 from $anonfun$recordDeltaOperationInternal$1 at DatabricksLogging.scala:128
[2025-12-07T19:45:32.233+0000] {subprocess.py:106} INFO - 25/12/07 19:45:32 INFO FileSourceStrategy: Pushed Filters:
[2025-12-07T19:45:32.234+0000] {subprocess.py:106} INFO - 25/12/07 19:45:32 INFO FileSourceStrategy: Post-Scan Filters:
[2025-12-07T19:45:32.301+0000] {subprocess.py:106} INFO - 25/12/07 19:45:32 INFO BlockManagerInfo: Removed broadcast_1_piece0 on 13f196131dae:43347 in memory (size: 36.4 KiB, free: 434.4 MiB)
[2025-12-07T19:45:32.304+0000] {subprocess.py:106} INFO - 25/12/07 19:45:32 INFO BlockManagerInfo: Removed broadcast_1_piece0 on 172.18.0.8:38673 in memory (size: 36.4 KiB, free: 434.4 MiB)
[2025-12-07T19:45:32.320+0000] {subprocess.py:106} INFO - 25/12/07 19:45:32 WARN package: Truncated the string representation of a plan since it was too large. This behavior can be adjusted by setting 'spark.sql.debug.maxToStringFields'.
[2025-12-07T19:45:32.483+0000] {subprocess.py:106} INFO - 25/12/07 19:45:32 INFO CodeGenerator: Code generated in 77.665183 ms
[2025-12-07T19:45:32.487+0000] {subprocess.py:106} INFO - 25/12/07 19:45:32 INFO MemoryStore: Block broadcast_4 stored as values in memory (estimated size 212.9 KiB, free 433.9 MiB)
[2025-12-07T19:45:32.503+0000] {subprocess.py:106} INFO - 25/12/07 19:45:32 INFO MemoryStore: Block broadcast_4_piece0 stored as bytes in memory (estimated size 36.4 KiB, free 433.9 MiB)
[2025-12-07T19:45:32.505+0000] {subprocess.py:106} INFO - 25/12/07 19:45:32 INFO BlockManagerInfo: Added broadcast_4_piece0 in memory on 13f196131dae:43347 (size: 36.4 KiB, free: 434.3 MiB)
[2025-12-07T19:45:32.507+0000] {subprocess.py:106} INFO - 25/12/07 19:45:32 INFO SparkContext: Created broadcast 4 from $anonfun$recordDeltaOperationInternal$1 at DatabricksLogging.scala:128
[2025-12-07T19:45:32.509+0000] {subprocess.py:106} INFO - 25/12/07 19:45:32 INFO FileSourceScanExec: Planning scan with bin packing, max size: 4194304 bytes, open cost is considered as scanning 4194304 bytes.
[2025-12-07T19:45:32.578+0000] {subprocess.py:106} INFO - 25/12/07 19:45:32 INFO DAGScheduler: Registering RDD 13 ($anonfun$recordDeltaOperationInternal$1 at DatabricksLogging.scala:128) as input to shuffle 0
[2025-12-07T19:45:32.586+0000] {subprocess.py:106} INFO - 25/12/07 19:45:32 INFO DAGScheduler: Got map stage job 3 ($anonfun$recordDeltaOperationInternal$1 at DatabricksLogging.scala:128) with 1 output partitions
[2025-12-07T19:45:32.588+0000] {subprocess.py:106} INFO - 25/12/07 19:45:32 INFO DAGScheduler: Final stage: ShuffleMapStage 2 ($anonfun$recordDeltaOperationInternal$1 at DatabricksLogging.scala:128)
[2025-12-07T19:45:32.588+0000] {subprocess.py:106} INFO - 25/12/07 19:45:32 INFO DAGScheduler: Parents of final stage: List()
[2025-12-07T19:45:32.590+0000] {subprocess.py:106} INFO - 25/12/07 19:45:32 INFO DAGScheduler: Missing parents: List()
[2025-12-07T19:45:32.593+0000] {subprocess.py:106} INFO - 25/12/07 19:45:32 INFO DAGScheduler: Submitting ShuffleMapStage 2 (MapPartitionsRDD[13] at $anonfun$recordDeltaOperationInternal$1 at DatabricksLogging.scala:128), which has no missing parents
[2025-12-07T19:45:32.620+0000] {subprocess.py:106} INFO - 25/12/07 19:45:32 INFO MemoryStore: Block broadcast_5 stored as values in memory (estimated size 138.3 KiB, free 433.8 MiB)
[2025-12-07T19:45:32.629+0000] {subprocess.py:106} INFO - 25/12/07 19:45:32 INFO MemoryStore: Block broadcast_5_piece0 stored as bytes in memory (estimated size 39.0 KiB, free 433.7 MiB)
[2025-12-07T19:45:32.633+0000] {subprocess.py:106} INFO - 25/12/07 19:45:32 INFO BlockManagerInfo: Added broadcast_5_piece0 in memory on 13f196131dae:43347 (size: 39.0 KiB, free: 434.3 MiB)
[2025-12-07T19:45:32.634+0000] {subprocess.py:106} INFO - 25/12/07 19:45:32 INFO SparkContext: Created broadcast 5 from broadcast at DAGScheduler.scala:1535
[2025-12-07T19:45:32.637+0000] {subprocess.py:106} INFO - 25/12/07 19:45:32 INFO DAGScheduler: Submitting 1 missing tasks from ShuffleMapStage 2 (MapPartitionsRDD[13] at $anonfun$recordDeltaOperationInternal$1 at DatabricksLogging.scala:128) (first 15 tasks are for partitions Vector(0))
[2025-12-07T19:45:32.638+0000] {subprocess.py:106} INFO - 25/12/07 19:45:32 INFO TaskSchedulerImpl: Adding task set 2.0 with 1 tasks resource profile 0
[2025-12-07T19:45:32.641+0000] {subprocess.py:106} INFO - 25/12/07 19:45:32 INFO TaskSetManager: Starting task 0.0 in stage 2.0 (TID 2) (172.18.0.8, executor 0, partition 0, PROCESS_LOCAL, 7929 bytes)
[2025-12-07T19:45:32.678+0000] {subprocess.py:106} INFO - 25/12/07 19:45:32 INFO BlockManagerInfo: Added broadcast_5_piece0 in memory on 172.18.0.8:38673 (size: 39.0 KiB, free: 434.4 MiB)
[2025-12-07T19:45:33.049+0000] {subprocess.py:106} INFO - 25/12/07 19:45:33 INFO BlockManagerInfo: Added broadcast_4_piece0 in memory on 172.18.0.8:38673 (size: 36.4 KiB, free: 434.3 MiB)
[2025-12-07T19:45:33.190+0000] {subprocess.py:106} INFO - 25/12/07 19:45:33 INFO TaskSetManager: Finished task 0.0 in stage 2.0 (TID 2) in 550 ms on 172.18.0.8 (executor 0) (1/1)
[2025-12-07T19:45:33.191+0000] {subprocess.py:106} INFO - 25/12/07 19:45:33 INFO TaskSchedulerImpl: Removed TaskSet 2.0, whose tasks have all completed, from pool
[2025-12-07T19:45:33.194+0000] {subprocess.py:106} INFO - 25/12/07 19:45:33 INFO DAGScheduler: ShuffleMapStage 2 ($anonfun$recordDeltaOperationInternal$1 at DatabricksLogging.scala:128) finished in 0.596 s
[2025-12-07T19:45:33.198+0000] {subprocess.py:106} INFO - 25/12/07 19:45:33 INFO DAGScheduler: looking for newly runnable stages
[2025-12-07T19:45:33.201+0000] {subprocess.py:106} INFO - 25/12/07 19:45:33 INFO DAGScheduler: running: Set()
[2025-12-07T19:45:33.202+0000] {subprocess.py:106} INFO - 25/12/07 19:45:33 INFO DAGScheduler: waiting: Set()
[2025-12-07T19:45:33.204+0000] {subprocess.py:106} INFO - 25/12/07 19:45:33 INFO DAGScheduler: failed: Set()
[2025-12-07T19:45:33.341+0000] {subprocess.py:106} INFO - 25/12/07 19:45:33 INFO BlockManagerInfo: Removed broadcast_5_piece0 on 13f196131dae:43347 in memory (size: 39.0 KiB, free: 434.3 MiB)
[2025-12-07T19:45:33.345+0000] {subprocess.py:106} INFO - 25/12/07 19:45:33 INFO BlockManagerInfo: Removed broadcast_5_piece0 on 172.18.0.8:38673 in memory (size: 39.0 KiB, free: 434.4 MiB)
[2025-12-07T19:45:33.628+0000] {subprocess.py:106} INFO - 25/12/07 19:45:33 INFO CodeGenerator: Generated method too long to be JIT compiled: org.apache.spark.sql.catalyst.expressions.GeneratedClass$GeneratedIteratorForCodegenStage3.serializefromobject_doConsume_0$ is 19938 bytes
[2025-12-07T19:45:33.629+0000] {subprocess.py:106} INFO - 25/12/07 19:45:33 INFO CodeGenerator: Code generated in 169.954346 ms
[2025-12-07T19:45:33.697+0000] {subprocess.py:106} INFO - 25/12/07 19:45:33 INFO CodeGenerator: Code generated in 47.324036 ms
[2025-12-07T19:45:34.076+0000] {subprocess.py:106} INFO - 25/12/07 19:45:34 INFO CodeGenerator: Code generated in 45.56454 ms
[2025-12-07T19:45:34.087+0000] {subprocess.py:106} INFO - 25/12/07 19:45:34 INFO DAGScheduler: Registering RDD 23 ($anonfun$recordDeltaOperationInternal$1 at DatabricksLogging.scala:128) as input to shuffle 1
[2025-12-07T19:45:34.088+0000] {subprocess.py:106} INFO - 25/12/07 19:45:34 INFO DAGScheduler: Got map stage job 4 ($anonfun$recordDeltaOperationInternal$1 at DatabricksLogging.scala:128) with 50 output partitions
[2025-12-07T19:45:34.089+0000] {subprocess.py:106} INFO - 25/12/07 19:45:34 INFO DAGScheduler: Final stage: ShuffleMapStage 4 ($anonfun$recordDeltaOperationInternal$1 at DatabricksLogging.scala:128)
[2025-12-07T19:45:34.089+0000] {subprocess.py:106} INFO - 25/12/07 19:45:34 INFO DAGScheduler: Parents of final stage: List(ShuffleMapStage 3)
[2025-12-07T19:45:34.092+0000] {subprocess.py:106} INFO - 25/12/07 19:45:34 INFO DAGScheduler: Missing parents: List()
[2025-12-07T19:45:34.094+0000] {subprocess.py:106} INFO - 25/12/07 19:45:34 INFO DAGScheduler: Submitting ShuffleMapStage 4 (MapPartitionsRDD[23] at $anonfun$recordDeltaOperationInternal$1 at DatabricksLogging.scala:128), which has no missing parents
[2025-12-07T19:45:34.216+0000] {subprocess.py:106} INFO - 25/12/07 19:45:34 INFO MemoryStore: Block broadcast_6 stored as values in memory (estimated size 517.1 KiB, free 433.4 MiB)
[2025-12-07T19:45:34.220+0000] {subprocess.py:106} INFO - 25/12/07 19:45:34 INFO MemoryStore: Block broadcast_6_piece0 stored as bytes in memory (estimated size 123.3 KiB, free 433.3 MiB)
[2025-12-07T19:45:34.222+0000] {subprocess.py:106} INFO - 25/12/07 19:45:34 INFO BlockManagerInfo: Added broadcast_6_piece0 in memory on 13f196131dae:43347 (size: 123.3 KiB, free: 434.2 MiB)
[2025-12-07T19:45:34.222+0000] {subprocess.py:106} INFO - 25/12/07 19:45:34 INFO SparkContext: Created broadcast 6 from broadcast at DAGScheduler.scala:1535
[2025-12-07T19:45:34.224+0000] {subprocess.py:106} INFO - 25/12/07 19:45:34 INFO DAGScheduler: Submitting 50 missing tasks from ShuffleMapStage 4 (MapPartitionsRDD[23] at $anonfun$recordDeltaOperationInternal$1 at DatabricksLogging.scala:128) (first 15 tasks are for partitions Vector(0, 1, 2, 3, 4, 5, 6, 7, 8, 9, 10, 11, 12, 13, 14))
[2025-12-07T19:45:34.225+0000] {subprocess.py:106} INFO - 25/12/07 19:45:34 INFO TaskSchedulerImpl: Adding task set 4.0 with 50 tasks resource profile 0
[2025-12-07T19:45:34.232+0000] {subprocess.py:106} INFO - 25/12/07 19:45:34 INFO TaskSetManager: Starting task 42.0 in stage 4.0 (TID 3) (172.18.0.8, executor 0, partition 42, NODE_LOCAL, 7356 bytes)
[2025-12-07T19:45:34.232+0000] {subprocess.py:106} INFO - 25/12/07 19:45:34 INFO TaskSetManager: Starting task 47.0 in stage 4.0 (TID 4) (172.18.0.8, executor 0, partition 47, NODE_LOCAL, 7356 bytes)
[2025-12-07T19:45:34.233+0000] {subprocess.py:106} INFO - 25/12/07 19:45:34 INFO TaskSetManager: Starting task 0.0 in stage 4.0 (TID 5) (172.18.0.8, executor 0, partition 0, PROCESS_LOCAL, 7356 bytes)
[2025-12-07T19:45:34.245+0000] {subprocess.py:106} INFO - 25/12/07 19:45:34 INFO TaskSetManager: Starting task 1.0 in stage 4.0 (TID 6) (172.18.0.8, executor 0, partition 1, PROCESS_LOCAL, 7356 bytes)
[2025-12-07T19:45:34.246+0000] {subprocess.py:106} INFO - 25/12/07 19:45:34 INFO TaskSetManager: Starting task 2.0 in stage 4.0 (TID 7) (172.18.0.8, executor 0, partition 2, PROCESS_LOCAL, 7356 bytes)
[2025-12-07T19:45:34.247+0000] {subprocess.py:106} INFO - 25/12/07 19:45:34 INFO TaskSetManager: Starting task 3.0 in stage 4.0 (TID 8) (172.18.0.8, executor 0, partition 3, PROCESS_LOCAL, 7356 bytes)
[2025-12-07T19:45:34.247+0000] {subprocess.py:106} INFO - 25/12/07 19:45:34 INFO TaskSetManager: Starting task 4.0 in stage 4.0 (TID 9) (172.18.0.8, executor 0, partition 4, PROCESS_LOCAL, 7356 bytes)
[2025-12-07T19:45:34.248+0000] {subprocess.py:106} INFO - 25/12/07 19:45:34 INFO TaskSetManager: Starting task 5.0 in stage 4.0 (TID 10) (172.18.0.8, executor 0, partition 5, PROCESS_LOCAL, 7356 bytes)
[2025-12-07T19:45:34.249+0000] {subprocess.py:106} INFO - 25/12/07 19:45:34 INFO TaskSetManager: Starting task 6.0 in stage 4.0 (TID 11) (172.18.0.8, executor 0, partition 6, PROCESS_LOCAL, 7356 bytes)
[2025-12-07T19:45:34.250+0000] {subprocess.py:106} INFO - 25/12/07 19:45:34 INFO TaskSetManager: Starting task 7.0 in stage 4.0 (TID 12) (172.18.0.8, executor 0, partition 7, PROCESS_LOCAL, 7356 bytes)
[2025-12-07T19:45:34.250+0000] {subprocess.py:106} INFO - 25/12/07 19:45:34 INFO TaskSetManager: Starting task 8.0 in stage 4.0 (TID 13) (172.18.0.8, executor 0, partition 8, PROCESS_LOCAL, 7356 bytes)
[2025-12-07T19:45:34.251+0000] {subprocess.py:106} INFO - 25/12/07 19:45:34 INFO TaskSetManager: Starting task 9.0 in stage 4.0 (TID 14) (172.18.0.8, executor 0, partition 9, PROCESS_LOCAL, 7356 bytes)
[2025-12-07T19:45:34.251+0000] {subprocess.py:106} INFO - 25/12/07 19:45:34 INFO TaskSetManager: Starting task 10.0 in stage 4.0 (TID 15) (172.18.0.8, executor 0, partition 10, PROCESS_LOCAL, 7356 bytes)
[2025-12-07T19:45:34.252+0000] {subprocess.py:106} INFO - 25/12/07 19:45:34 INFO TaskSetManager: Starting task 11.0 in stage 4.0 (TID 16) (172.18.0.8, executor 0, partition 11, PROCESS_LOCAL, 7356 bytes)
[2025-12-07T19:45:34.255+0000] {subprocess.py:106} INFO - 25/12/07 19:45:34 INFO TaskSetManager: Starting task 12.0 in stage 4.0 (TID 17) (172.18.0.8, executor 0, partition 12, PROCESS_LOCAL, 7356 bytes)
[2025-12-07T19:45:34.256+0000] {subprocess.py:106} INFO - 25/12/07 19:45:34 INFO TaskSetManager: Starting task 13.0 in stage 4.0 (TID 18) (172.18.0.8, executor 0, partition 13, PROCESS_LOCAL, 7356 bytes)
[2025-12-07T19:45:34.306+0000] {subprocess.py:106} INFO - 25/12/07 19:45:34 INFO BlockManagerInfo: Added broadcast_6_piece0 in memory on 172.18.0.8:38673 (size: 123.3 KiB, free: 434.2 MiB)
[2025-12-07T19:45:34.930+0000] {subprocess.py:106} INFO - 25/12/07 19:45:34 INFO MapOutputTrackerMasterEndpoint: Asked to send map output locations for shuffle 0 to 172.18.0.8:33122
[2025-12-07T19:45:36.203+0000] {subprocess.py:106} INFO - 25/12/07 19:45:36 INFO BlockManagerInfo: Added rdd_20_8 in memory on 172.18.0.8:38673 (size: 46.0 B, free: 434.2 MiB)
[2025-12-07T19:45:36.206+0000] {subprocess.py:106} INFO - 25/12/07 19:45:36 INFO BlockManagerInfo: Added rdd_20_13 in memory on 172.18.0.8:38673 (size: 46.0 B, free: 434.2 MiB)
[2025-12-07T19:45:36.208+0000] {subprocess.py:106} INFO - 25/12/07 19:45:36 INFO BlockManagerInfo: Added rdd_20_11 in memory on 172.18.0.8:38673 (size: 46.0 B, free: 434.2 MiB)
[2025-12-07T19:45:36.208+0000] {subprocess.py:106} INFO - 25/12/07 19:45:36 INFO BlockManagerInfo: Added rdd_20_10 in memory on 172.18.0.8:38673 (size: 46.0 B, free: 434.2 MiB)
[2025-12-07T19:45:36.220+0000] {subprocess.py:106} INFO - 25/12/07 19:45:36 INFO BlockManagerInfo: Added rdd_20_1 in memory on 172.18.0.8:38673 (size: 46.0 B, free: 434.2 MiB)
[2025-12-07T19:45:36.224+0000] {subprocess.py:106} INFO - 25/12/07 19:45:36 INFO BlockManagerInfo: Added rdd_20_12 in memory on 172.18.0.8:38673 (size: 46.0 B, free: 434.2 MiB)
[2025-12-07T19:45:36.226+0000] {subprocess.py:106} INFO - 25/12/07 19:45:36 INFO BlockManagerInfo: Added rdd_20_6 in memory on 172.18.0.8:38673 (size: 46.0 B, free: 434.2 MiB)
[2025-12-07T19:45:36.231+0000] {subprocess.py:106} INFO - 25/12/07 19:45:36 INFO BlockManagerInfo: Added rdd_20_4 in memory on 172.18.0.8:38673 (size: 46.0 B, free: 434.2 MiB)
[2025-12-07T19:45:36.237+0000] {subprocess.py:106} INFO - 25/12/07 19:45:36 INFO BlockManagerInfo: Added rdd_20_3 in memory on 172.18.0.8:38673 (size: 46.0 B, free: 434.2 MiB)
[2025-12-07T19:45:36.241+0000] {subprocess.py:106} INFO - 25/12/07 19:45:36 INFO BlockManagerInfo: Added rdd_20_5 in memory on 172.18.0.8:38673 (size: 46.0 B, free: 434.2 MiB)
[2025-12-07T19:45:36.243+0000] {subprocess.py:106} INFO - 25/12/07 19:45:36 INFO BlockManagerInfo: Added rdd_20_0 in memory on 172.18.0.8:38673 (size: 46.0 B, free: 434.2 MiB)
[2025-12-07T19:45:36.245+0000] {subprocess.py:106} INFO - 25/12/07 19:45:36 INFO BlockManagerInfo: Added rdd_20_47 in memory on 172.18.0.8:38673 (size: 642.0 B, free: 434.2 MiB)
[2025-12-07T19:45:36.247+0000] {subprocess.py:106} INFO - 25/12/07 19:45:36 INFO BlockManagerInfo: Added rdd_20_2 in memory on 172.18.0.8:38673 (size: 46.0 B, free: 434.2 MiB)
[2025-12-07T19:45:36.248+0000] {subprocess.py:106} INFO - 25/12/07 19:45:36 INFO BlockManagerInfo: Added rdd_20_9 in memory on 172.18.0.8:38673 (size: 46.0 B, free: 434.2 MiB)
[2025-12-07T19:45:36.250+0000] {subprocess.py:106} INFO - 25/12/07 19:45:36 INFO BlockManagerInfo: Added rdd_20_42 in memory on 172.18.0.8:38673 (size: 598.0 B, free: 434.2 MiB)
[2025-12-07T19:45:36.254+0000] {subprocess.py:106} INFO - 25/12/07 19:45:36 INFO BlockManagerInfo: Added rdd_20_7 in memory on 172.18.0.8:38673 (size: 46.0 B, free: 434.2 MiB)
[2025-12-07T19:45:36.723+0000] {subprocess.py:106} INFO - 25/12/07 19:45:36 INFO TaskSetManager: Starting task 14.0 in stage 4.0 (TID 19) (172.18.0.8, executor 0, partition 14, PROCESS_LOCAL, 7356 bytes)
[2025-12-07T19:45:36.727+0000] {subprocess.py:106} INFO - 25/12/07 19:45:36 INFO TaskSetManager: Starting task 15.0 in stage 4.0 (TID 20) (172.18.0.8, executor 0, partition 15, PROCESS_LOCAL, 7356 bytes)
[2025-12-07T19:45:36.729+0000] {subprocess.py:106} INFO - 25/12/07 19:45:36 INFO TaskSetManager: Finished task 1.0 in stage 4.0 (TID 6) in 2484 ms on 172.18.0.8 (executor 0) (1/50)
[2025-12-07T19:45:36.731+0000] {subprocess.py:106} INFO - 25/12/07 19:45:36 INFO TaskSetManager: Starting task 16.0 in stage 4.0 (TID 21) (172.18.0.8, executor 0, partition 16, PROCESS_LOCAL, 7356 bytes)
[2025-12-07T19:45:36.733+0000] {subprocess.py:106} INFO - 25/12/07 19:45:36 INFO TaskSetManager: Finished task 3.0 in stage 4.0 (TID 8) in 2486 ms on 172.18.0.8 (executor 0) (2/50)
[2025-12-07T19:45:36.734+0000] {subprocess.py:106} INFO - 25/12/07 19:45:36 INFO TaskSetManager: Finished task 13.0 in stage 4.0 (TID 18) in 2482 ms on 172.18.0.8 (executor 0) (3/50)
[2025-12-07T19:45:36.736+0000] {subprocess.py:106} INFO - 25/12/07 19:45:36 INFO TaskSetManager: Starting task 17.0 in stage 4.0 (TID 22) (172.18.0.8, executor 0, partition 17, PROCESS_LOCAL, 7356 bytes)
[2025-12-07T19:45:36.737+0000] {subprocess.py:106} INFO - 25/12/07 19:45:36 INFO TaskSetManager: Finished task 47.0 in stage 4.0 (TID 4) in 2505 ms on 172.18.0.8 (executor 0) (4/50)
[2025-12-07T19:45:36.740+0000] {subprocess.py:106} INFO - 25/12/07 19:45:36 INFO TaskSetManager: Starting task 18.0 in stage 4.0 (TID 23) (172.18.0.8, executor 0, partition 18, PROCESS_LOCAL, 7356 bytes)
[2025-12-07T19:45:36.742+0000] {subprocess.py:106} INFO - 25/12/07 19:45:36 INFO TaskSetManager: Finished task 9.0 in stage 4.0 (TID 14) in 2491 ms on 172.18.0.8 (executor 0) (5/50)
[2025-12-07T19:45:36.743+0000] {subprocess.py:106} INFO - 25/12/07 19:45:36 INFO TaskSetManager: Starting task 19.0 in stage 4.0 (TID 24) (172.18.0.8, executor 0, partition 19, PROCESS_LOCAL, 7356 bytes)
[2025-12-07T19:45:36.744+0000] {subprocess.py:106} INFO - 25/12/07 19:45:36 INFO TaskSetManager: Finished task 6.0 in stage 4.0 (TID 11) in 2495 ms on 172.18.0.8 (executor 0) (6/50)
[2025-12-07T19:45:36.746+0000] {subprocess.py:106} INFO - 25/12/07 19:45:36 INFO TaskSetManager: Starting task 20.0 in stage 4.0 (TID 25) (172.18.0.8, executor 0, partition 20, PROCESS_LOCAL, 7356 bytes)
[2025-12-07T19:45:36.747+0000] {subprocess.py:106} INFO - 25/12/07 19:45:36 INFO TaskSetManager: Starting task 21.0 in stage 4.0 (TID 26) (172.18.0.8, executor 0, partition 21, PROCESS_LOCAL, 7356 bytes)
[2025-12-07T19:45:36.749+0000] {subprocess.py:106} INFO - 25/12/07 19:45:36 INFO TaskSetManager: Finished task 12.0 in stage 4.0 (TID 17) in 2498 ms on 172.18.0.8 (executor 0) (7/50)
[2025-12-07T19:45:36.750+0000] {subprocess.py:106} INFO - 25/12/07 19:45:36 INFO TaskSetManager: Finished task 4.0 in stage 4.0 (TID 9) in 2503 ms on 172.18.0.8 (executor 0) (8/50)
[2025-12-07T19:45:36.755+0000] {subprocess.py:106} INFO - 25/12/07 19:45:36 INFO TaskSetManager: Starting task 22.0 in stage 4.0 (TID 27) (172.18.0.8, executor 0, partition 22, PROCESS_LOCAL, 7356 bytes)
[2025-12-07T19:45:36.769+0000] {subprocess.py:106} INFO - 25/12/07 19:45:36 INFO TaskSetManager: Starting task 23.0 in stage 4.0 (TID 28) (172.18.0.8, executor 0, partition 23, PROCESS_LOCAL, 7356 bytes)
[2025-12-07T19:45:36.772+0000] {subprocess.py:106} INFO - 25/12/07 19:45:36 INFO TaskSetManager: Starting task 24.0 in stage 4.0 (TID 29) (172.18.0.8, executor 0, partition 24, PROCESS_LOCAL, 7356 bytes)
[2025-12-07T19:45:36.773+0000] {subprocess.py:106} INFO - 25/12/07 19:45:36 INFO TaskSetManager: Starting task 25.0 in stage 4.0 (TID 30) (172.18.0.8, executor 0, partition 25, PROCESS_LOCAL, 7356 bytes)
[2025-12-07T19:45:36.776+0000] {subprocess.py:106} INFO - 25/12/07 19:45:36 INFO TaskSetManager: Finished task 5.0 in stage 4.0 (TID 10) in 2529 ms on 172.18.0.8 (executor 0) (9/50)
[2025-12-07T19:45:36.790+0000] {subprocess.py:106} INFO - 25/12/07 19:45:36 INFO TaskSetManager: Finished task 10.0 in stage 4.0 (TID 15) in 2533 ms on 172.18.0.8 (executor 0) (10/50)
[2025-12-07T19:45:36.795+0000] {subprocess.py:106} INFO - 25/12/07 19:45:36 INFO TaskSetManager: Starting task 26.0 in stage 4.0 (TID 31) (172.18.0.8, executor 0, partition 26, PROCESS_LOCAL, 7356 bytes)
[2025-12-07T19:45:36.797+0000] {subprocess.py:106} INFO - 25/12/07 19:45:36 INFO TaskSetManager: Finished task 2.0 in stage 4.0 (TID 7) in 2541 ms on 172.18.0.8 (executor 0) (11/50)
[2025-12-07T19:45:36.801+0000] {subprocess.py:106} INFO - 25/12/07 19:45:36 INFO TaskSetManager: Starting task 27.0 in stage 4.0 (TID 32) (172.18.0.8, executor 0, partition 27, PROCESS_LOCAL, 7356 bytes)
[2025-12-07T19:45:36.803+0000] {subprocess.py:106} INFO - 25/12/07 19:45:36 INFO TaskSetManager: Finished task 0.0 in stage 4.0 (TID 5) in 2562 ms on 172.18.0.8 (executor 0) (12/50)
[2025-12-07T19:45:36.808+0000] {subprocess.py:106} INFO - 25/12/07 19:45:36 INFO TaskSetManager: Finished task 8.0 in stage 4.0 (TID 13) in 2551 ms on 172.18.0.8 (executor 0) (13/50)
[2025-12-07T19:45:36.810+0000] {subprocess.py:106} INFO - 25/12/07 19:45:36 INFO TaskSetManager: Finished task 42.0 in stage 4.0 (TID 3) in 2569 ms on 172.18.0.8 (executor 0) (14/50)
[2025-12-07T19:45:36.812+0000] {subprocess.py:106} INFO - 25/12/07 19:45:36 INFO TaskSetManager: Finished task 7.0 in stage 4.0 (TID 12) in 2557 ms on 172.18.0.8 (executor 0) (15/50)
[2025-12-07T19:45:36.815+0000] {subprocess.py:106} INFO - 25/12/07 19:45:36 INFO TaskSetManager: Starting task 28.0 in stage 4.0 (TID 33) (172.18.0.8, executor 0, partition 28, PROCESS_LOCAL, 7356 bytes)
[2025-12-07T19:45:36.828+0000] {subprocess.py:106} INFO - 25/12/07 19:45:36 INFO TaskSetManager: Starting task 29.0 in stage 4.0 (TID 34) (172.18.0.8, executor 0, partition 29, PROCESS_LOCAL, 7356 bytes)
[2025-12-07T19:45:36.831+0000] {subprocess.py:106} INFO - 25/12/07 19:45:36 INFO TaskSetManager: Finished task 11.0 in stage 4.0 (TID 16) in 2577 ms on 172.18.0.8 (executor 0) (16/50)
[2025-12-07T19:45:37.049+0000] {subprocess.py:106} INFO - 25/12/07 19:45:37 INFO BlockManagerInfo: Added rdd_20_15 in memory on 172.18.0.8:38673 (size: 46.0 B, free: 434.2 MiB)
[2025-12-07T19:45:37.117+0000] {subprocess.py:106} INFO - 25/12/07 19:45:37 INFO BlockManagerInfo: Added rdd_20_24 in memory on 172.18.0.8:38673 (size: 46.0 B, free: 434.2 MiB)
[2025-12-07T19:45:37.148+0000] {subprocess.py:106} INFO - 25/12/07 19:45:37 INFO BlockManagerInfo: Added rdd_20_22 in memory on 172.18.0.8:38673 (size: 46.0 B, free: 434.2 MiB)
[2025-12-07T19:45:37.155+0000] {subprocess.py:106} INFO - 25/12/07 19:45:37 INFO BlockManagerInfo: Added rdd_20_18 in memory on 172.18.0.8:38673 (size: 46.0 B, free: 434.2 MiB)
[2025-12-07T19:45:37.181+0000] {subprocess.py:106} INFO - 25/12/07 19:45:37 INFO BlockManagerInfo: Added rdd_20_17 in memory on 172.18.0.8:38673 (size: 46.0 B, free: 434.2 MiB)
[2025-12-07T19:45:37.183+0000] {subprocess.py:106} INFO - 25/12/07 19:45:37 INFO BlockManagerInfo: Added rdd_20_19 in memory on 172.18.0.8:38673 (size: 46.0 B, free: 434.2 MiB)
[2025-12-07T19:45:37.184+0000] {subprocess.py:106} INFO - 25/12/07 19:45:37 INFO BlockManagerInfo: Added rdd_20_27 in memory on 172.18.0.8:38673 (size: 46.0 B, free: 434.2 MiB)
[2025-12-07T19:45:37.232+0000] {subprocess.py:106} INFO - 25/12/07 19:45:37 INFO BlockManagerInfo: Added rdd_20_20 in memory on 172.18.0.8:38673 (size: 46.0 B, free: 434.2 MiB)
[2025-12-07T19:45:37.236+0000] {subprocess.py:106} INFO - 25/12/07 19:45:37 INFO BlockManagerInfo: Added rdd_20_25 in memory on 172.18.0.8:38673 (size: 46.0 B, free: 434.2 MiB)
[2025-12-07T19:45:37.243+0000] {subprocess.py:106} INFO - 25/12/07 19:45:37 INFO BlockManagerInfo: Added rdd_20_16 in memory on 172.18.0.8:38673 (size: 46.0 B, free: 434.2 MiB)
[2025-12-07T19:45:37.248+0000] {subprocess.py:106} INFO - 25/12/07 19:45:37 INFO BlockManagerInfo: Added rdd_20_21 in memory on 172.18.0.8:38673 (size: 46.0 B, free: 434.2 MiB)
[2025-12-07T19:45:37.249+0000] {subprocess.py:106} INFO - 25/12/07 19:45:37 INFO BlockManagerInfo: Added rdd_20_23 in memory on 172.18.0.8:38673 (size: 46.0 B, free: 434.2 MiB)
[2025-12-07T19:45:37.250+0000] {subprocess.py:106} INFO - 25/12/07 19:45:37 INFO BlockManagerInfo: Added rdd_20_26 in memory on 172.18.0.8:38673 (size: 46.0 B, free: 434.2 MiB)
[2025-12-07T19:45:37.252+0000] {subprocess.py:106} INFO - 25/12/07 19:45:37 INFO BlockManagerInfo: Added rdd_20_29 in memory on 172.18.0.8:38673 (size: 46.0 B, free: 434.2 MiB)
[2025-12-07T19:45:37.255+0000] {subprocess.py:106} INFO - 25/12/07 19:45:37 INFO BlockManagerInfo: Added rdd_20_14 in memory on 172.18.0.8:38673 (size: 46.0 B, free: 434.2 MiB)
[2025-12-07T19:45:37.259+0000] {subprocess.py:106} INFO - 25/12/07 19:45:37 INFO BlockManagerInfo: Added rdd_20_28 in memory on 172.18.0.8:38673 (size: 46.0 B, free: 434.2 MiB)
[2025-12-07T19:45:37.285+0000] {subprocess.py:106} INFO - 25/12/07 19:45:37 INFO TaskSetManager: Starting task 30.0 in stage 4.0 (TID 35) (172.18.0.8, executor 0, partition 30, PROCESS_LOCAL, 7356 bytes)
[2025-12-07T19:45:37.290+0000] {subprocess.py:106} INFO - 25/12/07 19:45:37 INFO TaskSetManager: Finished task 24.0 in stage 4.0 (TID 29) in 518 ms on 172.18.0.8 (executor 0) (17/50)
[2025-12-07T19:45:37.308+0000] {subprocess.py:106} INFO - 25/12/07 19:45:37 INFO TaskSetManager: Starting task 31.0 in stage 4.0 (TID 36) (172.18.0.8, executor 0, partition 31, PROCESS_LOCAL, 7356 bytes)
[2025-12-07T19:45:37.315+0000] {subprocess.py:106} INFO - 25/12/07 19:45:37 INFO TaskSetManager: Finished task 15.0 in stage 4.0 (TID 20) in 579 ms on 172.18.0.8 (executor 0) (18/50)
[2025-12-07T19:45:37.323+0000] {subprocess.py:106} INFO - 25/12/07 19:45:37 INFO TaskSetManager: Starting task 32.0 in stage 4.0 (TID 37) (172.18.0.8, executor 0, partition 32, PROCESS_LOCAL, 7356 bytes)
[2025-12-07T19:45:37.335+0000] {subprocess.py:106} INFO - 25/12/07 19:45:37 INFO TaskSetManager: Finished task 17.0 in stage 4.0 (TID 22) in 593 ms on 172.18.0.8 (executor 0) (19/50)
[2025-12-07T19:45:37.347+0000] {subprocess.py:106} INFO - 25/12/07 19:45:37 INFO TaskSetManager: Starting task 33.0 in stage 4.0 (TID 38) (172.18.0.8, executor 0, partition 33, PROCESS_LOCAL, 7356 bytes)
[2025-12-07T19:45:37.352+0000] {subprocess.py:106} INFO - 25/12/07 19:45:37 INFO TaskSetManager: Finished task 19.0 in stage 4.0 (TID 24) in 606 ms on 172.18.0.8 (executor 0) (20/50)
[2025-12-07T19:45:37.372+0000] {subprocess.py:106} INFO - 25/12/07 19:45:37 INFO TaskSetManager: Starting task 34.0 in stage 4.0 (TID 39) (172.18.0.8, executor 0, partition 34, PROCESS_LOCAL, 7356 bytes)
[2025-12-07T19:45:37.379+0000] {subprocess.py:106} INFO - 25/12/07 19:45:37 INFO TaskSetManager: Finished task 22.0 in stage 4.0 (TID 27) in 621 ms on 172.18.0.8 (executor 0) (21/50)
[2025-12-07T19:45:37.401+0000] {subprocess.py:106} INFO - 25/12/07 19:45:37 INFO TaskSetManager: Starting task 35.0 in stage 4.0 (TID 40) (172.18.0.8, executor 0, partition 35, PROCESS_LOCAL, 7356 bytes)
[2025-12-07T19:45:37.409+0000] {subprocess.py:106} INFO - 25/12/07 19:45:37 INFO TaskSetManager: Starting task 36.0 in stage 4.0 (TID 41) (172.18.0.8, executor 0, partition 36, PROCESS_LOCAL, 7356 bytes)
[2025-12-07T19:45:37.414+0000] {subprocess.py:106} INFO - 25/12/07 19:45:37 INFO TaskSetManager: Starting task 37.0 in stage 4.0 (TID 42) (172.18.0.8, executor 0, partition 37, PROCESS_LOCAL, 7356 bytes)
[2025-12-07T19:45:37.415+0000] {subprocess.py:106} INFO - 25/12/07 19:45:37 INFO TaskSetManager: Finished task 18.0 in stage 4.0 (TID 23) in 668 ms on 172.18.0.8 (executor 0) (22/50)
[2025-12-07T19:45:37.418+0000] {subprocess.py:106} INFO - 25/12/07 19:45:37 INFO TaskSetManager: Finished task 25.0 in stage 4.0 (TID 30) in 636 ms on 172.18.0.8 (executor 0) (23/50)
[2025-12-07T19:45:37.419+0000] {subprocess.py:106} INFO - 25/12/07 19:45:37 INFO TaskSetManager: Finished task 21.0 in stage 4.0 (TID 26) in 662 ms on 172.18.0.8 (executor 0) (24/50)
[2025-12-07T19:45:37.420+0000] {subprocess.py:106} INFO - 25/12/07 19:45:37 INFO TaskSetManager: Starting task 38.0 in stage 4.0 (TID 43) (172.18.0.8, executor 0, partition 38, PROCESS_LOCAL, 7356 bytes)
[2025-12-07T19:45:37.421+0000] {subprocess.py:106} INFO - 25/12/07 19:45:37 INFO TaskSetManager: Finished task 26.0 in stage 4.0 (TID 31) in 632 ms on 172.18.0.8 (executor 0) (25/50)
[2025-12-07T19:45:37.441+0000] {subprocess.py:106} INFO - 25/12/07 19:45:37 INFO TaskSetManager: Starting task 39.0 in stage 4.0 (TID 44) (172.18.0.8, executor 0, partition 39, PROCESS_LOCAL, 7356 bytes)
[2025-12-07T19:45:37.448+0000] {subprocess.py:106} INFO - 25/12/07 19:45:37 INFO TaskSetManager: Starting task 40.0 in stage 4.0 (TID 45) (172.18.0.8, executor 0, partition 40, PROCESS_LOCAL, 7356 bytes)
[2025-12-07T19:45:37.451+0000] {subprocess.py:106} INFO - 25/12/07 19:45:37 INFO TaskSetManager: Finished task 14.0 in stage 4.0 (TID 19) in 725 ms on 172.18.0.8 (executor 0) (26/50)
[2025-12-07T19:45:37.453+0000] {subprocess.py:106} INFO - 25/12/07 19:45:37 INFO TaskSetManager: Finished task 20.0 in stage 4.0 (TID 25) in 702 ms on 172.18.0.8 (executor 0) (27/50)
[2025-12-07T19:45:37.467+0000] {subprocess.py:106} INFO - 25/12/07 19:45:37 INFO TaskSetManager: Starting task 41.0 in stage 4.0 (TID 46) (172.18.0.8, executor 0, partition 41, PROCESS_LOCAL, 7356 bytes)
[2025-12-07T19:45:37.471+0000] {subprocess.py:106} INFO - 25/12/07 19:45:37 INFO TaskSetManager: Starting task 43.0 in stage 4.0 (TID 47) (172.18.0.8, executor 0, partition 43, PROCESS_LOCAL, 7356 bytes)
[2025-12-07T19:45:37.479+0000] {subprocess.py:106} INFO - 25/12/07 19:45:37 INFO TaskSetManager: Starting task 44.0 in stage 4.0 (TID 48) (172.18.0.8, executor 0, partition 44, PROCESS_LOCAL, 7356 bytes)
[2025-12-07T19:45:37.484+0000] {subprocess.py:106} INFO - 25/12/07 19:45:37 INFO TaskSetManager: Finished task 28.0 in stage 4.0 (TID 33) in 667 ms on 172.18.0.8 (executor 0) (28/50)
[2025-12-07T19:45:37.489+0000] {subprocess.py:106} INFO - 25/12/07 19:45:37 INFO TaskSetManager: Finished task 16.0 in stage 4.0 (TID 21) in 747 ms on 172.18.0.8 (executor 0) (29/50)
[2025-12-07T19:45:37.490+0000] {subprocess.py:106} INFO - 25/12/07 19:45:37 INFO TaskSetManager: Finished task 27.0 in stage 4.0 (TID 32) in 691 ms on 172.18.0.8 (executor 0) (30/50)
[2025-12-07T19:45:37.492+0000] {subprocess.py:106} INFO - 25/12/07 19:45:37 INFO TaskSetManager: Starting task 45.0 in stage 4.0 (TID 49) (172.18.0.8, executor 0, partition 45, PROCESS_LOCAL, 7356 bytes)
[2025-12-07T19:45:37.497+0000] {subprocess.py:106} INFO - 25/12/07 19:45:37 INFO TaskSetManager: Finished task 23.0 in stage 4.0 (TID 28) in 730 ms on 172.18.0.8 (executor 0) (31/50)
[2025-12-07T19:45:37.516+0000] {subprocess.py:106} INFO - 25/12/07 19:45:37 INFO TaskSetManager: Starting task 46.0 in stage 4.0 (TID 50) (172.18.0.8, executor 0, partition 46, PROCESS_LOCAL, 7356 bytes)
[2025-12-07T19:45:37.519+0000] {subprocess.py:106} INFO - 25/12/07 19:45:37 INFO TaskSetManager: Finished task 29.0 in stage 4.0 (TID 34) in 703 ms on 172.18.0.8 (executor 0) (32/50)
[2025-12-07T19:45:37.647+0000] {subprocess.py:106} INFO - 25/12/07 19:45:37 INFO BlockManagerInfo: Added rdd_20_30 in memory on 172.18.0.8:38673 (size: 46.0 B, free: 434.2 MiB)
[2025-12-07T19:45:37.679+0000] {subprocess.py:106} INFO - 25/12/07 19:45:37 INFO BlockManagerInfo: Added rdd_20_35 in memory on 172.18.0.8:38673 (size: 46.0 B, free: 434.2 MiB)
[2025-12-07T19:45:37.725+0000] {subprocess.py:106} INFO - 25/12/07 19:45:37 INFO BlockManagerInfo: Added rdd_20_31 in memory on 172.18.0.8:38673 (size: 46.0 B, free: 434.2 MiB)
[2025-12-07T19:45:37.727+0000] {subprocess.py:106} INFO - 25/12/07 19:45:37 INFO BlockManagerInfo: Added rdd_20_40 in memory on 172.18.0.8:38673 (size: 46.0 B, free: 434.2 MiB)
[2025-12-07T19:45:37.783+0000] {subprocess.py:106} INFO - 25/12/07 19:45:37 INFO BlockManagerInfo: Added rdd_20_34 in memory on 172.18.0.8:38673 (size: 46.0 B, free: 434.2 MiB)
[2025-12-07T19:45:37.824+0000] {subprocess.py:106} INFO - 25/12/07 19:45:37 INFO BlockManagerInfo: Added rdd_20_32 in memory on 172.18.0.8:38673 (size: 46.0 B, free: 434.2 MiB)
[2025-12-07T19:45:37.840+0000] {subprocess.py:106} INFO - 25/12/07 19:45:37 INFO BlockManagerInfo: Added rdd_20_39 in memory on 172.18.0.8:38673 (size: 46.0 B, free: 434.2 MiB)
[2025-12-07T19:45:37.856+0000] {subprocess.py:106} INFO - 25/12/07 19:45:37 INFO TaskSetManager: Starting task 48.0 in stage 4.0 (TID 51) (172.18.0.8, executor 0, partition 48, PROCESS_LOCAL, 7356 bytes)
[2025-12-07T19:45:37.875+0000] {subprocess.py:106} INFO - 25/12/07 19:45:37 INFO TaskSetManager: Finished task 35.0 in stage 4.0 (TID 40) in 458 ms on 172.18.0.8 (executor 0) (33/50)
[2025-12-07T19:45:37.877+0000] {subprocess.py:106} INFO - 25/12/07 19:45:37 INFO BlockManagerInfo: Added rdd_20_33 in memory on 172.18.0.8:38673 (size: 46.0 B, free: 434.2 MiB)
[2025-12-07T19:45:37.881+0000] {subprocess.py:106} INFO - 25/12/07 19:45:37 INFO BlockManagerInfo: Added rdd_20_41 in memory on 172.18.0.8:38673 (size: 46.0 B, free: 434.2 MiB)
[2025-12-07T19:45:37.927+0000] {subprocess.py:106} INFO - 25/12/07 19:45:37 INFO TaskSetManager: Finished task 40.0 in stage 4.0 (TID 45) in 482 ms on 172.18.0.8 (executor 0) (34/50)
[2025-12-07T19:45:37.930+0000] {subprocess.py:106} INFO - 25/12/07 19:45:37 INFO TaskSetManager: Starting task 49.0 in stage 4.0 (TID 52) (172.18.0.8, executor 0, partition 49, PROCESS_LOCAL, 7356 bytes)
[2025-12-07T19:45:37.953+0000] {subprocess.py:106} INFO - 25/12/07 19:45:37 INFO BlockManagerInfo: Added rdd_20_46 in memory on 172.18.0.8:38673 (size: 46.0 B, free: 434.2 MiB)
[2025-12-07T19:45:37.956+0000] {subprocess.py:106} INFO - 25/12/07 19:45:37 INFO BlockManagerInfo: Added rdd_20_45 in memory on 172.18.0.8:38673 (size: 46.0 B, free: 434.2 MiB)
[2025-12-07T19:45:37.958+0000] {subprocess.py:106} INFO - 25/12/07 19:45:37 INFO BlockManagerInfo: Added rdd_20_36 in memory on 172.18.0.8:38673 (size: 46.0 B, free: 434.2 MiB)
[2025-12-07T19:45:37.963+0000] {subprocess.py:106} INFO - 25/12/07 19:45:37 INFO TaskSetManager: Finished task 31.0 in stage 4.0 (TID 36) in 649 ms on 172.18.0.8 (executor 0) (35/50)
[2025-12-07T19:45:37.965+0000] {subprocess.py:106} INFO - 25/12/07 19:45:37 INFO TaskSetManager: Finished task 34.0 in stage 4.0 (TID 39) in 591 ms on 172.18.0.8 (executor 0) (36/50)
[2025-12-07T19:45:37.991+0000] {subprocess.py:106} INFO - 25/12/07 19:45:37 INFO TaskSetManager: Finished task 39.0 in stage 4.0 (TID 44) in 544 ms on 172.18.0.8 (executor 0) (37/50)
[2025-12-07T19:45:38.006+0000] {subprocess.py:106} INFO - 25/12/07 19:45:37 INFO BlockManagerInfo: Added rdd_20_37 in memory on 172.18.0.8:38673 (size: 46.0 B, free: 434.2 MiB)
[2025-12-07T19:45:38.012+0000] {subprocess.py:106} INFO - 25/12/07 19:45:38 INFO TaskSetManager: Finished task 32.0 in stage 4.0 (TID 37) in 685 ms on 172.18.0.8 (executor 0) (38/50)
[2025-12-07T19:45:38.040+0000] {subprocess.py:106} INFO - 25/12/07 19:45:38 INFO BlockManagerInfo: Added rdd_20_38 in memory on 172.18.0.8:38673 (size: 46.0 B, free: 434.2 MiB)
[2025-12-07T19:45:38.045+0000] {subprocess.py:106} INFO - 25/12/07 19:45:38 INFO TaskSetManager: Finished task 41.0 in stage 4.0 (TID 46) in 572 ms on 172.18.0.8 (executor 0) (39/50)
[2025-12-07T19:45:38.046+0000] {subprocess.py:106} INFO - 25/12/07 19:45:38 INFO BlockManagerInfo: Added rdd_20_43 in memory on 172.18.0.8:38673 (size: 46.0 B, free: 434.2 MiB)
[2025-12-07T19:45:38.047+0000] {subprocess.py:106} INFO - 25/12/07 19:45:38 INFO TaskSetManager: Finished task 33.0 in stage 4.0 (TID 38) in 698 ms on 172.18.0.8 (executor 0) (40/50)
[2025-12-07T19:45:38.049+0000] {subprocess.py:106} INFO - 25/12/07 19:45:38 INFO TaskSetManager: Finished task 30.0 in stage 4.0 (TID 35) in 762 ms on 172.18.0.8 (executor 0) (41/50)
[2025-12-07T19:45:38.057+0000] {subprocess.py:106} INFO - 25/12/07 19:45:38 INFO BlockManagerInfo: Added rdd_20_44 in memory on 172.18.0.8:38673 (size: 46.0 B, free: 434.2 MiB)
[2025-12-07T19:45:38.068+0000] {subprocess.py:106} INFO - 25/12/07 19:45:38 INFO TaskSetManager: Finished task 46.0 in stage 4.0 (TID 50) in 544 ms on 172.18.0.8 (executor 0) (42/50)
[2025-12-07T19:45:38.069+0000] {subprocess.py:106} INFO - 25/12/07 19:45:38 INFO TaskSetManager: Finished task 36.0 in stage 4.0 (TID 41) in 667 ms on 172.18.0.8 (executor 0) (43/50)
[2025-12-07T19:45:38.077+0000] {subprocess.py:106} INFO - 25/12/07 19:45:38 INFO BlockManagerInfo: Added rdd_20_48 in memory on 172.18.0.8:38673 (size: 46.0 B, free: 434.2 MiB)
[2025-12-07T19:45:38.084+0000] {subprocess.py:106} INFO - 25/12/07 19:45:38 INFO TaskSetManager: Finished task 45.0 in stage 4.0 (TID 49) in 594 ms on 172.18.0.8 (executor 0) (44/50)
[2025-12-07T19:45:38.106+0000] {subprocess.py:106} INFO - 25/12/07 19:45:38 INFO TaskSetManager: Finished task 37.0 in stage 4.0 (TID 42) in 702 ms on 172.18.0.8 (executor 0) (45/50)
[2025-12-07T19:45:38.114+0000] {subprocess.py:106} INFO - 25/12/07 19:45:38 INFO TaskSetManager: Finished task 38.0 in stage 4.0 (TID 43) in 702 ms on 172.18.0.8 (executor 0) (46/50)
[2025-12-07T19:45:38.127+0000] {subprocess.py:106} INFO - 25/12/07 19:45:38 INFO TaskSetManager: Finished task 43.0 in stage 4.0 (TID 47) in 658 ms on 172.18.0.8 (executor 0) (47/50)
[2025-12-07T19:45:38.135+0000] {subprocess.py:106} INFO - 25/12/07 19:45:38 INFO BlockManagerInfo: Added rdd_20_49 in memory on 172.18.0.8:38673 (size: 46.0 B, free: 434.2 MiB)
[2025-12-07T19:45:38.141+0000] {subprocess.py:106} INFO - 25/12/07 19:45:38 INFO TaskSetManager: Finished task 44.0 in stage 4.0 (TID 48) in 666 ms on 172.18.0.8 (executor 0) (48/50)
[2025-12-07T19:45:38.160+0000] {subprocess.py:106} INFO - 25/12/07 19:45:38 INFO TaskSetManager: Finished task 48.0 in stage 4.0 (TID 51) in 311 ms on 172.18.0.8 (executor 0) (49/50)
[2025-12-07T19:45:38.196+0000] {subprocess.py:106} INFO - 25/12/07 19:45:38 INFO TaskSetManager: Finished task 49.0 in stage 4.0 (TID 52) in 268 ms on 172.18.0.8 (executor 0) (50/50)
[2025-12-07T19:45:38.198+0000] {subprocess.py:106} INFO - 25/12/07 19:45:38 INFO TaskSchedulerImpl: Removed TaskSet 4.0, whose tasks have all completed, from pool
[2025-12-07T19:45:38.200+0000] {subprocess.py:106} INFO - 25/12/07 19:45:38 INFO DAGScheduler: ShuffleMapStage 4 ($anonfun$recordDeltaOperationInternal$1 at DatabricksLogging.scala:128) finished in 4.090 s
[2025-12-07T19:45:38.201+0000] {subprocess.py:106} INFO - 25/12/07 19:45:38 INFO DAGScheduler: looking for newly runnable stages
[2025-12-07T19:45:38.204+0000] {subprocess.py:106} INFO - 25/12/07 19:45:38 INFO DAGScheduler: running: Set()
[2025-12-07T19:45:38.205+0000] {subprocess.py:106} INFO - 25/12/07 19:45:38 INFO DAGScheduler: waiting: Set()
[2025-12-07T19:45:38.206+0000] {subprocess.py:106} INFO - 25/12/07 19:45:38 INFO DAGScheduler: failed: Set()
[2025-12-07T19:45:38.296+0000] {subprocess.py:106} INFO - 25/12/07 19:45:38 INFO SparkContext: Starting job: $anonfun$recordDeltaOperationInternal$1 at DatabricksLogging.scala:128
[2025-12-07T19:45:38.300+0000] {subprocess.py:106} INFO - 25/12/07 19:45:38 INFO DAGScheduler: Got job 5 ($anonfun$recordDeltaOperationInternal$1 at DatabricksLogging.scala:128) with 1 output partitions
[2025-12-07T19:45:38.302+0000] {subprocess.py:106} INFO - 25/12/07 19:45:38 INFO DAGScheduler: Final stage: ResultStage 7 ($anonfun$recordDeltaOperationInternal$1 at DatabricksLogging.scala:128)
[2025-12-07T19:45:38.306+0000] {subprocess.py:106} INFO - 25/12/07 19:45:38 INFO DAGScheduler: Parents of final stage: List(ShuffleMapStage 6)
[2025-12-07T19:45:38.307+0000] {subprocess.py:106} INFO - 25/12/07 19:45:38 INFO DAGScheduler: Missing parents: List()
[2025-12-07T19:45:38.308+0000] {subprocess.py:106} INFO - 25/12/07 19:45:38 INFO DAGScheduler: Submitting ResultStage 7 (MapPartitionsRDD[26] at $anonfun$recordDeltaOperationInternal$1 at DatabricksLogging.scala:128), which has no missing parents
[2025-12-07T19:45:38.317+0000] {subprocess.py:106} INFO - 25/12/07 19:45:38 INFO MemoryStore: Block broadcast_7 stored as values in memory (estimated size 452.3 KiB, free 432.8 MiB)
[2025-12-07T19:45:38.326+0000] {subprocess.py:106} INFO - 25/12/07 19:45:38 INFO MemoryStore: Block broadcast_7_piece0 stored as bytes in memory (estimated size 108.1 KiB, free 432.7 MiB)
[2025-12-07T19:45:38.328+0000] {subprocess.py:106} INFO - 25/12/07 19:45:38 INFO BlockManagerInfo: Added broadcast_7_piece0 in memory on 13f196131dae:43347 (size: 108.1 KiB, free: 434.1 MiB)
[2025-12-07T19:45:38.329+0000] {subprocess.py:106} INFO - 25/12/07 19:45:38 INFO SparkContext: Created broadcast 7 from broadcast at DAGScheduler.scala:1535
[2025-12-07T19:45:38.331+0000] {subprocess.py:106} INFO - 25/12/07 19:45:38 INFO DAGScheduler: Submitting 1 missing tasks from ResultStage 7 (MapPartitionsRDD[26] at $anonfun$recordDeltaOperationInternal$1 at DatabricksLogging.scala:128) (first 15 tasks are for partitions Vector(0))
[2025-12-07T19:45:38.332+0000] {subprocess.py:106} INFO - 25/12/07 19:45:38 INFO TaskSchedulerImpl: Adding task set 7.0 with 1 tasks resource profile 0
[2025-12-07T19:45:38.336+0000] {subprocess.py:106} INFO - 25/12/07 19:45:38 INFO TaskSetManager: Starting task 0.0 in stage 7.0 (TID 53) (172.18.0.8, executor 0, partition 0, NODE_LOCAL, 7367 bytes)
[2025-12-07T19:45:38.362+0000] {subprocess.py:106} INFO - 25/12/07 19:45:38 INFO BlockManagerInfo: Added broadcast_7_piece0 in memory on 172.18.0.8:38673 (size: 108.1 KiB, free: 434.1 MiB)
[2025-12-07T19:45:38.389+0000] {subprocess.py:106} INFO - 25/12/07 19:45:38 INFO MapOutputTrackerMasterEndpoint: Asked to send map output locations for shuffle 1 to 172.18.0.8:33122
[2025-12-07T19:45:38.510+0000] {subprocess.py:106} INFO - 25/12/07 19:45:38 INFO TaskSetManager: Finished task 0.0 in stage 7.0 (TID 53) in 175 ms on 172.18.0.8 (executor 0) (1/1)
[2025-12-07T19:45:38.512+0000] {subprocess.py:106} INFO - 25/12/07 19:45:38 INFO TaskSchedulerImpl: Removed TaskSet 7.0, whose tasks have all completed, from pool
[2025-12-07T19:45:38.513+0000] {subprocess.py:106} INFO - 25/12/07 19:45:38 INFO DAGScheduler: ResultStage 7 ($anonfun$recordDeltaOperationInternal$1 at DatabricksLogging.scala:128) finished in 0.207 s
[2025-12-07T19:45:38.514+0000] {subprocess.py:106} INFO - 25/12/07 19:45:38 INFO DAGScheduler: Job 5 is finished. Cancelling potential speculative or zombie tasks for this job
[2025-12-07T19:45:38.515+0000] {subprocess.py:106} INFO - 25/12/07 19:45:38 INFO TaskSchedulerImpl: Killing all running tasks in stage 7: Stage finished
[2025-12-07T19:45:38.516+0000] {subprocess.py:106} INFO - 25/12/07 19:45:38 INFO DAGScheduler: Job 5 finished: $anonfun$recordDeltaOperationInternal$1 at DatabricksLogging.scala:128, took 0.218029 s
[2025-12-07T19:45:38.548+0000] {subprocess.py:106} INFO - 25/12/07 19:45:38 INFO BlockManagerInfo: Removed broadcast_7_piece0 on 13f196131dae:43347 in memory (size: 108.1 KiB, free: 434.2 MiB)
[2025-12-07T19:45:38.553+0000] {subprocess.py:106} INFO - 25/12/07 19:45:38 INFO BlockManagerInfo: Removed broadcast_7_piece0 on 172.18.0.8:38673 in memory (size: 108.1 KiB, free: 434.2 MiB)
[2025-12-07T19:45:38.566+0000] {subprocess.py:106} INFO - 25/12/07 19:45:38 INFO BlockManagerInfo: Removed broadcast_6_piece0 on 13f196131dae:43347 in memory (size: 123.3 KiB, free: 434.3 MiB)
[2025-12-07T19:45:38.569+0000] {subprocess.py:106} INFO - 25/12/07 19:45:38 INFO BlockManagerInfo: Removed broadcast_6_piece0 on 172.18.0.8:38673 in memory (size: 123.3 KiB, free: 434.4 MiB)
[2025-12-07T19:45:38.641+0000] {subprocess.py:106} INFO - 25/12/07 19:45:38 INFO CodeGenerator: Code generated in 74.753677 ms
[2025-12-07T19:45:38.648+0000] {subprocess.py:106} INFO - 25/12/07 19:45:38 INFO Snapshot: [tableId=cd7dccb5-13b4-417c-a0c5-3ce4d60335d3] DELTA: Done
[2025-12-07T19:45:38.685+0000] {subprocess.py:106} INFO - 25/12/07 19:45:38 INFO OptimisticTransaction: [tableId=8c9a5ea8,txnId=88ed7ca8] Committed delta #0 to s3a://gold/dim_date/_delta_log
[2025-12-07T19:45:38.698+0000] {subprocess.py:106} INFO - --> [SUCCESS] Written dim_date to s3a://gold/dim_date
[2025-12-07T19:45:38.700+0000] {subprocess.py:106} INFO - 25/12/07 19:45:38 INFO SparkContext: SparkContext is stopping with exitCode 0.
[2025-12-07T19:45:38.724+0000] {subprocess.py:106} INFO - 25/12/07 19:45:38 INFO SparkUI: Stopped Spark web UI at http://13f196131dae:4040
[2025-12-07T19:45:38.734+0000] {subprocess.py:106} INFO - 25/12/07 19:45:38 INFO StandaloneSchedulerBackend: Shutting down all executors
[2025-12-07T19:45:38.735+0000] {subprocess.py:106} INFO - 25/12/07 19:45:38 INFO StandaloneSchedulerBackend$StandaloneDriverEndpoint: Asking each executor to shut down
[2025-12-07T19:45:38.769+0000] {subprocess.py:106} INFO - 25/12/07 19:45:38 INFO MapOutputTrackerMasterEndpoint: MapOutputTrackerMasterEndpoint stopped!
[2025-12-07T19:45:38.800+0000] {subprocess.py:106} INFO - 25/12/07 19:45:38 INFO MemoryStore: MemoryStore cleared
[2025-12-07T19:45:38.802+0000] {subprocess.py:106} INFO - 25/12/07 19:45:38 INFO BlockManager: BlockManager stopped
[2025-12-07T19:45:38.807+0000] {subprocess.py:106} INFO - 25/12/07 19:45:38 INFO BlockManagerMaster: BlockManagerMaster stopped
[2025-12-07T19:45:38.814+0000] {subprocess.py:106} INFO - 25/12/07 19:45:38 INFO OutputCommitCoordinator$OutputCommitCoordinatorEndpoint: OutputCommitCoordinator stopped!
[2025-12-07T19:45:38.949+0000] {subprocess.py:106} INFO - 25/12/07 19:45:38 INFO SparkContext: Successfully stopped SparkContext
[2025-12-07T19:45:39.454+0000] {subprocess.py:106} INFO - 25/12/07 19:45:39 INFO ShutdownHookManager: Shutdown hook called
[2025-12-07T19:45:39.457+0000] {subprocess.py:106} INFO - 25/12/07 19:45:39 INFO ShutdownHookManager: Deleting directory /tmp/spark-d3ecc31c-69c3-44c4-b59d-30813bb8ad4e
[2025-12-07T19:45:39.464+0000] {subprocess.py:106} INFO - 25/12/07 19:45:39 INFO ShutdownHookManager: Deleting directory /tmp/spark-764607a7-1fd3-4475-882e-1a65a0ea3da0
[2025-12-07T19:45:39.472+0000] {subprocess.py:106} INFO - 25/12/07 19:45:39 INFO ShutdownHookManager: Deleting directory /tmp/spark-d3ecc31c-69c3-44c4-b59d-30813bb8ad4e/pyspark-1e9c1132-f5ed-415e-8c86-b9a1c562c83a
[2025-12-07T19:45:39.490+0000] {subprocess.py:106} INFO - 25/12/07 19:45:39 INFO MetricsSystemImpl: Stopping s3a-file-system metrics system...
[2025-12-07T19:45:39.492+0000] {subprocess.py:106} INFO - 25/12/07 19:45:39 INFO MetricsSystemImpl: s3a-file-system metrics system stopped.
[2025-12-07T19:45:39.492+0000] {subprocess.py:106} INFO - 25/12/07 19:45:39 INFO MetricsSystemImpl: s3a-file-system metrics system shutdown complete.
[2025-12-07T19:45:39.742+0000] {subprocess.py:110} INFO - Command exited with return code 0
[2025-12-07T19:45:39.824+0000] {taskinstance.py:349} INFO - ::group::Post task execution logs
[2025-12-07T19:45:39.826+0000] {taskinstance.py:361} INFO - Marking task as SUCCESS. dag_id=ETL_process, task_id=Silver_to_Gold_Date_Dimension, run_id=manual__2025-12-07T19:32:58.243257+00:00, execution_date=20251207T193258, start_date=20251207T194507, end_date=20251207T194539
[2025-12-07T19:45:39.933+0000] {local_task_job_runner.py:266} INFO - Task exited with return code 0
[2025-12-07T19:45:39.977+0000] {taskinstance.py:3924} INFO - 1 downstream tasks scheduled from follow-on schedule check
[2025-12-07T19:45:39.980+0000] {local_task_job_runner.py:245} INFO - ::endgroup::
